27.34.20.11 - - [17/May/2023:08:08:41 +0545] "GET /api/v1/user-rp?from=2023-05-01&to=2023-05-17 HTTP/1.1" 200 14509 "-" "Dart/2.16 (dart:io)"
27.34.20.11 - - [17/May/2023:08:08:41 +0545] "GET /api/v1/leave-calender? HTTP/1.1" 200 5322 "-" "Dart/2.16 (dart:io)"
27.34.20.11 - - [17/May/2023:08:08:42 +0545] "GET /api/v1/leave-calender? HTTP/1.1" 200 5322 "-" "Dart/2.16 (dart:io)"
27.34.20.11 - - [17/May/2023:08:08:43 +0545] "GET /api/v1/user-leave-list?date=2023-05-17 HTTP/1.1" 200 7335 "-" "Dart/2.16 (dart:io)"
27.34.20.11 - - [17/May/2023:08:08:43 +0545] "GET /api/v1/projects?page=1&status=In+Progress HTTP/1.1" 200 14193 "-" "Dart/2.16 (dart:io)"
27.34.20.11 - - [17/May/2023:08:08:44 +0545] "GET /uploads/Oa_users/AnupChandrahangRai626b9ea359a21_profile.jpg HTTP/1.1" 200 40814 "-" "Dart/2.16 (dart:io)"
27.34.20.11 - - [17/May/2023:08:08:44 +0545] "GET /uploads/Oa_users/AjeetShakya59b8aeef2c4d9_profile.JPG HTTP/1.1" 200 90728 "-" "Dart/2.16 (dart:io)"
27.34.20.11 - - [17/May/2023:08:08:44 +0545] "GET /uploads/Oa_users/JeevanPaudel621333f161d38_profile.jpg HTTP/1.1" 200 39626 "-" "Dart/2.16 (dart:io)"
27.34.20.11 - - [17/May/2023:08:08:44 +0545] "GET /uploads/Oa_users/RabinBalayar62d502fa76e0c_profile.jpg HTTP/1.1" 200 44462 "-" "Dart/2.16 (dart:io)"
27.34.20.11 - - [17/May/2023:08:08:44 +0545] "GET /uploads/Oa_users/NimeshMaharjan6385fd0005892_profile.jpg HTTP/1.1" 200 45193 "-" "Dart/2.16 (dart:io)"
27.34.20.11 - - [17/May/2023:08:08:44 +0545] "GET /uploads/Oa_users/PragatiShrestha626697317b47b_profile.jpg HTTP/1.1" 200 29454 "-" "Dart/2.16 (dart:io)"
27.34.20.11 - - [17/May/2023:08:08:44 +0545] "GET /uploads/Oa_users/BijendraManandhar61c143ead1f94_profile.jpeg HTTP/1.1" 200 30214 "-" "Dart/2.16 (dart:io)"
27.34.20.11 - - [17/May/2023:08:08:44 +0545] "GET /uploads/Oa_users/MinaPrajapati626b9bddaea38_profile.jpg HTTP/1.1" 200 40789 "-" "Dart/2.16 (dart:io)"
27.34.20.11 - - [17/May/2023:08:08:44 +0545] "GET /uploads/Oa_users/SandeepDangol6322b7c3e435f_profile.jpeg HTTP/1.1" 200 39922 "-" "Dart/2.16 (dart:io)"
27.34.20.11 - - [17/May/2023:08:08:45 +0545] "GET /uploads/Oa_users/ShubhashoriDuwal609b38fe8c12b_profile.jpg HTTP/1.1" 200 42139 "-" "Dart/2.16 (dart:io)"
27.34.20.11 - - [17/May/2023:08:08:45 +0545] "GET /uploads/Oa_users/SujanGhorasaine60d01fc486ffe_profile.jpg HTTP/1.1" 200 40288 "-" "Dart/2.16 (dart:io)"
188.166.249.235 - - [17/May/2023:08:09:02 +0545] "GET /api/v1/leave?from_date=2023-05-16&to_date=2023-05-16 HTTP/1.0" 200 5950 "-" "-"
188.166.249.235 - - [17/May/2023:08:09:02 +0545] "GET /api/v1/profiles?apikey=LYlCVppaglroXNP5Hs1VvHBerXQGsTKCco6ioQSRruR4jFSEw2 HTTP/1.1" 200 313344 "-" "GuzzleHttp/6.5.5 curl/7.47.0 PHP/7.2.34-18+ubuntu16.04.1+deb.sury.org+1"
27.34.20.11 - - [17/May/2023:08:09:10 +0545] "GET /api/v1/user-leave-list?date=2023-05-18 HTTP/1.1" 200 6702 "-" "Dart/2.16 (dart:io)"
27.34.20.11 - - [17/May/2023:08:09:11 +0545] "GET /uploads/Oa_users/RishabShrestha5dca84dfe1361_profile.jpg HTTP/1.1" 200 44838 "-" "Dart/2.16 (dart:io)"
27.34.20.11 - - [17/May/2023:08:09:11 +0545] "GET /uploads/Oa_users/RajanKarki62a738ca2ed83_profile.jpg HTTP/1.1" 200 52527 "-" "Dart/2.16 (dart:io)"
27.34.20.11 - - [17/May/2023:08:09:11 +0545] "GET /uploads/Oa_users/RohitLama61c2bac0a20c4_profile.jpg HTTP/1.1" 200 42431 "-" "Dart/2.16 (dart:io)"
128.199.116.13 - - [17/May/2023:08:09:16 +0545] "GET /api/v1/profiles?apikey=LYlCVppaglroXNP5Hs1VvHBerXQGsTKCco6ioQSRruR4jFSEw2 HTTP/1.0" 200 313571 "-" "-"
27.34.20.11 - - [17/May/2023:08:09:17 +0545] "GET /api/v1/user-leave-list?date=2023-05-19 HTTP/1.1" 200 7120 "-" "Dart/2.16 (dart:io)"
27.34.20.11 - - [17/May/2023:08:09:18 +0545] "GET /uploads/Oa_users/MeruSangroula616d00e08d5d4_profile.JPG HTTP/1.1" 200 28229 "-" "Dart/2.16 (dart:io)"
27.34.20.11 - - [17/May/2023:08:09:18 +0545] "GET /uploads/Oa_users/SameerTwayana59b90ca4dd7c3_profile.jpg HTTP/1.1" 200 39461 "-" "Dart/2.16 (dart:io)"
27.34.20.11 - - [17/May/2023:08:09:18 +0545] "GET /uploads/Oa_users/NirjarMaharjan619b123ab35c8_profile.jpg HTTP/1.1" 200 46644 "-" "Dart/2.16 (dart:io)"
27.34.20.11 - - [17/May/2023:08:09:18 +0545] "GET /uploads/Oa_users/SaminaTuladhar602f7a6cbe6f3_profile.jpg HTTP/1.1" 200 43006 "-" "Dart/2.16 (dart:io)"
188.166.232.203 - - [17/May/2023:08:09:20 +0545] "GET / HTTP/1.1" 200 6790 "-" "Go-http-client/1.1"
27.34.20.11 - - [17/May/2023:08:09:30 +0545] "GET /api/v1/user-leave-list?date=2023-05-21 HTTP/1.1" 200 5266 "-" "Dart/2.16 (dart:io)"
43.245.86.49 - - [17/May/2023:08:09:34 +0545] "GET /api/v1/feed-post?page=1 HTTP/1.1" 200 8324 "-" "Dart/2.16 (dart:io)"
43.245.86.49 - - [17/May/2023:08:09:35 +0545] "GET /api/v1/user-rp?from=2023-05-01&to=2023-05-17 HTTP/1.1" 200 21704 "-" "Dart/2.16 (dart:io)"
43.245.86.49 - - [17/May/2023:08:09:41 +0545] "GET /api/v1/leave-calender? HTTP/1.1" 200 5322 "-" "Dart/2.16 (dart:io)"
43.245.86.49 - - [17/May/2023:08:09:41 +0545] "GET /api/v1/projects?page=1&status=In+Progress HTTP/1.1" 200 5145 "-" "Dart/2.16 (dart:io)"
103.41.172.18 - - [17/May/2023:08:09:53 +0545] "GET /uploads/Oa_users/SunilGamal5ce58bc2681ce_profile.jpg HTTP/1.1" 200 39418 "-" "Dart/2.16 (dart:io)"
103.41.172.18 - - [17/May/2023:08:09:53 +0545] "GET /uploads/Oa_users/Dipeshlama629d7e479ac01_profile.jpg HTTP/1.1" 200 30675 "-" "Dart/2.16 (dart:io)"
103.41.172.18 - - [17/May/2023:08:09:53 +0545] "GET /frontend/img/adminlogo.png HTTP/1.1" 200 10783 "-" "Dart/2.16 (dart:io)"
43.245.86.49 - - [17/May/2023:08:09:43 +0545] "GET /api/v1/user-profile? HTTP/1.1" 200 12738 "-" "Dart/2.16 (dart:io)"
43.245.86.49 - - [17/May/2023:08:09:54 +0545] "GET /api/v1/ek-team? HTTP/1.1" 200 69726 "-" "Dart/2.16 (dart:io)"
43.245.86.49 - - [17/May/2023:08:09:55 +0545] "GET /uploads/Oa_users/AnupMaharjan63f7416551f2f_profile.jpeg HTTP/1.1" 200 45123 "-" "Dart/2.16 (dart:io)"
43.245.86.49 - - [17/May/2023:08:09:55 +0545] "GET /uploads/Oa_users/RiyaShrestha62eb32c9a3f7b_profile.jpg HTTP/1.1" 200 40429 "-" "Dart/2.16 (dart:io)"
43.245.86.49 - - [17/May/2023:08:09:55 +0545] "GET /uploads/Oa_users/KrishaShrestha5cb7d6709a614_profile.jpg HTTP/1.1" 200 43153 "-" "Dart/2.16 (dart:io)"
43.245.86.49 - - [17/May/2023:08:09:55 +0545] "GET /uploads/Oa_users/PragyaSrivastava6033439cd2ee6_profile.jpg HTTP/1.1" 200 38372 "-" "Dart/2.16 (dart:io)"
43.245.86.49 - - [17/May/2023:08:09:55 +0545] "GET /uploads/Oa_users/DavidSilwal5d27163e3f4b7_profile.jpg HTTP/1.1" 200 56812 "-" "Dart/2.16 (dart:io)"
43.245.86.49 - - [17/May/2023:08:09:55 +0545] "GET /uploads/Oa_users/SantoshKumarMandal62682fcf00a87_profile.jpg HTTP/1.1" 200 38374 "-" "Dart/2.16 (dart:io)"
43.245.86.49 - - [17/May/2023:08:09:55 +0545] "GET /uploads/Oa_users/MeruSangroula616d00e08d5d4_profile.JPG HTTP/1.1" 200 28229 "-" "Dart/2.16 (dart:io)"
43.245.86.49 - - [17/May/2023:08:09:56 +0545] "GET /uploads/Oa_users/BikramGuvaju5cf4a6d114c3f_profile.jpg HTTP/1.1" 200 46682 "-" "Dart/2.16 (dart:io)"
43.245.86.49 - - [17/May/2023:08:09:56 +0545] "GET /uploads/Oa_users/EjanShrestha62c81c4badc16_profile.jpg HTTP/1.1" 200 35731 "-" "Dart/2.16 (dart:io)"
43.245.86.49 - - [17/May/2023:08:09:57 +0545] "GET /uploads/Oa_users/SumitGautam5d09afbf62f63_profile.jpg HTTP/1.1" 200 31984 "-" "Dart/2.16 (dart:io)"
110.44.123.47 - - [17/May/2023:08:09:59 +0545] "GET /api/v1/profiles?apikey=LYlCVppaglroXNP5Hs1VvHBerXQGsTKCco6ioQSRruR4jFSEw2 HTTP/1.1" 200 313524 "-" "python-requests/2.21.0"
188.166.249.235 - - [17/May/2023:08:10:02 +0545] "GET /api/v1/profiles?apikey=LYlCVppaglroXNP5Hs1VvHBerXQGsTKCco6ioQSRruR4jFSEw2 HTTP/1.1" 200 313344 "-" "GuzzleHttp/6.5.5 curl/7.47.0 PHP/7.2.34-18+ubuntu16.04.1+deb.sury.org+1"
188.166.249.235 - - [17/May/2023:08:10:02 +0545] "GET /api/v1/profiles?apikey=LYlCVppaglroXNP5Hs1VvHBerXQGsTKCco6ioQSRruR4jFSEw2 HTTP/1.0" 200 313566 "-" "-"
188.166.249.235 - - [17/May/2023:08:10:08 +0545] "GET /api/v1/leave?from_date=2023-05-16&to_date=2023-05-16 HTTP/1.0" 200 5950 "-" "-"
43.245.86.49 - - [17/May/2023:08:10:15 +0545] "GET /uploads/Oa_users/NabinShrestha62910f850cd3a_profile.jpg HTTP/1.1" 200 9322119 "-" "Dart/2.16 (dart:io)"
128.199.116.13 - - [17/May/2023:08:10:16 +0545] "GET /api/v1/profiles?apikey=LYlCVppaglroXNP5Hs1VvHBerXQGsTKCco6ioQSRruR4jFSEw2 HTTP/1.0" 200 313571 "-" "-"
43.245.86.49 - - [17/May/2023:08:10:18 +0545] "GET /uploads/Oa_users/AnishaKhadgi62ce5a70880ef_profile.jpg HTTP/1.1" 200 48315 "-" "Dart/2.16 (dart:io)"
43.245.86.49 - - [17/May/2023:08:10:19 +0545] "GET /uploads/Oa_users/SunitaRai61e505a20b417_profile.jpg HTTP/1.1" 200 82722 "-" "Dart/2.16 (dart:io)"
43.245.86.49 - - [17/May/2023:08:10:19 +0545] "GET /uploads/Oa_users/SalinaKhadgi5afd4d32db4c5_profile.jpg HTTP/1.1" 200 42787 "-" "Dart/2.16 (dart:io)"
43.245.86.49 - - [17/May/2023:08:10:28 +0545] "GET /uploads/Oa_users/DipeshShrestha5cada4585d8f0_profile.jpg HTTP/1.1" 200 37486 "-" "Dart/2.16 (dart:io)"
43.245.86.49 - - [17/May/2023:08:10:28 +0545] "GET /uploads/Oa_users/NripeshKarmacharya643cd2f9dfbbd_profile.jpg HTTP/1.1" 200 22689 "-" "Dart/2.16 (dart:io)"
43.245.86.49 - - [17/May/2023:08:10:28 +0545] "GET /uploads/Oa_users/RajanGhimire62e8dbea7a415_profile.jpg HTTP/1.1" 200 58416 "-" "Dart/2.16 (dart:io)"
43.245.86.49 - - [17/May/2023:08:10:28 +0545] "GET /uploads/Oa_users/UtshavParajuli644f6138a1b85_profile.jpg HTTP/1.1" 200 23881 "-" "Dart/2.16 (dart:io)"
43.245.86.49 - - [17/May/2023:08:10:28 +0545] "GET /uploads/Oa_users/ManishAwale63621ffe152f0_profile.jpg HTTP/1.1" 200 34452 "-" "Dart/2.16 (dart:io)"
43.245.86.49 - - [17/May/2023:08:10:28 +0545] "GET /uploads/Oa_users/GyanendraPaudel64460c5c7ecab_profile.jpg HTTP/1.1" 200 32547 "-" "Dart/2.16 (dart:io)"
43.245.86.49 - - [17/May/2023:08:10:28 +0545] "GET /uploads/Oa_users/SanjayRijal61f8bdd13d157_profile.jpg HTTP/1.1" 200 46697 "-" "Dart/2.16 (dart:io)"
43.245.86.49 - - [17/May/2023:08:10:28 +0545] "GET /uploads/Oa_users/ShitalAdhikari5e3b87b328984_profile.JPG HTTP/1.1" 200 32614 "-" "Dart/2.16 (dart:io)"
43.245.86.49 - - [17/May/2023:08:10:28 +0545] "GET /uploads/Oa_users/ManishDahal60a216454da60_profile.jpg HTTP/1.1" 200 38478 "-" "Dart/2.16 (dart:io)"
43.245.86.49 - - [17/May/2023:08:10:28 +0545] "GET /uploads/Oa_users/BishwashKhanal603c6f3181add_profile.jpg HTTP/1.1" 200 31979 "-" "Dart/2.16 (dart:io)"
188.166.249.235 - - [17/May/2023:08:11:01 +0545] "GET /api/v1/leave?from_date=2023-05-16&to_date=2023-05-16 HTTP/1.0" 200 5950 "-" "-"
188.166.249.235 - - [17/May/2023:08:11:02 +0545] "GET /api/v1/profiles?apikey=LYlCVppaglroXNP5Hs1VvHBerXQGsTKCco6ioQSRruR4jFSEw2 HTTP/1.1" 200 313344 "-" "GuzzleHttp/6.5.5 curl/7.47.0 PHP/7.2.34-18+ubuntu16.04.1+deb.sury.org+1"
128.199.116.13 - - [17/May/2023:08:11:16 +0545] "GET /api/v1/profiles?apikey=LYlCVppaglroXNP5Hs1VvHBerXQGsTKCco6ioQSRruR4jFSEw2 HTTP/1.0" 200 313571 "-" "-"
110.44.123.47 - - [17/May/2023:08:11:30 +0545] "GET /api/v1/profiles?apikey=LYlCVppaglroXNP5Hs1VvHBerXQGsTKCco6ioQSRruR4jFSEw2 HTTP/1.1" 200 313524 "-" "python-requests/2.21.0"
188.166.249.235 - - [17/May/2023:08:12:02 +0545] "GET /api/v1/leave?from_date=2023-05-16&to_date=2023-05-16 HTTP/1.0" 200 5950 "-" "-"
188.166.249.235 - - [17/May/2023:08:12:03 +0545] "GET /api/v1/profiles?apikey=LYlCVppaglroXNP5Hs1VvHBerXQGsTKCco6ioQSRruR4jFSEw2 HTTP/1.1" 200 313344 "-" "GuzzleHttp/6.5.5 curl/7.47.0 PHP/7.2.34-18+ubuntu16.04.1+deb.sury.org+1"
188.166.249.235 - - [17/May/2023:08:12:12 +0545] "POST /api/v1/user-timelog HTTP/1.1" 200 5068 "-" "-"
128.199.116.13 - - [17/May/2023:08:12:16 +0545] "GET /api/v1/profiles?apikey=LYlCVppaglroXNP5Hs1VvHBerXQGsTKCco6ioQSRruR4jFSEw2 HTTP/1.0" 200 313571 "-" "-"
110.44.123.47 - - [17/May/2023:08:12:57 +0545] "GET /meetingRoom HTTP/1.1" 200 12707 "https://oa.ekbana.info/calender" "Mozilla/5.0 (Windows NT 10.0; Win64; x64) AppleWebKit/537.36 (KHTML, like Gecko) Chrome/113.0.0.0 Safari/537.36"
110.44.123.47 - - [17/May/2023:08:12:57 +0545] "GET /datetimepicker/jquery.datetimepicker.min.css HTTP/1.1" 404 2283 "https://oa.ekbana.info/meetingRoom" "Mozilla/5.0 (Windows NT 10.0; Win64; x64) AppleWebKit/537.36 (KHTML, like Gecko) Chrome/113.0.0.0 Safari/537.36"
110.44.123.47 - - [17/May/2023:08:12:57 +0545] "GET /datetimepicker/jquery.datetimepicker.full.js HTTP/1.1" 404 2435 "https://oa.ekbana.info/meetingRoom" "Mozilla/5.0 (Windows NT 10.0; Win64; x64) AppleWebKit/537.36 (KHTML, like Gecko) Chrome/113.0.0.0 Safari/537.36"
110.44.123.47 - - [17/May/2023:08:13:01 +0545] "GET /api/v1/profiles?apikey=LYlCVppaglroXNP5Hs1VvHBerXQGsTKCco6ioQSRruR4jFSEw2 HTTP/1.1" 200 313524 "-" "python-requests/2.21.0"
188.166.249.235 - - [17/May/2023:08:13:02 +0545] "GET /api/v1/leave?from_date=2023-05-16&to_date=2023-05-16 HTTP/1.0" 200 5950 "-" "-"
188.166.249.235 - - [17/May/2023:08:13:02 +0545] "GET /api/v1/profiles?apikey=LYlCVppaglroXNP5Hs1VvHBerXQGsTKCco6ioQSRruR4jFSEw2 HTTP/1.1" 200 313344 "-" "GuzzleHttp/6.5.5 curl/7.47.0 PHP/7.2.34-18+ubuntu16.04.1+deb.sury.org+1"
27.34.20.11 - - [17/May/2023:08:13:03 +0545] "GET /api/v1/feed-post?page=1 HTTP/1.1" 200 8324 "-" "Dart/2.16 (dart:io)"
110.44.123.47 - - [17/May/2023:08:13:04 +0545] "GET /create/meetingRoom HTTP/1.1" 200 9328 "https://oa.ekbana.info/meetingRoom" "Mozilla/5.0 (Windows NT 10.0; Win64; x64) AppleWebKit/537.36 (KHTML, like Gecko) Chrome/113.0.0.0 Safari/537.36"
110.44.123.47 - - [17/May/2023:08:13:04 +0545] "GET /datetimepicker/jquery.datetimepicker.min.css HTTP/1.1" 404 2283 "https://oa.ekbana.info/create/meetingRoom" "Mozilla/5.0 (Windows NT 10.0; Win64; x64) AppleWebKit/537.36 (KHTML, like Gecko) Chrome/113.0.0.0 Safari/537.36"
110.44.123.47 - - [17/May/2023:08:13:04 +0545] "GET /datetimepicker/jquery.datetimepicker.full.js HTTP/1.1" 404 2435 "https://oa.ekbana.info/create/meetingRoom" "Mozilla/5.0 (Windows NT 10.0; Win64; x64) AppleWebKit/537.36 (KHTML, like Gecko) Chrome/113.0.0.0 Safari/537.36"
27.34.20.11 - - [17/May/2023:08:13:07 +0545] "GET /api/v1/meeting? HTTP/1.1" 200 10033 "-" "Dart/2.16 (dart:io)"
27.34.20.11 - - [17/May/2023:08:13:05 +0545] "GET /api/v1/user-rp?from=2023-05-01&to=2023-05-17 HTTP/1.1" 200 14509 "-" "Dart/2.16 (dart:io)"
27.34.20.11 - - [17/May/2023:08:13:09 +0545] "GET /uploads/Oa_users/PritamShakya5c403812b825b_profile.jpg HTTP/1.1" 200 34274 "-" "Dart/2.16 (dart:io)"
27.34.20.11 - - [17/May/2023:08:13:09 +0545] "GET /uploads/Oa_users/UrmilaShahiThakuri6259501ef1dfc_profile.jpg HTTP/1.1" 200 44221 "-" "Dart/2.16 (dart:io)"
27.34.20.11 - - [17/May/2023:08:13:09 +0545] "GET /uploads/Oa_users/Bemitamaharjan59f6e65c0ef19_profile.jpg HTTP/1.1" 200 45520 "-" "Dart/2.16 (dart:io)"
27.34.20.11 - - [17/May/2023:08:13:09 +0545] "GET /uploads/Oa_users/SaminaTuladhar602f7a6cbe6f3_profile.jpg HTTP/1.1" 200 43006 "-" "Dart/2.16 (dart:io)"
27.34.20.11 - - [17/May/2023:08:13:09 +0545] "GET /uploads/Oa_users/ShitalAdhikari5e3b87b328984_profile.JPG HTTP/1.1" 200 32614 "-" "Dart/2.16 (dart:io)"
27.34.20.11 - - [17/May/2023:08:13:09 +0545] "GET /uploads/Oa_users/SajakBasnet5f2ac838a631e_profile.jpg HTTP/1.1" 200 37005 "-" "Dart/2.16 (dart:io)"
27.34.20.11 - - [17/May/2023:08:13:10 +0545] "GET /api/v1/leave-calender? HTTP/1.1" 200 5322 "-" "Dart/2.16 (dart:io)"
27.34.20.11 - - [17/May/2023:08:13:12 +0545] "GET /api/v1/projects?page=1&status=In+Progress HTTP/1.1" 200 14193 "-" "Dart/2.16 (dart:io)"
128.199.116.13 - - [17/May/2023:08:13:16 +0545] "GET /api/v1/profiles?apikey=LYlCVppaglroXNP5Hs1VvHBerXQGsTKCco6ioQSRruR4jFSEw2 HTTP/1.0" 200 313571 "-" "-"
27.34.20.11 - - [17/May/2023:08:13:17 +0545] "GET /api/v1/meeting-rooms? HTTP/1.1" 200 5152 "-" "Dart/2.16 (dart:io)"
27.34.20.11 - - [17/May/2023:08:13:17 +0545] "GET /api/v1/participant-member? HTTP/1.1" 200 33269 "-" "Dart/2.16 (dart:io)"
27.34.20.11 - - [17/May/2023:08:13:30 +0545] "GET /uploads/Oa_users/BikashShahi59b909221ac4c_profile.jpg HTTP/1.1" 200 36125 "-" "Dart/2.16 (dart:io)"
27.34.20.11 - - [17/May/2023:08:13:30 +0545] "GET /uploads/Oa_users/KrishnaDangi59f70c1499d38_profile.jpg HTTP/1.1" 200 38459 "-" "Dart/2.16 (dart:io)"
27.34.20.11 - - [17/May/2023:08:13:30 +0545] "GET /uploads/Oa_users/SumanK.Rajbhandari59b76fd1c11c7_profile.jpg HTTP/1.1" 200 475563 "-" "Dart/2.16 (dart:io)"
27.34.20.11 - - [17/May/2023:08:13:46 +0545] "GET /uploads/Oa_users/SonishMaharjan616d15cc690e9_profile.jpg HTTP/1.1" 200 43147 "-" "Dart/2.16 (dart:io)"
27.34.20.11 - - [17/May/2023:08:13:46 +0545] "GET /uploads/Oa_users/SonamWangdiSherpa61c0228009ae2_profile.jpg HTTP/1.1" 200 57464 "-" "Dart/2.16 (dart:io)"
27.34.20.11 - - [17/May/2023:08:13:50 +0545] "GET /uploads/Oa_users/RajeshPaudel5f2ab291baed1_profile.jpg HTTP/1.1" 200 40695 "-" "Dart/2.16 (dart:io)"
27.34.20.11 - - [17/May/2023:08:13:51 +0545] "GET /uploads/Oa_users/GauravPandey5e4dbf6866092_profile.jpeg HTTP/1.1" 200 38984 "-" "Dart/2.16 (dart:io)"
188.166.249.235 - - [17/May/2023:08:13:49 +0545] "POST /api/v1/user-timelog HTTP/1.1" 200 5058 "-" "-"
27.34.20.11 - - [17/May/2023:08:13:52 +0545] "GET /uploads/Oa_users/GaneshManandhar5feaecda30b21_profile.jpg HTTP/1.1" 200 39641 "-" "Dart/2.16 (dart:io)"
27.34.20.11 - - [17/May/2023:08:13:52 +0545] "GET /uploads/Oa_users/PrajwalMaharjan5cd15e08c3797_profile.jpg HTTP/1.1" 200 54333 "-" "Dart/2.16 (dart:io)"
27.34.20.11 - - [17/May/2023:08:13:52 +0545] "GET /uploads/Oa_users/RajanGhimire62e8dbea7a415_profile.jpg HTTP/1.1" 200 58416 "-" "Dart/2.16 (dart:io)"
27.34.20.11 - - [17/May/2023:08:13:52 +0545] "GET /uploads/Oa_users/RajanKarki62a738ca2ed83_profile.jpg HTTP/1.1" 200 52527 "-" "Dart/2.16 (dart:io)"
27.34.20.11 - - [17/May/2023:08:13:52 +0545] "GET /uploads/Oa_users/RajanBahadurMijar614bfb02940f6_profile.jpg HTTP/1.1" 200 24022 "-" "Dart/2.16 (dart:io)"
27.34.20.11 - - [17/May/2023:08:13:53 +0545] "GET /uploads/Oa_users/RajanPaudel63e2049202bca_profile.jpg HTTP/1.1" 200 29220 "-" "Dart/2.16 (dart:io)"
110.44.123.47 - - [17/May/2023:08:13:56 +0545] "POST /store/meetingRoom HTTP/1.1" 302 1602 "https://oa.ekbana.info/create/meetingRoom" "Mozilla/5.0 (Windows NT 10.0; Win64; x64) AppleWebKit/537.36 (KHTML, like Gecko) Chrome/113.0.0.0 Safari/537.36"
110.44.123.47 - - [17/May/2023:08:13:56 +0545] "GET /meetingRoom HTTP/1.1" 200 8366 "https://oa.ekbana.info/create/meetingRoom" "Mozilla/5.0 (Windows NT 10.0; Win64; x64) AppleWebKit/537.36 (KHTML, like Gecko) Chrome/113.0.0.0 Safari/537.36"
110.44.123.47 - - [17/May/2023:08:13:56 +0545] "GET /datetimepicker/jquery.datetimepicker.min.css HTTP/1.1" 404 2283 "https://oa.ekbana.info/meetingRoom" "Mozilla/5.0 (Windows NT 10.0; Win64; x64) AppleWebKit/537.36 (KHTML, like Gecko) Chrome/113.0.0.0 Safari/537.36"
110.44.123.47 - - [17/May/2023:08:13:56 +0545] "GET /datetimepicker/jquery.datetimepicker.full.js HTTP/1.1" 404 2435 "https://oa.ekbana.info/meetingRoom" "Mozilla/5.0 (Windows NT 10.0; Win64; x64) AppleWebKit/537.36 (KHTML, like Gecko) Chrome/113.0.0.0 Safari/537.36"
27.34.20.11 - - [17/May/2023:08:13:57 +0545] "GET /uploads/Oa_users/SameerTwayana59b90ca4dd7c3_profile.jpg HTTP/1.1" 200 34744 "-" "Dart/2.16 (dart:io)"
27.34.20.11 - - [17/May/2023:08:13:57 +0545] "GET /uploads/Oa_users/SapnaTuladhar5ffd83d6dde0c_profile.jpg HTTP/1.1" 200 39561 "-" "Dart/2.16 (dart:io)"
27.34.20.11 - - [17/May/2023:08:13:58 +0545] "GET /uploads/Oa_users/SandeepNarshingPradhan636c76c61f4a2_profile.jpg HTTP/1.1" 200 27515 "-" "Dart/2.16 (dart:io)"
27.34.20.11 - - [17/May/2023:08:13:58 +0545] "GET /uploads/Oa_users/SandeshThapa5ab9bf3263eb9_profile.JPG HTTP/1.1" 200 46649 "-" "Dart/2.16 (dart:io)"
27.34.20.11 - - [17/May/2023:08:13:58 +0545] "GET /uploads/Oa_users/SandeepRisal60bdba7f708fa_profile.jpg HTTP/1.1" 200 42441 "-" "Dart/2.16 (dart:io)"
27.34.20.11 - - [17/May/2023:08:13:58 +0545] "GET /uploads/Oa_users/SandeepDangol6322b7c3e435f_profile.jpeg HTTP/1.1" 200 39922 "-" "Dart/2.16 (dart:io)"
27.34.20.11 - - [17/May/2023:08:14:00 +0545] "GET /uploads/Oa_users/SanjayaShrestha5cf8f17bbc9f2_profile.jpg HTTP/1.1" 200 33988 "-" "Dart/2.16 (dart:io)"
27.34.20.11 - - [17/May/2023:08:14:00 +0545] "GET /uploads/Oa_users/SanjayRaut609c2fcfe2db1_profile.jpg HTTP/1.1" 200 38913 "-" "Dart/2.16 (dart:io)"
188.166.249.235 - - [17/May/2023:08:14:02 +0545] "GET /api/v1/leave?from_date=2023-05-16&to_date=2023-05-16 HTTP/1.0" 200 5950 "-" "-"
188.166.249.235 - - [17/May/2023:08:14:02 +0545] "GET /api/v1/profiles?apikey=LYlCVppaglroXNP5Hs1VvHBerXQGsTKCco6ioQSRruR4jFSEw2 HTTP/1.1" 200 313344 "-" "GuzzleHttp/6.5.5 curl/7.47.0 PHP/7.2.34-18+ubuntu16.04.1+deb.sury.org+1"
128.199.116.13 - - [17/May/2023:08:14:16 +0545] "GET /api/v1/profiles?apikey=LYlCVppaglroXNP5Hs1VvHBerXQGsTKCco6ioQSRruR4jFSEw2 HTTP/1.0" 200 313571 "-" "-"
27.34.20.11 - - [17/May/2023:08:14:20 +0545] "GET /uploads/Oa_users/SuritaSahichand5c10ec598878a_profile.jpg HTTP/1.1" 200 32269 "-" "Dart/2.16 (dart:io)"
27.34.20.11 - - [17/May/2023:08:14:21 +0545] "GET /uploads/Oa_users/SagunSthapit5dfb5b4eb4bde_profile.jpg HTTP/1.1" 200 47940 "-" "Dart/2.16 (dart:io)"
27.34.20.11 - - [17/May/2023:08:14:22 +0545] "GET /uploads/Oa_users/SagarMaharjan63e3c7511c798_profile.JPG HTTP/1.1" 200 43125 "-" "Dart/2.16 (dart:io)"
27.34.20.11 - - [17/May/2023:08:14:30 +0545] "GET /uploads/Oa_users/DikshyaKarki63da42059b804_profile.jpg HTTP/1.1" 200 51950 "-" "Dart/2.16 (dart:io)"
27.34.20.11 - - [17/May/2023:08:14:30 +0545] "GET /uploads/Oa_users/SadikshaGiri62d5092328ebe_profile.jpg HTTP/1.1" 200 42656 "-" "Dart/2.16 (dart:io)"
27.34.20.11 - - [17/May/2023:08:14:31 +0545] "GET /uploads/Oa_users/PrabinKrishnaSubedi5a4bdd27dab1c_profile.jpg HTTP/1.1" 200 27864 "-" "Dart/2.16 (dart:io)"
27.34.20.11 - - [17/May/2023:08:14:31 +0545] "GET /uploads/Oa_users/DipeshShrestha5cada4585d8f0_profile.jpg HTTP/1.1" 200 37486 "-" "Dart/2.16 (dart:io)"
27.34.20.11 - - [17/May/2023:08:14:31 +0545] "GET /uploads/Oa_users/BikashSubedi60386d2636d16_profile.jpg HTTP/1.1" 200 40577 "-" "Dart/2.16 (dart:io)"
110.44.123.47 - - [17/May/2023:08:14:31 +0545] "GET /api/v1/profiles?apikey=LYlCVppaglroXNP5Hs1VvHBerXQGsTKCco6ioQSRruR4jFSEw2 HTTP/1.1" 200 313524 "-" "python-requests/2.21.0"
27.34.20.11 - - [17/May/2023:08:14:39 +0545] "GET /uploads/Oa_users/RabiGorkhali5ce5395019fb3_profile.jpg HTTP/1.1" 200 50416 "-" "Dart/2.16 (dart:io)"
27.34.20.11 - - [17/May/2023:08:14:39 +0545] "GET /uploads/Oa_users/RabinBalayar62d502fa76e0c_profile.jpg HTTP/1.1" 200 44462 "-" "Dart/2.16 (dart:io)"
188.166.249.235 - - [17/May/2023:08:15:01 +0545] "GET /api/v1/leave?from_date=2023-05-16&to_date=2023-05-16 HTTP/1.0" 200 5950 "-" "-"
188.166.249.235 - - [17/May/2023:08:15:02 +0545] "GET /api/v1/profiles?apikey=LYlCVppaglroXNP5Hs1VvHBerXQGsTKCco6ioQSRruR4jFSEw2 HTTP/1.1" 200 313344 "-" "GuzzleHttp/6.5.5 curl/7.47.0 PHP/7.2.34-18+ubuntu16.04.1+deb.sury.org+1"
128.199.116.13 - - [17/May/2023:08:15:16 +0545] "GET /api/v1/profiles?apikey=LYlCVppaglroXNP5Hs1VvHBerXQGsTKCco6ioQSRruR4jFSEw2 HTTP/1.0" 200 313571 "-" "-"
27.34.22.10 - - [17/May/2023:08:15:17 +0545] "GET /api/v1/feed-post?page=1 HTTP/1.1" 200 8324 "-" "Dart/2.16 (dart:io)"
188.166.249.235 - - [17/May/2023:08:15:26 +0545] "POST /api/v1/user-timelog HTTP/1.1" 200 5058 "-" "-"
27.34.22.10 - - [17/May/2023:08:15:29 +0545] "GET /api/v1/leave-calender? HTTP/1.1" 200 5322 "-" "Dart/2.16 (dart:io)"
27.34.22.10 - - [17/May/2023:08:15:30 +0545] "GET /api/v1/user-leave-list?date=2023-05-17 HTTP/1.1" 200 7335 "-" "Dart/2.16 (dart:io)"
27.34.22.10 - - [17/May/2023:08:15:32 +0545] "GET /uploads/Oa_users/AjeetShakya59b8aeef2c4d9_profile.JPG HTTP/1.1" 200 90728 "-" "Dart/2.16 (dart:io)"
27.34.22.10 - - [17/May/2023:08:15:32 +0545] "GET /uploads/Oa_users/JeevanPaudel621333f161d38_profile.jpg HTTP/1.1" 200 39626 "-" "Dart/2.16 (dart:io)"
27.34.22.10 - - [17/May/2023:08:15:32 +0545] "GET /uploads/Oa_users/PragatiShrestha626697317b47b_profile.jpg HTTP/1.1" 200 29454 "-" "Dart/2.16 (dart:io)"
27.34.22.10 - - [17/May/2023:08:15:32 +0545] "GET /uploads/Oa_users/BijendraManandhar61c143ead1f94_profile.jpeg HTTP/1.1" 200 30214 "-" "Dart/2.16 (dart:io)"
27.34.22.10 - - [17/May/2023:08:15:32 +0545] "GET /uploads/Oa_users/SandeepDangol6322b7c3e435f_profile.jpeg HTTP/1.1" 200 39922 "-" "Dart/2.16 (dart:io)"
27.34.22.10 - - [17/May/2023:08:15:32 +0545] "GET /uploads/Oa_users/SujanGhorasaine60d01fc486ffe_profile.jpg HTTP/1.1" 200 40288 "-" "Dart/2.16 (dart:io)"
27.34.22.10 - - [17/May/2023:08:15:32 +0545] "GET /uploads/Oa_users/MinaPrajapati626b9bddaea38_profile.jpg HTTP/1.1" 200 40789 "-" "Dart/2.16 (dart:io)"
27.34.22.10 - - [17/May/2023:08:15:32 +0545] "GET /uploads/Oa_users/NimeshMaharjan6385fd0005892_profile.jpg HTTP/1.1" 200 45193 "-" "Dart/2.16 (dart:io)"
27.34.22.10 - - [17/May/2023:08:15:32 +0545] "GET /uploads/Oa_users/AnupChandrahangRai626b9ea359a21_profile.jpg HTTP/1.1" 200 40814 "-" "Dart/2.16 (dart:io)"
27.34.22.10 - - [17/May/2023:08:15:33 +0545] "GET /uploads/Oa_users/RabinBalayar62d502fa76e0c_profile.jpg HTTP/1.1" 200 44462 "-" "Dart/2.16 (dart:io)"
27.34.22.10 - - [17/May/2023:08:15:33 +0545] "GET /uploads/Oa_users/ShubhashoriDuwal609b38fe8c12b_profile.jpg HTTP/1.1" 200 42139 "-" "Dart/2.16 (dart:io)"
27.34.22.10 - - [17/May/2023:08:15:29 +0545] "GET /api/v1/user-rp?from=2023-05-01&to=2023-05-17 HTTP/1.1" 200 46499 "-" "Dart/2.16 (dart:io)"
27.34.22.10 - - [17/May/2023:08:15:36 +0545] "GET /uploads/funFact/at-symbol-e1575232248910.jpg HTTP/1.1" 200 33732 "-" "Dart/2.16 (dart:io)"
27.34.22.10 - - [17/May/2023:08:15:36 +0545] "GET /uploads/snack/KeemaNaan_snack.jpeg HTTP/1.1" 200 457665 "-" "Dart/2.16 (dart:io)"
27.34.22.10 - - [17/May/2023:08:15:36 +0545] "GET /uploads/feed/2023-05-12-04-00-59-image_picker_compress_fcc309f3-ba9f-40f4-a554-79a4bc28a196.jpg HTTP/1.1" 200 191740 "-" "Dart/2.16 (dart:io)"
27.34.22.10 - - [17/May/2023:08:15:36 +0545] "GET /uploads/snack/Shapale&achar_snack.jpg HTTP/1.1" 200 458209 "-" "Dart/2.16 (dart:io)"
27.34.22.10 - - [17/May/2023:08:15:37 +0545] "GET /api/v1/leave-calender? HTTP/1.1" 200 5322 "-" "Dart/2.16 (dart:io)"
27.34.22.10 - - [17/May/2023:08:15:36 +0545] "GET /uploads/snack/Friedrice_snack.jpg HTTP/1.1" 200 426772 "-" "Dart/2.16 (dart:io)"
110.44.127.197 - - [17/May/2023:08:15:36 +0545] "POST /checkIncheck HTTP/1.1" 302 6178 "https://oa.ekbana.info/dashboard" "Mozilla/5.0 (Macintosh; Intel Mac OS X 10_15_7) AppleWebKit/537.36 (KHTML, like Gecko) Chrome/113.0.0.0 Safari/537.36"
27.34.22.10 - - [17/May/2023:08:15:36 +0545] "GET /uploads/snack/CholaBhatura_snack.jpg HTTP/1.1" 200 927641 "-" "Dart/2.16 (dart:io)"
110.44.127.197 - - [17/May/2023:08:15:37 +0545] "GET /dashboard HTTP/1.1" 200 11068 "https://oa.ekbana.info/dashboard" "Mozilla/5.0 (Macintosh; Intel Mac OS X 10_15_7) AppleWebKit/537.36 (KHTML, like Gecko) Chrome/113.0.0.0 Safari/537.36"
110.44.127.197 - - [17/May/2023:08:15:38 +0545] "GET /datetimepicker/jquery.datetimepicker.min.css HTTP/1.1" 404 2283 "https://oa.ekbana.info/dashboard" "Mozilla/5.0 (Macintosh; Intel Mac OS X 10_15_7) AppleWebKit/537.36 (KHTML, like Gecko) Chrome/113.0.0.0 Safari/537.36"
110.44.127.197 - - [17/May/2023:08:15:38 +0545] "GET /datetimepicker/jquery.datetimepicker.full.js HTTP/1.1" 404 7015 "https://oa.ekbana.info/dashboard" "Mozilla/5.0 (Macintosh; Intel Mac OS X 10_15_7) AppleWebKit/537.36 (KHTML, like Gecko) Chrome/113.0.0.0 Safari/537.36"
27.34.22.10 - - [17/May/2023:08:15:38 +0545] "GET /api/v1/projects?page=1&status=In+Progress HTTP/1.1" 200 5145 "-" "Dart/2.16 (dart:io)"
27.34.22.10 - - [17/May/2023:08:15:39 +0545] "GET /api/v1/user-leave-list?date=2023-05-18 HTTP/1.1" 200 6702 "-" "Dart/2.16 (dart:io)"
27.34.22.10 - - [17/May/2023:08:15:40 +0545] "GET /uploads/Oa_users/RajanKarki62a738ca2ed83_profile.jpg HTTP/1.1" 200 47810 "-" "Dart/2.16 (dart:io)"
27.34.22.10 - - [17/May/2023:08:15:40 +0545] "GET /uploads/Oa_users/RohitLama61c2bac0a20c4_profile.jpg HTTP/1.1" 200 37714 "-" "Dart/2.16 (dart:io)"
27.34.22.10 - - [17/May/2023:08:15:40 +0545] "GET /uploads/Oa_users/RishabShrestha5dca84dfe1361_profile.jpg HTTP/1.1" 200 40121 "-" "Dart/2.16 (dart:io)"
110.44.127.197 - - [17/May/2023:08:15:42 +0545] "POST /checkin HTTP/1.1" 302 1590 "https://oa.ekbana.info/dashboard" "Mozilla/5.0 (Macintosh; Intel Mac OS X 10_15_7) AppleWebKit/537.36 (KHTML, like Gecko) Chrome/113.0.0.0 Safari/537.36"
110.44.127.197 - - [17/May/2023:08:15:43 +0545] "GET /dashboard HTTP/1.1" 200 11220 "https://oa.ekbana.info/dashboard" "Mozilla/5.0 (Macintosh; Intel Mac OS X 10_15_7) AppleWebKit/537.36 (KHTML, like Gecko) Chrome/113.0.0.0 Safari/537.36"
110.44.127.197 - - [17/May/2023:08:15:44 +0545] "GET /datetimepicker/jquery.datetimepicker.min.css HTTP/1.1" 404 2283 "https://oa.ekbana.info/dashboard" "Mozilla/5.0 (Macintosh; Intel Mac OS X 10_15_7) AppleWebKit/537.36 (KHTML, like Gecko) Chrome/113.0.0.0 Safari/537.36"
110.44.127.197 - - [17/May/2023:08:15:44 +0545] "GET /datetimepicker/jquery.datetimepicker.full.js HTTP/1.1" 404 2435 "https://oa.ekbana.info/dashboard" "Mozilla/5.0 (Macintosh; Intel Mac OS X 10_15_7) AppleWebKit/537.36 (KHTML, like Gecko) Chrome/113.0.0.0 Safari/537.36"
103.10.28.132 - - [17/May/2023:08:15:43 +0545] "GET /api/v1/feed-post?page=1 HTTP/1.1" 200 8324 "-" "Dart/2.16 (dart:io)"
188.166.232.203 - - [17/May/2023:08:15:44 +0545] "GET / HTTP/1.1" 200 6797 "-" "Go-http-client/1.1"
27.34.20.11 - - [17/May/2023:08:15:46 +0545] "POST /api/v1/store-meeting HTTP/1.1" 200 5116 "-" "Dart/2.16 (dart:io)"
27.34.22.10 - - [17/May/2023:08:15:46 +0545] "GET /api/v1/user-leave-list?date=2023-05-17 HTTP/1.1" 200 7335 "-" "Dart/2.16 (dart:io)"
103.10.28.132 - - [17/May/2023:08:15:46 +0545] "GET /api/v1/my-attendance?month HTTP/1.1" 200 6580 "-" "Dart/2.16 (dart:io)"
27.34.20.11 - - [17/May/2023:08:15:48 +0545] "GET /api/v1/meeting? HTTP/1.1" 200 11805 "-" "Dart/2.16 (dart:io)"
27.34.20.11 - - [17/May/2023:08:15:49 +0545] "GET /uploads/Oa_users/BiplavShakya63f5d06cca36e_profile.jpeg HTTP/1.1" 200 34947 "-" "Dart/2.16 (dart:io)"
110.44.127.197 - - [17/May/2023:08:15:51 +0545] "GET /team HTTP/1.1" 200 55530 "https://oa.ekbana.info/dashboard" "Mozilla/5.0 (Macintosh; Intel Mac OS X 10_15_7) AppleWebKit/537.36 (KHTML, like Gecko) Chrome/113.0.0.0 Safari/537.36"
110.44.127.197 - - [17/May/2023:08:15:51 +0545] "GET /uploads/Oa_users/UjanManandhar63345c401568e_profile.jpg HTTP/1.1" 200 31914 "https://oa.ekbana.info/team" "Mozilla/5.0 (Macintosh; Intel Mac OS X 10_15_7) AppleWebKit/537.36 (KHTML, like Gecko) Chrome/113.0.0.0 Safari/537.36"
110.44.127.197 - - [17/May/2023:08:15:51 +0545] "GET /uploads/Oa_users/SitaBhattarai59f9929912210_profile.jpg HTTP/1.1" 200 40545 "https://oa.ekbana.info/team" "Mozilla/5.0 (Macintosh; Intel Mac OS X 10_15_7) AppleWebKit/537.36 (KHTML, like Gecko) Chrome/113.0.0.0 Safari/537.36"
110.44.127.197 - - [17/May/2023:08:15:51 +0545] "GET /uploads/Oa_users/ShaileshShahi61481589875c1_profile.jpg HTTP/1.1" 200 44692 "https://oa.ekbana.info/team" "Mozilla/5.0 (Macintosh; Intel Mac OS X 10_15_7) AppleWebKit/537.36 (KHTML, like Gecko) Chrome/113.0.0.0 Safari/537.36"
110.44.127.197 - - [17/May/2023:08:15:51 +0545] "GET /uploads/Oa_users/RojenMaharjan63e08f5bd8ae6_profile.jpg HTTP/1.1" 200 48360 "https://oa.ekbana.info/team" "Mozilla/5.0 (Macintosh; Intel Mac OS X 10_15_7) AppleWebKit/537.36 (KHTML, like Gecko) Chrome/113.0.0.0 Safari/537.36"
110.44.127.197 - - [17/May/2023:08:15:51 +0545] "GET /uploads/Oa_users/SunilGamal5ce58bc2681ce_profile.jpg HTTP/1.1" 200 34909 "https://oa.ekbana.info/team" "Mozilla/5.0 (Macintosh; Intel Mac OS X 10_15_7) AppleWebKit/537.36 (KHTML, like Gecko) Chrome/113.0.0.0 Safari/537.36"
110.44.127.197 - - [17/May/2023:08:15:51 +0545] "GET /uploads/Oa_users/SarunaShrestha5efaaf9c4b984_profile.jpg HTTP/1.1" 200 24904 "https://oa.ekbana.info/team" "Mozilla/5.0 (Macintosh; Intel Mac OS X 10_15_7) AppleWebKit/537.36 (KHTML, like Gecko) Chrome/113.0.0.0 Safari/537.36"
110.44.127.197 - - [17/May/2023:08:15:51 +0545] "GET /uploads/Oa_users/RaishaShyaula6290b351736e6_profile.jpg HTTP/1.1" 200 45666 "https://oa.ekbana.info/team" "Mozilla/5.0 (Macintosh; Intel Mac OS X 10_15_7) AppleWebKit/537.36 (KHTML, like Gecko) Chrome/113.0.0.0 Safari/537.36"
110.44.127.197 - - [17/May/2023:08:15:51 +0545] "GET /datetimepicker/jquery.datetimepicker.min.css HTTP/1.1" 404 2283 "https://oa.ekbana.info/team" "Mozilla/5.0 (Macintosh; Intel Mac OS X 10_15_7) AppleWebKit/537.36 (KHTML, like Gecko) Chrome/113.0.0.0 Safari/537.36"
110.44.127.197 - - [17/May/2023:08:15:51 +0545] "GET /uploads/Oa_users/Bemitamaharjan59f6e65c0ef19_profile.jpg HTTP/1.1" 200 40859 "https://oa.ekbana.info/team" "Mozilla/5.0 (Macintosh; Intel Mac OS X 10_15_7) AppleWebKit/537.36 (KHTML, like Gecko) Chrome/113.0.0.0 Safari/537.36"
110.44.127.197 - - [17/May/2023:08:15:51 +0545] "GET /uploads/Oa_users/SaminaTuladhar602f7a6cbe6f3_profile.jpg HTTP/1.1" 200 38345 "https://oa.ekbana.info/team" "Mozilla/5.0 (Macintosh; Intel Mac OS X 10_15_7) AppleWebKit/537.36 (KHTML, like Gecko) Chrome/113.0.0.0 Safari/537.36"
110.44.127.197 - - [17/May/2023:08:15:51 +0545] "GET /datetimepicker/jquery.datetimepicker.full.js HTTP/1.1" 404 2283 "https://oa.ekbana.info/team" "Mozilla/5.0 (Macintosh; Intel Mac OS X 10_15_7) AppleWebKit/537.36 (KHTML, like Gecko) Chrome/113.0.0.0 Safari/537.36"
110.44.127.197 - - [17/May/2023:08:15:52 +0545] "GET /uploads/Oa_users/SameerTwayana59b90ca4dd7c3_profile.jpg HTTP/1.1" 200 34800 "https://oa.ekbana.info/team" "Mozilla/5.0 (Macintosh; Intel Mac OS X 10_15_7) AppleWebKit/537.36 (KHTML, like Gecko) Chrome/113.0.0.0 Safari/537.36"
110.44.127.197 - - [17/May/2023:08:15:52 +0545] "GET /uploads/Oa_users/RoshanRanabhat6006852a67395_profile.jpg HTTP/1.1" 200 31611 "https://oa.ekbana.info/team" "Mozilla/5.0 (Macintosh; Intel Mac OS X 10_15_7) AppleWebKit/537.36 (KHTML, like Gecko) Chrome/113.0.0.0 Safari/537.36"
110.44.127.197 - - [17/May/2023:08:15:52 +0545] "GET /uploads/Oa_users/BijendraManandhar61c143ead1f94_profile.jpeg HTTP/1.1" 200 25553 "https://oa.ekbana.info/team" "Mozilla/5.0 (Macintosh; Intel Mac OS X 10_15_7) AppleWebKit/537.36 (KHTML, like Gecko) Chrome/113.0.0.0 Safari/537.36"
110.44.127.197 - - [17/May/2023:08:15:52 +0545] "GET /uploads/Oa_users/ChattanPoudel5e576db8511b5_profile.jpg HTTP/1.1" 200 34146 "https://oa.ekbana.info/team" "Mozilla/5.0 (Macintosh; Intel Mac OS X 10_15_7) AppleWebKit/537.36 (KHTML, like Gecko) Chrome/113.0.0.0 Safari/537.36"
110.44.127.197 - - [17/May/2023:08:15:52 +0545] "GET /uploads/Oa_users/RabiGorkhali5ce5395019fb3_profile.jpg HTTP/1.1" 200 45755 "https://oa.ekbana.info/team" "Mozilla/5.0 (Macintosh; Intel Mac OS X 10_15_7) AppleWebKit/537.36 (KHTML, like Gecko) Chrome/113.0.0.0 Safari/537.36"
110.44.127.197 - - [17/May/2023:08:15:52 +0545] "GET /uploads/Oa_users/PrameshKarmacharya6179370697134_profile.jpg HTTP/1.1" 200 29049 "https://oa.ekbana.info/team" "Mozilla/5.0 (Macintosh; Intel Mac OS X 10_15_7) AppleWebKit/537.36 (KHTML, like Gecko) Chrome/113.0.0.0 Safari/537.36"
110.44.127.197 - - [17/May/2023:08:15:52 +0545] "GET /uploads/Oa_users/NirjarMaharjan619b123ab35c8_profile.jpg HTTP/1.1" 200 41983 "https://oa.ekbana.info/team" "Mozilla/5.0 (Macintosh; Intel Mac OS X 10_15_7) AppleWebKit/537.36 (KHTML, like Gecko) Chrome/113.0.0.0 Safari/537.36"
110.44.127.197 - - [17/May/2023:08:15:52 +0545] "GET /uploads/Oa_users/MalinaShrestha5f2aaa9339446_profile.jpg HTTP/1.1" 200 35985 "https://oa.ekbana.info/team" "Mozilla/5.0 (Macintosh; Intel Mac OS X 10_15_7) AppleWebKit/537.36 (KHTML, like Gecko) Chrome/113.0.0.0 Safari/537.36"
110.44.127.197 - - [17/May/2023:08:15:52 +0545] "GET /uploads/Oa_users/SajakBasnet5f2ac838a631e_profile.jpg HTTP/1.1" 200 32344 "https://oa.ekbana.info/team" "Mozilla/5.0 (Macintosh; Intel Mac OS X 10_15_7) AppleWebKit/537.36 (KHTML, like Gecko) Chrome/113.0.0.0 Safari/537.36"
110.44.127.197 - - [17/May/2023:08:15:52 +0545] "GET /uploads/Oa_users/AmarMaharjan5f83e9f7a8a9f_profile.jpg HTTP/1.1" 200 24900 "https://oa.ekbana.info/team" "Mozilla/5.0 (Macintosh; Intel Mac OS X 10_15_7) AppleWebKit/537.36 (KHTML, like Gecko) Chrome/113.0.0.0 Safari/537.36"
110.44.127.197 - - [17/May/2023:08:15:52 +0545] "GET /uploads/Oa_users/SujanGhorasaine60d01fc486ffe_profile.jpg HTTP/1.1" 200 35627 "https://oa.ekbana.info/team" "Mozilla/5.0 (Macintosh; Intel Mac OS X 10_15_7) AppleWebKit/537.36 (KHTML, like Gecko) Chrome/113.0.0.0 Safari/537.36"
110.44.127.197 - - [17/May/2023:08:15:52 +0545] "GET /uploads/Oa_users/BipinMaharjan63ce2396a24a9_profile.JPEG HTTP/1.1" 200 30560 "https://oa.ekbana.info/team" "Mozilla/5.0 (Macintosh; Intel Mac OS X 10_15_7) AppleWebKit/537.36 (KHTML, like Gecko) Chrome/113.0.0.0 Safari/537.36"
110.44.127.197 - - [17/May/2023:08:15:52 +0545] "GET /uploads/Oa_users/RohanMaharjan637b6d651cccb_profile.jpg HTTP/1.1" 200 41295 "https://oa.ekbana.info/team" "Mozilla/5.0 (Macintosh; Intel Mac OS X 10_15_7) AppleWebKit/537.36 (KHTML, like Gecko) Chrome/113.0.0.0 Safari/537.36"
110.44.127.197 - - [17/May/2023:08:15:52 +0545] "GET /uploads/Oa_users/BikashSubedi60386d2636d16_profile.jpg HTTP/1.1" 200 35916 "https://oa.ekbana.info/team" "Mozilla/5.0 (Macintosh; Intel Mac OS X 10_15_7) AppleWebKit/537.36 (KHTML, like Gecko) Chrome/113.0.0.0 Safari/537.36"
110.44.127.197 - - [17/May/2023:08:15:52 +0545] "GET /uploads/Oa_users/AshimRajbhandari60c0b69706c07_profile.jpg HTTP/1.1" 200 24398 "https://oa.ekbana.info/team" "Mozilla/5.0 (Macintosh; Intel Mac OS X 10_15_7) AppleWebKit/537.36 (KHTML, like Gecko) Chrome/113.0.0.0 Safari/537.36"
110.44.127.197 - - [17/May/2023:08:15:52 +0545] "GET /uploads/Oa_users/SauravManandhar60e42aae41f14_profile.jpg HTTP/1.1" 200 37670 "https://oa.ekbana.info/team" "Mozilla/5.0 (Macintosh; Intel Mac OS X 10_15_7) AppleWebKit/537.36 (KHTML, like Gecko) Chrome/113.0.0.0 Safari/537.36"
110.44.127.197 - - [17/May/2023:08:15:52 +0545] "GET /uploads/Oa_users/SonishMaharjan616d15cc690e9_profile.jpg HTTP/1.1" 200 38486 "https://oa.ekbana.info/team" "Mozilla/5.0 (Macintosh; Intel Mac OS X 10_15_7) AppleWebKit/537.36 (KHTML, like Gecko) Chrome/113.0.0.0 Safari/537.36"
110.44.127.197 - - [17/May/2023:08:15:52 +0545] "GET /uploads/Oa_users/ParjanyaShakya6246ed803bec1_profile.jpg HTTP/1.1" 200 27926 "https://oa.ekbana.info/team" "Mozilla/5.0 (Macintosh; Intel Mac OS X 10_15_7) AppleWebKit/537.36 (KHTML, like Gecko) Chrome/113.0.0.0 Safari/537.36"
103.10.28.132 - - [17/May/2023:08:15:44 +0545] "GET /api/v1/user-rp?from=2023-05-01&to=2023-05-17 HTTP/1.1" 200 19337 "-" "Dart/2.16 (dart:io)"
110.44.127.197 - - [17/May/2023:08:15:52 +0545] "GET /uploads/Oa_users/PrashantNiroula620dd2dc42840_profile.jpg HTTP/1.1" 200 32424 "https://oa.ekbana.info/team" "Mozilla/5.0 (Macintosh; Intel Mac OS X 10_15_7) AppleWebKit/537.36 (KHTML, like Gecko) Chrome/113.0.0.0 Safari/537.36"
110.44.127.197 - - [17/May/2023:08:15:52 +0545] "GET /uploads/Oa_users/BinodShrestha59b760c7009b0_profile.jpg HTTP/1.1" 200 576776 "https://oa.ekbana.info/team" "Mozilla/5.0 (Macintosh; Intel Mac OS X 10_15_7) AppleWebKit/537.36 (KHTML, like Gecko) Chrome/113.0.0.0 Safari/537.36"
110.44.127.197 - - [17/May/2023:08:15:52 +0545] "GET /uploads/Oa_users/AnupChandrahangRai626b9ea359a21_profile.jpg HTTP/1.1" 200 36153 "https://oa.ekbana.info/team" "Mozilla/5.0 (Macintosh; Intel Mac OS X 10_15_7) AppleWebKit/537.36 (KHTML, like Gecko) Chrome/113.0.0.0 Safari/537.36"
110.44.127.197 - - [17/May/2023:08:15:52 +0545] "GET /uploads/Oa_users/PrajwalPokhrel61ceecb936712_profile.jpg HTTP/1.1" 200 23753 "https://oa.ekbana.info/team" "Mozilla/5.0 (Macintosh; Intel Mac OS X 10_15_7) AppleWebKit/537.36 (KHTML, like Gecko) Chrome/113.0.0.0 Safari/537.36"
110.44.127.197 - - [17/May/2023:08:15:52 +0545] "GET /uploads/Oa_users/ManishPaudel626675659c165_profile.jpg HTTP/1.1" 200 22814 "https://oa.ekbana.info/team" "Mozilla/5.0 (Macintosh; Intel Mac OS X 10_15_7) AppleWebKit/537.36 (KHTML, like Gecko) Chrome/113.0.0.0 Safari/537.36"
110.44.127.197 - - [17/May/2023:08:15:52 +0545] "GET /uploads/Oa_users/AadilRatnaKansakar62dff8c27cedc_profile.jpg HTTP/1.1" 200 46859 "https://oa.ekbana.info/team" "Mozilla/5.0 (Macintosh; Intel Mac OS X 10_15_7) AppleWebKit/537.36 (KHTML, like Gecko) Chrome/113.0.0.0 Safari/537.36"
110.44.127.197 - - [17/May/2023:08:15:52 +0545] "GET /uploads/Oa_users/BirajShrestha626a39d08906c_profile.jpg HTTP/1.1" 200 38052 "https://oa.ekbana.info/team" "Mozilla/5.0 (Macintosh; Intel Mac OS X 10_15_7) AppleWebKit/537.36 (KHTML, like Gecko) Chrome/113.0.0.0 Safari/537.36"
110.44.127.197 - - [17/May/2023:08:15:52 +0545] "GET /uploads/Oa_users/BibekGautam63108b982aea8_profile.jpg HTTP/1.1" 200 27232 "https://oa.ekbana.info/team" "Mozilla/5.0 (Macintosh; Intel Mac OS X 10_15_7) AppleWebKit/537.36 (KHTML, like Gecko) Chrome/113.0.0.0 Safari/537.36"
110.44.127.197 - - [17/May/2023:08:15:52 +0545] "GET /uploads/Oa_users/PriyankaKumari5a4c9f7a39b2e_profile.jpg HTTP/1.1" 200 41580 "https://oa.ekbana.info/team" "Mozilla/5.0 (Macintosh; Intel Mac OS X 10_15_7) AppleWebKit/537.36 (KHTML, like Gecko) Chrome/113.0.0.0 Safari/537.36"
110.44.127.197 - - [17/May/2023:08:15:52 +0545] "GET /uploads/Oa_users/YudKumariKhanal5a4c9f5f973ac_profile.jpg HTTP/1.1" 200 27948 "https://oa.ekbana.info/team" "Mozilla/5.0 (Macintosh; Intel Mac OS X 10_15_7) AppleWebKit/537.36 (KHTML, like Gecko) Chrome/113.0.0.0 Safari/537.36"
110.44.127.197 - - [17/May/2023:08:15:52 +0545] "GET /uploads/Oa_users/MinaKumariThakur5ab2485358496_profile.jpg HTTP/1.1" 200 30307 "https://oa.ekbana.info/team" "Mozilla/5.0 (Macintosh; Intel Mac OS X 10_15_7) AppleWebKit/537.36 (KHTML, like Gecko) Chrome/113.0.0.0 Safari/537.36"
110.44.127.197 - - [17/May/2023:08:15:52 +0545] "GET /uploads/Oa_users/PujaBhujel606ae31a95584_profile.jpg HTTP/1.1" 200 31235 "https://oa.ekbana.info/team" "Mozilla/5.0 (Macintosh; Intel Mac OS X 10_15_7) AppleWebKit/537.36 (KHTML, like Gecko) Chrome/113.0.0.0 Safari/537.36"
110.44.127.197 - - [17/May/2023:08:15:52 +0545] "GET /uploads/Oa_users/UshaKhadka6221edb872976_profile.jpg HTTP/1.1" 200 389277 "https://oa.ekbana.info/team" "Mozilla/5.0 (Macintosh; Intel Mac OS X 10_15_7) AppleWebKit/537.36 (KHTML, like Gecko) Chrome/113.0.0.0 Safari/537.36"
27.34.20.11 - - [17/May/2023:08:15:52 +0545] "GET /api/v1/meeting-rooms? HTTP/1.1" 200 5152 "-" "Dart/2.16 (dart:io)"
27.34.20.11 - - [17/May/2023:08:15:52 +0545] "GET /api/v1/participant-member? HTTP/1.1" 200 33269 "-" "Dart/2.16 (dart:io)"
110.44.127.197 - - [17/May/2023:08:15:52 +0545] "GET /uploads/Oa_users/SanjitaShrestha63522b012ca67_profile.jpeg HTTP/1.1" 200 338726 "https://oa.ekbana.info/team" "Mozilla/5.0 (Macintosh; Intel Mac OS X 10_15_7) AppleWebKit/537.36 (KHTML, like Gecko) Chrome/113.0.0.0 Safari/537.36"
110.44.127.197 - - [17/May/2023:08:15:52 +0545] "GET /uploads/Oa_users/KabitaKhatriBasnet634674fa27d1d_profile.jpg HTTP/1.1" 200 464191 "https://oa.ekbana.info/team" "Mozilla/5.0 (Macintosh; Intel Mac OS X 10_15_7) AppleWebKit/537.36 (KHTML, like Gecko) Chrome/113.0.0.0 Safari/537.36"
110.44.127.197 - - [17/May/2023:08:15:53 +0545] "GET /uploads/Oa_users/KrishnaDangi59f70c1499d38_profile.jpg HTTP/1.1" 200 33798 "https://oa.ekbana.info/team" "Mozilla/5.0 (Macintosh; Intel Mac OS X 10_15_7) AppleWebKit/537.36 (KHTML, like Gecko) Chrome/113.0.0.0 Safari/537.36"
103.10.28.132 - - [17/May/2023:08:15:53 +0545] "GET /api/v1/leave-calender? HTTP/1.1" 200 5322 "-" "Dart/2.16 (dart:io)"
110.44.127.197 - - [17/May/2023:08:15:52 +0545] "GET /uploads/Oa_users/KumarTamang63c782b062445_profile.jpg HTTP/1.1" 200 106779 "https://oa.ekbana.info/team" "Mozilla/5.0 (Macintosh; Intel Mac OS X 10_15_7) AppleWebKit/537.36 (KHTML, like Gecko) Chrome/113.0.0.0 Safari/537.36"
110.44.127.197 - - [17/May/2023:08:15:53 +0545] "GET /uploads/Oa_users/NilamShrestha6267e0f011f02_profile.jpg HTTP/1.1" 200 46900 "https://oa.ekbana.info/team" "Mozilla/5.0 (Macintosh; Intel Mac OS X 10_15_7) AppleWebKit/537.36 (KHTML, like Gecko) Chrome/113.0.0.0 Safari/537.36"
110.44.127.197 - - [17/May/2023:08:15:53 +0545] "GET /uploads/Oa_users/BishakhaChapagain62831a78dc81b_profile.jpg HTTP/1.1" 200 42673 "https://oa.ekbana.info/team" "Mozilla/5.0 (Macintosh; Intel Mac OS X 10_15_7) AppleWebKit/537.36 (KHTML, like Gecko) Chrome/113.0.0.0 Safari/537.36"
110.44.127.197 - - [17/May/2023:08:15:53 +0545] "GET /uploads/Oa_users/AnishKhadgi5f0be807e60fa_profile.jpg HTTP/1.1" 200 29392 "https://oa.ekbana.info/team" "Mozilla/5.0 (Macintosh; Intel Mac OS X 10_15_7) AppleWebKit/537.36 (KHTML, like Gecko) Chrome/113.0.0.0 Safari/537.36"
110.44.127.197 - - [17/May/2023:08:15:53 +0545] "GET /uploads/Oa_users/GaneshManandhar5feaecda30b21_profile.jpg HTTP/1.1" 200 34980 "https://oa.ekbana.info/team" "Mozilla/5.0 (Macintosh; Intel Mac OS X 10_15_7) AppleWebKit/537.36 (KHTML, like Gecko) Chrome/113.0.0.0 Safari/537.36"
110.44.127.197 - - [17/May/2023:08:15:53 +0545] "GET /uploads/Oa_users/LizaMaharjan60ba1d693b4cf_profile.jpg HTTP/1.1" 200 26428 "https://oa.ekbana.info/team" "Mozilla/5.0 (Macintosh; Intel Mac OS X 10_15_7) AppleWebKit/537.36 (KHTML, like Gecko) Chrome/113.0.0.0 Safari/537.36"
110.44.127.197 - - [17/May/2023:08:15:53 +0545] "GET /uploads/Oa_users/PalisthaMaharjan618cb8b223b75_profile.jpeg HTTP/1.1" 200 47090 "https://oa.ekbana.info/team" "Mozilla/5.0 (Macintosh; Intel Mac OS X 10_15_7) AppleWebKit/537.36 (KHTML, like Gecko) Chrome/113.0.0.0 Safari/537.36"
110.44.127.197 - - [17/May/2023:08:15:53 +0545] "GET /uploads/Oa_users/SarojKhadka5f2ab8105f44c_profile.jpg HTTP/1.1" 200 43266 "https://oa.ekbana.info/team" "Mozilla/5.0 (Macintosh; Intel Mac OS X 10_15_7) AppleWebKit/537.36 (KHTML, like Gecko) Chrome/113.0.0.0 Safari/537.36"
110.44.127.197 - - [17/May/2023:08:15:53 +0545] "GET /uploads/Oa_users/UrmilaShahiThakuri6259501ef1dfc_profile.jpg HTTP/1.1" 200 39560 "https://oa.ekbana.info/team" "Mozilla/5.0 (Macintosh; Intel Mac OS X 10_15_7) AppleWebKit/537.36 (KHTML, like Gecko) Chrome/113.0.0.0 Safari/537.36"
110.44.127.197 - - [17/May/2023:08:15:53 +0545] "GET /uploads/Oa_users/BiratSapkota5d388bd4c9283_profile.jpg HTTP/1.1" 200 29369 "https://oa.ekbana.info/team" "Mozilla/5.0 (Macintosh; Intel Mac OS X 10_15_7) AppleWebKit/537.36 (KHTML, like Gecko) Chrome/113.0.0.0 Safari/537.36"
110.44.127.197 - - [17/May/2023:08:15:53 +0545] "GET /uploads/Oa_users/BinayMaharjan5f3c99d955849_profile.jpg HTTP/1.1" 200 16535 "https://oa.ekbana.info/team" "Mozilla/5.0 (Macintosh; Intel Mac OS X 10_15_7) AppleWebKit/537.36 (KHTML, like Gecko) Chrome/113.0.0.0 Safari/537.36"
110.44.127.197 - - [17/May/2023:08:15:53 +0545] "GET /uploads/Oa_users/SandeepRisal60bdba7f708fa_profile.jpg HTTP/1.1" 200 37780 "https://oa.ekbana.info/team" "Mozilla/5.0 (Macintosh; Intel Mac OS X 10_15_7) AppleWebKit/537.36 (KHTML, like Gecko) Chrome/113.0.0.0 Safari/537.36"
27.34.22.10 - - [17/May/2023:08:15:53 +0545] "GET /uploads/funFact/at-symbol-e1575232248910.jpg HTTP/1.1" 200 38449 "-" "Dart/2.16 (dart:io)"
110.44.127.197 - - [17/May/2023:08:15:53 +0545] "GET /uploads/Oa_users/SandeepDangol6322b7c3e435f_profile.jpeg HTTP/1.1" 200 35261 "https://oa.ekbana.info/team" "Mozilla/5.0 (Macintosh; Intel Mac OS X 10_15_7) AppleWebKit/537.36 (KHTML, like Gecko) Chrome/113.0.0.0 Safari/537.36"
110.44.127.197 - - [17/May/2023:08:15:53 +0545] "GET /uploads/Oa_users/KapindraRaut60c836b4c65ca_profile.jpg HTTP/1.1" 200 34876 "https://oa.ekbana.info/team" "Mozilla/5.0 (Macintosh; Intel Mac OS X 10_15_7) AppleWebKit/537.36 (KHTML, like Gecko) Chrome/113.0.0.0 Safari/537.36"
110.44.127.197 - - [17/May/2023:08:15:53 +0545] "GET /uploads/Oa_users/SonamWangdiSherpa61c0228009ae2_profile.jpg HTTP/1.1" 200 52803 "https://oa.ekbana.info/team" "Mozilla/5.0 (Macintosh; Intel Mac OS X 10_15_7) AppleWebKit/537.36 (KHTML, like Gecko) Chrome/113.0.0.0 Safari/537.36"
110.44.127.197 - - [17/May/2023:08:15:53 +0545] "GET /uploads/Oa_users/NiraTamang62e38101a1b29_profile.jpg HTTP/1.1" 200 33069 "https://oa.ekbana.info/team" "Mozilla/5.0 (Macintosh; Intel Mac OS X 10_15_7) AppleWebKit/537.36 (KHTML, like Gecko) Chrome/113.0.0.0 Safari/537.36"
27.34.22.10 - - [17/May/2023:08:15:53 +0545] "GET /uploads/Oa_users/Dipeshlama629d7e479ac01_profile.jpg HTTP/1.1" 200 30675 "-" "Dart/2.16 (dart:io)"
110.44.127.197 - - [17/May/2023:08:15:53 +0545] "GET /uploads/Oa_users/BijayataShrestha625f909fd9a19_profile.jpg HTTP/1.1" 200 43130 "https://oa.ekbana.info/team" "Mozilla/5.0 (Macintosh; Intel Mac OS X 10_15_7) AppleWebKit/537.36 (KHTML, like Gecko) Chrome/113.0.0.0 Safari/537.36"
27.34.22.10 - - [17/May/2023:08:15:53 +0545] "GET /uploads/Oa_users/SunilGamal5ce58bc2681ce_profile.jpg HTTP/1.1" 200 39418 "-" "Dart/2.16 (dart:io)"
110.44.127.197 - - [17/May/2023:08:15:53 +0545] "GET /uploads/Oa_users/SamanKhadgi626ba51f71208_profile.jpg HTTP/1.1" 200 25472 "https://oa.ekbana.info/team" "Mozilla/5.0 (Macintosh; Intel Mac OS X 10_15_7) AppleWebKit/537.36 (KHTML, like Gecko) Chrome/113.0.0.0 Safari/537.36"
110.44.127.197 - - [17/May/2023:08:15:53 +0545] "GET /uploads/Oa_users/RiyaAcharya626b465a77c65_profile.jpg HTTP/1.1" 200 34383 "https://oa.ekbana.info/team" "Mozilla/5.0 (Macintosh; Intel Mac OS X 10_15_7) AppleWebKit/537.36 (KHTML, like Gecko) Chrome/113.0.0.0 Safari/537.36"
110.44.127.197 - - [17/May/2023:08:15:53 +0545] "GET /uploads/Oa_users/NimeshMaharjan6385fd0005892_profile.jpg HTTP/1.1" 200 40532 "https://oa.ekbana.info/team" "Mozilla/5.0 (Macintosh; Intel Mac OS X 10_15_7) AppleWebKit/537.36 (KHTML, like Gecko) Chrome/113.0.0.0 Safari/537.36"
110.44.127.197 - - [17/May/2023:08:15:53 +0545] "GET /uploads/Oa_users/BisheshTuladhar6281e28e932cc_profile.jpg HTTP/1.1" 200 36283 "https://oa.ekbana.info/team" "Mozilla/5.0 (Macintosh; Intel Mac OS X 10_15_7) AppleWebKit/537.36 (KHTML, like Gecko) Chrome/113.0.0.0 Safari/537.36"
110.44.127.197 - - [17/May/2023:08:15:53 +0545] "GET /uploads/Oa_users/SubinBhandari62f236566f53d_profile.jpg HTTP/1.1" 200 22643 "https://oa.ekbana.info/team" "Mozilla/5.0 (Macintosh; Intel Mac OS X 10_15_7) AppleWebKit/537.36 (KHTML, like Gecko) Chrome/113.0.0.0 Safari/537.36"
110.44.127.197 - - [17/May/2023:08:15:53 +0545] "GET /uploads/Oa_users/DavidSilwal5d27163e3f4b7_profile.jpg HTTP/1.1" 200 52151 "https://oa.ekbana.info/team" "Mozilla/5.0 (Macintosh; Intel Mac OS X 10_15_7) AppleWebKit/537.36 (KHTML, like Gecko) Chrome/113.0.0.0 Safari/537.36"
