110.44.123.47 - - [17/May/2023:07:02:29 +0545] "GET /api/v1/mobile-checkin? HTTP/1.1" 200 5213 "-" "Dart/2.16 (dart:io)"
110.44.123.47 - - [17/May/2023:07:02:28 +0545] "GET /uploads/snack/CholaBhatura_snack.jpg HTTP/1.1" 200 932358 "-" "Dart/2.16 (dart:io)"
110.44.123.47 - - [17/May/2023:07:02:31 +0545] "GET /api/v1/my-attendance?month=2080-2 HTTP/1.1" 200 6598 "-" "Dart/2.16 (dart:io)"
103.41.172.18 - - [17/May/2023:07:02:31 +0545] "GET /api/v1/feed-post?page=1 HTTP/1.1" 200 8558 "-" "Dart/2.16 (dart:io)"
110.44.123.47 - - [17/May/2023:07:02:31 +0545] "GET /api/v1/mobile-checkin? HTTP/1.1" 200 5216 "-" "Dart/2.16 (dart:io)"
113.199.230.33 - - [17/May/2023:07:02:32 +0545] "GET /api/v1/user-rp?from=2023-03-01&to=2023-03-31 HTTP/1.1" 200 36226 "-" "Dart/2.16 (dart:io)"
103.41.172.18 - - [17/May/2023:07:02:33 +0545] "GET /api/v1/my-attendance?month HTTP/1.1" 200 6548 "-" "Dart/2.16 (dart:io)"
110.44.123.47 - - [17/May/2023:07:02:33 +0545] "GET /api/v1/my-attendance?month=2080-2 HTTP/1.1" 200 6687 "-" "Dart/2.16 (dart:io)"
103.41.172.18 - - [17/May/2023:07:02:32 +0545] "GET /api/v1/user-rp?from=2023-05-01&to=2023-05-17 HTTP/1.1" 200 22206 "-" "Dart/2.16 (dart:io)"
103.41.172.18 - - [17/May/2023:07:02:34 +0545] "GET /api/v1/leave-calender? HTTP/1.1" 200 5321 "-" "Dart/2.16 (dart:io)"
103.41.172.18 - - [17/May/2023:07:02:35 +0545] "GET /api/v1/projects?page=1&status=In+Progress HTTP/1.1" 200 5145 "-" "Dart/2.16 (dart:io)"
103.41.172.18 - - [17/May/2023:07:02:35 +0545] "GET /api/v1/mobile-checkin? HTTP/1.1" 200 5214 "-" "Dart/2.16 (dart:io)"
103.41.172.18 - - [17/May/2023:07:02:36 +0545] "GET /api/v1/my-attendance?month=2080-2 HTTP/1.1" 200 6702 "-" "Dart/2.16 (dart:io)"
113.199.230.33 - - [17/May/2023:07:02:37 +0545] "GET /api/v1/user-rp?from=2023-02-01&to=2023-02-28 HTTP/1.1" 200 66451 "-" "Dart/2.16 (dart:io)"
113.199.230.33 - - [17/May/2023:07:02:43 +0545] "GET /api/v1/user-rp?from=2023-01-01&to=2023-01-31 HTTP/1.1" 200 73400 "-" "Dart/2.16 (dart:io)"
103.41.172.18 - - [17/May/2023:07:02:51 +0545] "GET /api/v1/feed-post?page=1 HTTP/1.1" 200 8558 "-" "Dart/2.16 (dart:io)"
103.41.172.18 - - [17/May/2023:07:02:52 +0545] "GET /api/v1/feed-post?page=1 HTTP/1.1" 200 8559 "-" "Dart/2.16 (dart:io)"
103.41.172.18 - - [17/May/2023:07:02:52 +0545] "GET /api/v1/user-rp?from=2023-05-01&to=2023-05-17 HTTP/1.1" 200 23029 "-" "Dart/2.16 (dart:io)"
103.41.172.18 - - [17/May/2023:07:02:54 +0545] "GET /api/v1/leave-calender? HTTP/1.1" 200 5321 "-" "Dart/2.16 (dart:io)"
103.41.172.18 - - [17/May/2023:07:02:54 +0545] "GET /api/v1/my-attendance?month HTTP/1.1" 200 6580 "-" "Dart/2.16 (dart:io)"
113.199.230.33 - - [17/May/2023:07:02:52 +0545] "GET /api/v1/user-rp?from=2022-12-01&to=2022-12-31 HTTP/1.1" 200 58787 "-" "Dart/2.16 (dart:io)"
103.41.172.18 - - [17/May/2023:07:02:54 +0545] "GET /api/v1/projects?page=1&status=In+Progress HTTP/1.1" 200 5145 "-" "Dart/2.16 (dart:io)"
103.41.172.18 - - [17/May/2023:07:02:53 +0545] "GET /api/v1/user-rp?from=2023-05-01&to=2023-05-17 HTTP/1.1" 200 15848 "-" "Dart/2.16 (dart:io)"
103.41.172.18 - - [17/May/2023:07:02:56 +0545] "GET /frontend/img/adminlogo.png HTTP/1.1" 200 10783 "-" "Dart/2.16 (dart:io)"
103.41.172.18 - - [17/May/2023:07:02:56 +0545] "GET /uploads/funFact/at-symbol-e1575232248910.jpg HTTP/1.1" 200 38449 "-" "Dart/2.16 (dart:io)"
103.41.172.18 - - [17/May/2023:07:02:56 +0545] "GET /uploads/Oa_users/SunilGamal5ce58bc2681ce_profile.jpg HTTP/1.1" 200 39418 "-" "Dart/2.16 (dart:io)"
103.41.172.18 - - [17/May/2023:07:02:56 +0545] "GET /uploads/Oa_users/Dipeshlama629d7e479ac01_profile.jpg HTTP/1.1" 200 30675 "-" "Dart/2.16 (dart:io)"
103.41.172.18 - - [17/May/2023:07:02:56 +0545] "GET /api/v1/leave-calender? HTTP/1.1" 200 5321 "-" "Dart/2.16 (dart:io)"
103.41.172.18 - - [17/May/2023:07:02:56 +0545] "GET /uploads/feed/2023-05-12-04-00-59-image_picker_compress_fcc309f3-ba9f-40f4-a554-79a4bc28a196.jpg HTTP/1.1" 200 196457 "-" "Dart/2.16 (dart:io)"
103.41.172.18 - - [17/May/2023:07:02:56 +0545] "GET /uploads/snack/Friedrice_snack.jpg HTTP/1.1" 200 431489 "-" "Dart/2.16 (dart:io)"
103.41.172.18 - - [17/May/2023:07:02:56 +0545] "GET /uploads/snack/Shapale&achar_snack.jpg HTTP/1.1" 200 462926 "-" "Dart/2.16 (dart:io)"
103.41.172.18 - - [17/May/2023:07:02:56 +0545] "GET /api/v1/projects?page=1&status=In+Progress HTTP/1.1" 200 5145 "-" "Dart/2.16 (dart:io)"
103.41.172.18 - - [17/May/2023:07:02:56 +0545] "GET /uploads/snack/KeemaNaan_snack.jpeg HTTP/1.1" 200 462382 "-" "Dart/2.16 (dart:io)"
110.44.123.47 - - [17/May/2023:07:02:57 +0545] "POST /login HTTP/1.1" 302 1596 "https://oa.ekbana.info/login" "Mozilla/5.0 (Windows NT 10.0; Win64; x64) AppleWebKit/537.36 (KHTML, like Gecko) Chrome/113.0.0.0 Safari/537.36"
103.41.172.18 - - [17/May/2023:07:02:55 +0545] "GET /uploads/snack/CholaBhatura_snack.jpg HTTP/1.1" 200 932358 "-" "Dart/2.16 (dart:io)"
110.44.123.47 - - [17/May/2023:07:02:58 +0545] "GET /dashboard HTTP/1.1" 200 10144 "https://oa.ekbana.info/login" "Mozilla/5.0 (Windows NT 10.0; Win64; x64) AppleWebKit/537.36 (KHTML, like Gecko) Chrome/113.0.0.0 Safari/537.36"
110.44.123.47 - - [17/May/2023:07:02:58 +0545] "GET /css/birthday.css HTTP/1.1" 200 1371 "https://oa.ekbana.info/dashboard" "Mozilla/5.0 (Windows NT 10.0; Win64; x64) AppleWebKit/537.36 (KHTML, like Gecko) Chrome/113.0.0.0 Safari/537.36"
110.44.123.47 - - [17/May/2023:07:02:58 +0545] "GET /backend/helpers/utils.css HTTP/1.1" 200 3753 "https://oa.ekbana.info/dashboard" "Mozilla/5.0 (Windows NT 10.0; Win64; x64) AppleWebKit/537.36 (KHTML, like Gecko) Chrome/113.0.0.0 Safari/537.36"
103.41.172.18 - - [17/May/2023:07:02:57 +0545] "GET /api/v1/mobile-checkin? HTTP/1.1" 200 5219 "-" "Dart/2.16 (dart:io)"
110.44.123.47 - - [17/May/2023:07:02:58 +0545] "GET /frontend/icon_fonts_assets/themefy/themify-icons.css HTTP/1.1" 200 3573 "https://oa.ekbana.info/dashboard" "Mozilla/5.0 (Windows NT 10.0; Win64; x64) AppleWebKit/537.36 (KHTML, like Gecko) Chrome/113.0.0.0 Safari/537.36"
110.44.123.47 - - [17/May/2023:07:02:58 +0545] "GET /frontend/icon_fonts_assets/typicons/typicons.css HTTP/1.1" 200 4564 "https://oa.ekbana.info/dashboard" "Mozilla/5.0 (Windows NT 10.0; Win64; x64) AppleWebKit/537.36 (KHTML, like Gecko) Chrome/113.0.0.0 Safari/537.36"
110.44.123.47 - - [17/May/2023:07:02:58 +0545] "GET /frontend/icon_fonts_assets/picons-thin/style.css HTTP/1.1" 200 11168 "https://oa.ekbana.info/dashboard" "Mozilla/5.0 (Windows NT 10.0; Win64; x64) AppleWebKit/537.36 (KHTML, like Gecko) Chrome/113.0.0.0 Safari/537.36"
110.44.123.47 - - [17/May/2023:07:02:58 +0545] "GET /frontend/icon_fonts_assets/simple-line-icons/css/simple-line-icons.css HTTP/1.1" 200 3313 "https://oa.ekbana.info/dashboard" "Mozilla/5.0 (Windows NT 10.0; Win64; x64) AppleWebKit/537.36 (KHTML, like Gecko) Chrome/113.0.0.0 Safari/537.36"
110.44.123.47 - - [17/May/2023:07:02:58 +0545] "GET /backend/icons/fontawesome/fontawesome.css HTTP/1.1" 200 5153 "https://oa.ekbana.info/dashboard" "Mozilla/5.0 (Windows NT 10.0; Win64; x64) AppleWebKit/537.36 (KHTML, like Gecko) Chrome/113.0.0.0 Safari/537.36"
110.44.123.47 - - [17/May/2023:07:02:58 +0545] "GET /backend/widgets/dropdown/dropdown.css HTTP/1.1" 200 1634 "https://oa.ekbana.info/dashboard" "Mozilla/5.0 (Windows NT 10.0; Win64; x64) AppleWebKit/537.36 (KHTML, like Gecko) Chrome/113.0.0.0 Safari/537.36"
110.44.123.47 - - [17/May/2023:07:02:58 +0545] "GET /frontend/icon_fonts_assets/font-awesome/css/font-awesome.min.css HTTP/1.1" 200 7499 "https://oa.ekbana.info/dashboard" "Mozilla/5.0 (Windows NT 10.0; Win64; x64) AppleWebKit/537.36 (KHTML, like Gecko) Chrome/113.0.0.0 Safari/537.36"
110.44.123.47 - - [17/May/2023:07:02:58 +0545] "GET /fonts/fonts.css HTTP/1.1" 200 677 "https://oa.ekbana.info/dashboard" "Mozilla/5.0 (Windows NT 10.0; Win64; x64) AppleWebKit/537.36 (KHTML, like Gecko) Chrome/113.0.0.0 Safari/537.36"
110.44.123.47 - - [17/May/2023:07:02:58 +0545] "GET /css/learningStyles.css HTTP/1.1" 200 5595 "https://oa.ekbana.info/dashboard" "Mozilla/5.0 (Windows NT 10.0; Win64; x64) AppleWebKit/537.36 (KHTML, like Gecko) Chrome/113.0.0.0 Safari/537.36"
110.44.123.47 - - [17/May/2023:07:02:58 +0545] "GET /frontend/img/bg-pattern.png HTTP/1.1" 200 4578 "https://oa.ekbana.info/frontend/css/mainc599.css?version=3.3" "Mozilla/5.0 (Windows NT 10.0; Win64; x64) AppleWebKit/537.36 (KHTML, like Gecko) Chrome/113.0.0.0 Safari/537.36"
110.44.123.47 - - [17/May/2023:07:02:58 +0545] "GET /uploads/Oa_users/BijayKhadka61e516ad29d84_profile.jpg HTTP/1.1" 200 43672 "https://oa.ekbana.info/dashboard" "Mozilla/5.0 (Windows NT 10.0; Win64; x64) AppleWebKit/537.36 (KHTML, like Gecko) Chrome/113.0.0.0 Safari/537.36"
110.44.123.47 - - [17/May/2023:07:02:58 +0545] "GET /backend/js-core/jquery-core.js HTTP/1.1" 200 92376 "https://oa.ekbana.info/dashboard" "Mozilla/5.0 (Windows NT 10.0; Win64; x64) AppleWebKit/537.36 (KHTML, like Gecko) Chrome/113.0.0.0 Safari/537.36"
110.44.123.47 - - [17/May/2023:07:02:58 +0545] "GET /frontend/icon_fonts_assets/themefy/fonts/themify9f24.woff?-fvbane HTTP/1.1" 200 56537 "https://oa.ekbana.info/frontend/icon_fonts_assets/themefy/themify-icons.css" "Mozilla/5.0 (Windows NT 10.0; Win64; x64) AppleWebKit/537.36 (KHTML, like Gecko) Chrome/113.0.0.0 Safari/537.36"
110.44.123.47 - - [17/May/2023:07:02:58 +0545] "GET /frontend/icon_fonts_assets/simple-line-icons/fonts/Simple-Line-Iconsb26c.woff2?v=2.4.0 HTTP/1.1" 200 30398 "https://oa.ekbana.info/frontend/icon_fonts_assets/simple-line-icons/css/simple-line-icons.css" "Mozilla/5.0 (Windows NT 10.0; Win64; x64) AppleWebKit/537.36 (KHTML, like Gecko) Chrome/113.0.0.0 Safari/537.36"
110.44.123.47 - - [17/May/2023:07:02:58 +0545] "GET /frontend/icon_fonts_assets/typicons/typicons.woff HTTP/1.1" 200 60301 "https://oa.ekbana.info/frontend/icon_fonts_assets/typicons/typicons.css" "Mozilla/5.0 (Windows NT 10.0; Win64; x64) AppleWebKit/537.36 (KHTML, like Gecko) Chrome/113.0.0.0 Safari/537.36"
110.44.123.47 - - [17/May/2023:07:02:59 +0545] "GET /frontend/bower_components/jquery/dist/jquery.min.js HTTP/1.1" 200 30679 "https://oa.ekbana.info/dashboard" "Mozilla/5.0 (Windows NT 10.0; Win64; x64) AppleWebKit/537.36 (KHTML, like Gecko) Chrome/113.0.0.0 Safari/537.36"
110.44.123.47 - - [17/May/2023:07:02:59 +0545] "GET /frontend/bower_components/moment/moment.js HTTP/1.1" 200 31882 "https://oa.ekbana.info/dashboard" "Mozilla/5.0 (Windows NT 10.0; Win64; x64) AppleWebKit/537.36 (KHTML, like Gecko) Chrome/113.0.0.0 Safari/537.36"
110.44.123.47 - - [17/May/2023:07:02:59 +0545] "GET /frontend/bower_components/select2/dist/js/select2.full.min.js HTTP/1.1" 200 21717 "https://oa.ekbana.info/dashboard" "Mozilla/5.0 (Windows NT 10.0; Win64; x64) AppleWebKit/537.36 (KHTML, like Gecko) Chrome/113.0.0.0 Safari/537.36"
110.44.123.47 - - [17/May/2023:07:02:59 +0545] "GET /frontend/bower_components/chart.js/dist/Chart.min.js HTTP/1.1" 200 44225 "https://oa.ekbana.info/dashboard" "Mozilla/5.0 (Windows NT 10.0; Win64; x64) AppleWebKit/537.36 (KHTML, like Gecko) Chrome/113.0.0.0 Safari/537.36"
110.44.123.47 - - [17/May/2023:07:02:59 +0545] "GET /frontend/bower_components/bootstrap-validator/dist/validator.min.js HTTP/1.1" 200 3033 "https://oa.ekbana.info/dashboard" "Mozilla/5.0 (Windows NT 10.0; Win64; x64) AppleWebKit/537.36 (KHTML, like Gecko) Chrome/113.0.0.0 Safari/537.36"
110.44.123.47 - - [17/May/2023:07:02:58 +0545] "GET /frontend/icon_fonts_assets/picons-thin/fonts/piconsthin91a6.woff2?lkhde6 HTTP/1.1" 200 149464 "https://oa.ekbana.info/frontend/icon_fonts_assets/picons-thin/style.css" "Mozilla/5.0 (Windows NT 10.0; Win64; x64) AppleWebKit/537.36 (KHTML, like Gecko) Chrome/113.0.0.0 Safari/537.36"
110.44.123.47 - - [17/May/2023:07:02:59 +0545] "GET /frontend/bower_components/bootstrap-daterangepicker/daterangepicker.js HTTP/1.1" 200 12488 "https://oa.ekbana.info/dashboard" "Mozilla/5.0 (Windows NT 10.0; Win64; x64) AppleWebKit/537.36 (KHTML, like Gecko) Chrome/113.0.0.0 Safari/537.36"
110.44.123.47 - - [17/May/2023:07:02:59 +0545] "GET /frontend/bower_components/editable-table/mindmup-editabletable.js HTTP/1.1" 200 1655 "https://oa.ekbana.info/dashboard" "Mozilla/5.0 (Windows NT 10.0; Win64; x64) AppleWebKit/537.36 (KHTML, like Gecko) Chrome/113.0.0.0 Safari/537.36"
110.44.123.47 - - [17/May/2023:07:02:59 +0545] "GET /frontend/bower_components/dropzone/dist/dropzone.js HTTP/1.1" 200 14690 "https://oa.ekbana.info/dashboard" "Mozilla/5.0 (Windows NT 10.0; Win64; x64) AppleWebKit/537.36 (KHTML, like Gecko) Chrome/113.0.0.0 Safari/537.36"
110.44.123.47 - - [17/May/2023:07:02:59 +0545] "GET /frontend/bower_components/ckeditor/ckeditor.js HTTP/1.1" 200 169584 "https://oa.ekbana.info/dashboard" "Mozilla/5.0 (Windows NT 10.0; Win64; x64) AppleWebKit/537.36 (KHTML, like Gecko) Chrome/113.0.0.0 Safari/537.36"
110.44.123.47 - - [17/May/2023:07:02:59 +0545] "GET /frontend/bower_components/datatables.net/js/jquery.dataTables.min.js HTTP/1.1" 200 28794 "https://oa.ekbana.info/dashboard" "Mozilla/5.0 (Windows NT 10.0; Win64; x64) AppleWebKit/537.36 (KHTML, like Gecko) Chrome/113.0.0.0 Safari/537.36"
110.44.123.47 - - [17/May/2023:07:02:59 +0545] "GET /frontend/bower_components/datatables.net-bs/js/dataTables.bootstrap.min.js HTTP/1.1" 200 1485 "https://oa.ekbana.info/dashboard" "Mozilla/5.0 (Windows NT 10.0; Win64; x64) AppleWebKit/537.36 (KHTML, like Gecko) Chrome/113.0.0.0 Safari/537.36"
110.44.123.47 - - [17/May/2023:07:02:59 +0545] "GET /frontend/bower_components/fullcalendar/dist/fullcalendar.min.js HTTP/1.1" 200 40966 "https://oa.ekbana.info/dashboard" "Mozilla/5.0 (Windows NT 10.0; Win64; x64) AppleWebKit/537.36 (KHTML, like Gecko) Chrome/113.0.0.0 Safari/537.36"
110.44.123.47 - - [17/May/2023:07:02:59 +0545] "GET /frontend/bower_components/perfect-scrollbar/js/perfect-scrollbar.jquery.min.js HTTP/1.1" 200 7004 "https://oa.ekbana.info/dashboard" "Mozilla/5.0 (Windows NT 10.0; Win64; x64) AppleWebKit/537.36 (KHTML, like Gecko) Chrome/113.0.0.0 Safari/537.36"
110.44.123.47 - - [17/May/2023:07:02:59 +0545] "GET /frontend/bower_components/tether/dist/js/tether.min.js HTTP/1.1" 200 7971 "https://oa.ekbana.info/dashboard" "Mozilla/5.0 (Windows NT 10.0; Win64; x64) AppleWebKit/537.36 (KHTML, like Gecko) Chrome/113.0.0.0 Safari/537.36"
110.44.123.47 - - [17/May/2023:07:02:59 +0545] "GET /frontend/bower_components/bootstrap/js/dist/util.js HTTP/1.1" 200 1850 "https://oa.ekbana.info/dashboard" "Mozilla/5.0 (Windows NT 10.0; Win64; x64) AppleWebKit/537.36 (KHTML, like Gecko) Chrome/113.0.0.0 Safari/537.36"
110.44.123.47 - - [17/May/2023:07:02:59 +0545] "GET /frontend/bower_components/bootstrap/js/dist/alert.js HTTP/1.1" 200 1952 "https://oa.ekbana.info/dashboard" "Mozilla/5.0 (Windows NT 10.0; Win64; x64) AppleWebKit/537.36 (KHTML, like Gecko) Chrome/113.0.0.0 Safari/537.36"
110.44.123.47 - - [17/May/2023:07:02:59 +0545] "GET /frontend/bower_components/bootstrap/js/dist/carousel.js HTTP/1.1" 200 4035 "https://oa.ekbana.info/dashboard" "Mozilla/5.0 (Windows NT 10.0; Win64; x64) AppleWebKit/537.36 (KHTML, like Gecko) Chrome/113.0.0.0 Safari/537.36"
110.44.123.47 - - [17/May/2023:07:02:59 +0545] "GET /frontend/bower_components/bootstrap/js/dist/collapse.js HTTP/1.1" 200 3170 "https://oa.ekbana.info/dashboard" "Mozilla/5.0 (Windows NT 10.0; Win64; x64) AppleWebKit/537.36 (KHTML, like Gecko) Chrome/113.0.0.0 Safari/537.36"
110.44.123.47 - - [17/May/2023:07:02:59 +0545] "GET /frontend/bower_components/bootstrap/js/dist/dropdown.js HTTP/1.1" 200 2978 "https://oa.ekbana.info/dashboard" "Mozilla/5.0 (Windows NT 10.0; Win64; x64) AppleWebKit/537.36 (KHTML, like Gecko) Chrome/113.0.0.0 Safari/537.36"
110.44.123.47 - - [17/May/2023:07:02:59 +0545] "GET /frontend/bower_components/bootstrap/js/dist/modal.js HTTP/1.1" 200 4383 "https://oa.ekbana.info/dashboard" "Mozilla/5.0 (Windows NT 10.0; Win64; x64) AppleWebKit/537.36 (KHTML, like Gecko) Chrome/113.0.0.0 Safari/537.36"
110.44.123.47 - - [17/May/2023:07:02:59 +0545] "GET /frontend/bower_components/bootstrap/js/dist/tab.js HTTP/1.1" 200 2609 "https://oa.ekbana.info/dashboard" "Mozilla/5.0 (Windows NT 10.0; Win64; x64) AppleWebKit/537.36 (KHTML, like Gecko) Chrome/113.0.0.0 Safari/537.36"
110.44.123.47 - - [17/May/2023:07:02:59 +0545] "GET /frontend/bower_components/bootstrap/js/dist/tooltip.js HTTP/1.1" 200 4697 "https://oa.ekbana.info/dashboard" "Mozilla/5.0 (Windows NT 10.0; Win64; x64) AppleWebKit/537.36 (KHTML, like Gecko) Chrome/113.0.0.0 Safari/537.36"
110.44.123.47 - - [17/May/2023:07:02:59 +0545] "GET /frontend/bower_components/bootstrap/js/dist/popover.js HTTP/1.1" 200 2434 "https://oa.ekbana.info/dashboard" "Mozilla/5.0 (Windows NT 10.0; Win64; x64) AppleWebKit/537.36 (KHTML, like Gecko) Chrome/113.0.0.0 Safari/537.36"
110.44.123.47 - - [17/May/2023:07:02:59 +0545] "GET /frontend/js/dataTables.bootstrap4.min.js HTTP/1.1" 200 1520 "https://oa.ekbana.info/dashboard" "Mozilla/5.0 (Windows NT 10.0; Win64; x64) AppleWebKit/537.36 (KHTML, like Gecko) Chrome/113.0.0.0 Safari/537.36"
110.44.123.47 - - [17/May/2023:07:02:59 +0545] "GET /frontend/js/mainc599.js?version=3.3 HTTP/1.1" 200 4819 "https://oa.ekbana.info/dashboard" "Mozilla/5.0 (Windows NT 10.0; Win64; x64) AppleWebKit/537.36 (KHTML, like Gecko) Chrome/113.0.0.0 Safari/537.36"
110.44.123.47 - - [17/May/2023:07:02:59 +0545] "GET /frontend/birthday/head-ballon.svg HTTP/1.1" 200 11471 "https://oa.ekbana.info/dashboard" "Mozilla/5.0 (Windows NT 10.0; Win64; x64) AppleWebKit/537.36 (KHTML, like Gecko) Chrome/113.0.0.0 Safari/537.36"
110.44.123.47 - - [17/May/2023:07:02:59 +0545] "GET /datetimepicker/jquery.datetimepicker.full.js HTTP/1.1" 404 2283 "https://oa.ekbana.info/dashboard" "Mozilla/5.0 (Windows NT 10.0; Win64; x64) AppleWebKit/537.36 (KHTML, like Gecko) Chrome/113.0.0.0 Safari/537.36"
103.41.172.18 - - [17/May/2023:07:02:59 +0545] "GET /api/v1/my-attendance?month HTTP/1.1" 200 6550 "-" "Dart/2.16 (dart:io)"
110.44.123.47 - - [17/May/2023:07:02:59 +0545] "GET /datetimepicker/jquery.datetimepicker.min.css HTTP/1.1" 404 2283 "https://oa.ekbana.info/dashboard" "Mozilla/5.0 (Windows NT 10.0; Win64; x64) AppleWebKit/537.36 (KHTML, like Gecko) Chrome/113.0.0.0 Safari/537.36"
110.44.123.47 - - [17/May/2023:07:02:59 +0545] "GET /frontend/tinymce/tinymce.min.js HTTP/1.1" 200 137019 "https://oa.ekbana.info/dashboard" "Mozilla/5.0 (Windows NT 10.0; Win64; x64) AppleWebKit/537.36 (KHTML, like Gecko) Chrome/113.0.0.0 Safari/537.36"
110.44.123.47 - - [17/May/2023:07:02:59 +0545] "GET /frontend/birthday/head-balloon-2.svg HTTP/1.1" 200 11484 "https://oa.ekbana.info/dashboard" "Mozilla/5.0 (Windows NT 10.0; Win64; x64) AppleWebKit/537.36 (KHTML, like Gecko) Chrome/113.0.0.0 Safari/537.36"
110.44.123.47 - - [17/May/2023:07:02:59 +0545] "GET /frontend/birthday/pomper.svg HTTP/1.1" 200 8183 "https://oa.ekbana.info/dashboard" "Mozilla/5.0 (Windows NT 10.0; Win64; x64) AppleWebKit/537.36 (KHTML, like Gecko) Chrome/113.0.0.0 Safari/537.36"
110.44.123.47 - - [17/May/2023:07:02:59 +0545] "GET /frontend/birthday/drop-balloon.svg HTTP/1.1" 200 3235 "https://oa.ekbana.info/dashboard" "Mozilla/5.0 (Windows NT 10.0; Win64; x64) AppleWebKit/537.36 (KHTML, like Gecko) Chrome/113.0.0.0 Safari/537.36"
110.44.123.47 - - [17/May/2023:07:02:59 +0545] "GET /uploads/Oa_users/wangdenyonjan626a5969373d2_profile.jpg HTTP/1.1" 200 33861 "https://oa.ekbana.info/dashboard" "Mozilla/5.0 (Windows NT 10.0; Win64; x64) AppleWebKit/537.36 (KHTML, like Gecko) Chrome/113.0.0.0 Safari/537.36"
110.44.123.47 - - [17/May/2023:07:02:59 +0545] "GET /frontend/birthday/user-balloon.svg HTTP/1.1" 200 4768 "https://oa.ekbana.info/dashboard" "Mozilla/5.0 (Windows NT 10.0; Win64; x64) AppleWebKit/537.36 (KHTML, like Gecko) Chrome/113.0.0.0 Safari/537.36"
103.41.172.18 - - [17/May/2023:07:02:59 +0545] "GET /api/v1/my-attendance?month=2080-2 HTTP/1.1" 200 6734 "-" "Dart/2.16 (dart:io)"
110.44.123.47 - - [17/May/2023:07:02:59 +0545] "GET /frontend/birthday/ribbon.svg HTTP/1.1" 200 4657 "https://oa.ekbana.info/dashboard" "Mozilla/5.0 (Windows NT 10.0; Win64; x64) AppleWebKit/537.36 (KHTML, like Gecko) Chrome/113.0.0.0 Safari/537.36"
110.44.123.47 - - [17/May/2023:07:02:59 +0545] "GET /uploads/Oa_users/SubashDahal62d50c960d5dd_profile.JPG HTTP/1.1" 200 31581 "https://oa.ekbana.info/dashboard" "Mozilla/5.0 (Windows NT 10.0; Win64; x64) AppleWebKit/537.36 (KHTML, like Gecko) Chrome/113.0.0.0 Safari/537.36"
110.44.123.47 - - [17/May/2023:07:02:59 +0545] "GET /uploads/Oa_users/Dipeshlama629d7e479ac01_profile.jpg HTTP/1.1" 200 26014 "https://oa.ekbana.info/dashboard" "Mozilla/5.0 (Windows NT 10.0; Win64; x64) AppleWebKit/537.36 (KHTML, like Gecko) Chrome/113.0.0.0 Safari/537.36"
110.44.123.47 - - [17/May/2023:07:02:59 +0545] "GET /uploads/Oa_users/SudarshanAdhikari61b9992cbd0fa_profile.jpg HTTP/1.1" 200 33647 "https://oa.ekbana.info/dashboard" "Mozilla/5.0 (Windows NT 10.0; Win64; x64) AppleWebKit/537.36 (KHTML, like Gecko) Chrome/113.0.0.0 Safari/537.36"
110.44.123.47 - - [17/May/2023:07:02:59 +0545] "GET /uploads/Oa_users/VinayMaharjan608268df73dcc_profile.jpeg HTTP/1.1" 200 46931 "https://oa.ekbana.info/dashboard" "Mozilla/5.0 (Windows NT 10.0; Win64; x64) AppleWebKit/537.36 (KHTML, like Gecko) Chrome/113.0.0.0 Safari/537.36"
110.44.123.47 - - [17/May/2023:07:02:59 +0545] "GET /uploads/Oa_users/SanjayRaut609c2fcfe2db1_profile.jpg HTTP/1.1" 200 38969 "https://oa.ekbana.info/dashboard" "Mozilla/5.0 (Windows NT 10.0; Win64; x64) AppleWebKit/537.36 (KHTML, like Gecko) Chrome/113.0.0.0 Safari/537.36"
110.44.123.47 - - [17/May/2023:07:02:59 +0545] "GET /uploads/Oa_users/AnkitPokharel5fe5d01cb603a_profile.jpg HTTP/1.1" 200 31041 "https://oa.ekbana.info/dashboard" "Mozilla/5.0 (Windows NT 10.0; Win64; x64) AppleWebKit/537.36 (KHTML, like Gecko) Chrome/113.0.0.0 Safari/537.36"
110.44.123.47 - - [17/May/2023:07:02:59 +0545] "GET /uploads/Oa_users/SantoshKumarMandal62682fcf00a87_profile.jpg HTTP/1.1" 200 33865 "https://oa.ekbana.info/dashboard" "Mozilla/5.0 (Windows NT 10.0; Win64; x64) AppleWebKit/537.36 (KHTML, like Gecko) Chrome/113.0.0.0 Safari/537.36"
110.44.123.47 - - [17/May/2023:07:02:59 +0545] "GET /uploads/Oa_users/PujanMaharjan6191dd2ab172d_profile.jpg HTTP/1.1" 200 34279 "https://oa.ekbana.info/dashboard" "Mozilla/5.0 (Windows NT 10.0; Win64; x64) AppleWebKit/537.36 (KHTML, like Gecko) Chrome/113.0.0.0 Safari/537.36"
110.44.123.47 - - [17/May/2023:07:02:59 +0545] "GET /uploads/Oa_users/ManishDahal60a216454da60_profile.jpg HTTP/1.1" 200 33817 "https://oa.ekbana.info/dashboard" "Mozilla/5.0 (Windows NT 10.0; Win64; x64) AppleWebKit/537.36 (KHTML, like Gecko) Chrome/113.0.0.0 Safari/537.36"
110.44.123.47 - - [17/May/2023:07:02:59 +0545] "GET /uploads/Oa_users/SandeshThapa5ab9bf3263eb9_profile.JPG HTTP/1.1" 200 41988 "https://oa.ekbana.info/dashboard" "Mozilla/5.0 (Windows NT 10.0; Win64; x64) AppleWebKit/537.36 (KHTML, like Gecko) Chrome/113.0.0.0 Safari/537.36"
110.44.123.47 - - [17/May/2023:07:02:59 +0545] "GET /uploads/Oa_users/SarinaAcharya625d2b7d73654_profile.jpg HTTP/1.1" 200 33812 "https://oa.ekbana.info/dashboard" "Mozilla/5.0 (Windows NT 10.0; Win64; x64) AppleWebKit/537.36 (KHTML, like Gecko) Chrome/113.0.0.0 Safari/537.36"
110.44.123.47 - - [17/May/2023:07:02:59 +0545] "GET /uploads/Oa_users/ManishAwale63621ffe152f0_profile.jpg HTTP/1.1" 200 29791 "https://oa.ekbana.info/dashboard" "Mozilla/5.0 (Windows NT 10.0; Win64; x64) AppleWebKit/537.36 (KHTML, like Gecko) Chrome/113.0.0.0 Safari/537.36"
110.44.123.47 - - [17/May/2023:07:02:59 +0545] "GET /uploads/Oa_users/AashishGahaMagar6267dcf09bf2b_profile.jpg HTTP/1.1" 200 27615 "https://oa.ekbana.info/dashboard" "Mozilla/5.0 (Windows NT 10.0; Win64; x64) AppleWebKit/537.36 (KHTML, like Gecko) Chrome/113.0.0.0 Safari/537.36"
110.44.123.47 - - [17/May/2023:07:02:59 +0545] "GET /uploads/Oa_users/GyanendraBahadurThapaMagar608b82ee877e7_profile.jpg HTTP/1.1" 200 39306 "https://oa.ekbana.info/dashboard" "Mozilla/5.0 (Windows NT 10.0; Win64; x64) AppleWebKit/537.36 (KHTML, like Gecko) Chrome/113.0.0.0 Safari/537.36"
110.44.123.47 - - [17/May/2023:07:02:59 +0545] "GET /uploads/Oa_users/BinitaShrestha626a611d53cb8_profile.jpg HTTP/1.1" 200 33228 "https://oa.ekbana.info/dashboard" "Mozilla/5.0 (Windows NT 10.0; Win64; x64) AppleWebKit/537.36 (KHTML, like Gecko) Chrome/113.0.0.0 Safari/537.36"
110.44.123.47 - - [17/May/2023:07:02:59 +0545] "GET /uploads/Oa_users/YoshifumiSakuma5cf8f14132274_profile.jpg HTTP/1.1" 200 28645 "https://oa.ekbana.info/dashboard" "Mozilla/5.0 (Windows NT 10.0; Win64; x64) AppleWebKit/537.36 (KHTML, like Gecko) Chrome/113.0.0.0 Safari/537.36"
110.44.123.47 - - [17/May/2023:07:02:59 +0545] "GET /uploads/Oa_users/ShishirPokharel6099286136661_profile.jpg HTTP/1.1" 200 46181 "https://oa.ekbana.info/dashboard" "Mozilla/5.0 (Windows NT 10.0; Win64; x64) AppleWebKit/537.36 (KHTML, like Gecko) Chrome/113.0.0.0 Safari/537.36"
110.44.123.47 - - [17/May/2023:07:02:59 +0545] "GET /uploads/Oa_users/JanakPhuyal61de630238403_profile.jpg HTTP/1.1" 200 37491 "https://oa.ekbana.info/dashboard" "Mozilla/5.0 (Windows NT 10.0; Win64; x64) AppleWebKit/537.36 (KHTML, like Gecko) Chrome/113.0.0.0 Safari/537.36"
110.44.123.47 - - [17/May/2023:07:02:59 +0545] "GET /uploads/Oa_users/MinaPrajapati626b9bddaea38_profile.jpg HTTP/1.1" 200 36128 "https://oa.ekbana.info/dashboard" "Mozilla/5.0 (Windows NT 10.0; Win64; x64) AppleWebKit/537.36 (KHTML, like Gecko) Chrome/113.0.0.0 Safari/537.36"
110.44.123.47 - - [17/May/2023:07:03:00 +0545] "GET /uploads/Oa_users/SubvenBahadurMalla627e725387ca2_profile.jpeg HTTP/1.1" 200 27627 "https://oa.ekbana.info/dashboard" "Mozilla/5.0 (Windows NT 10.0; Win64; x64) AppleWebKit/537.36 (KHTML, like Gecko) Chrome/113.0.0.0 Safari/537.36"
110.44.123.47 - - [17/May/2023:07:03:00 +0545] "GET /uploads/Oa_users/SapnaTuladhar5ffd83d6dde0c_profile.jpg HTTP/1.1" 200 39617 "https://oa.ekbana.info/dashboard" "Mozilla/5.0 (Windows NT 10.0; Win64; x64) AppleWebKit/537.36 (KHTML, like Gecko) Chrome/113.0.0.0 Safari/537.36"
110.44.123.47 - - [17/May/2023:07:03:00 +0545] "GET /uploads/Oa_users/KinjuShrestha6440c739a2b40_profile.jpg HTTP/1.1" 200 26940 "https://oa.ekbana.info/dashboard" "Mozilla/5.0 (Windows NT 10.0; Win64; x64) AppleWebKit/537.36 (KHTML, like Gecko) Chrome/113.0.0.0 Safari/537.36"
110.44.123.47 - - [17/May/2023:07:03:00 +0545] "GET /uploads/Oa_users/SuritaSahichand5c10ec598878a_profile.jpg HTTP/1.1" 200 27608 "https://oa.ekbana.info/dashboard" "Mozilla/5.0 (Windows NT 10.0; Win64; x64) AppleWebKit/537.36 (KHTML, like Gecko) Chrome/113.0.0.0 Safari/537.36"
110.44.123.47 - - [17/May/2023:07:03:00 +0545] "GET /uploads/Oa_users/JosephLama61e50efc2fdbf_profile.jpg HTTP/1.1" 200 30342 "https://oa.ekbana.info/dashboard" "Mozilla/5.0 (Windows NT 10.0; Win64; x64) AppleWebKit/537.36 (KHTML, like Gecko) Chrome/113.0.0.0 Safari/537.36"
110.44.123.47 - - [17/May/2023:07:03:00 +0545] "GET /uploads/Oa_users/SushanThaShrestha62847b0843b50_profile.jpg HTTP/1.1" 200 37003 "https://oa.ekbana.info/dashboard" "Mozilla/5.0 (Windows NT 10.0; Win64; x64) AppleWebKit/537.36 (KHTML, like Gecko) Chrome/113.0.0.0 Safari/537.36"
110.44.123.47 - - [17/May/2023:07:03:00 +0545] "GET /uploads/Oa_users/ParbatiTamang63eb6a9065355_profile.jpg HTTP/1.1" 200 32061 "https://oa.ekbana.info/dashboard" "Mozilla/5.0 (Windows NT 10.0; Win64; x64) AppleWebKit/537.36 (KHTML, like Gecko) Chrome/113.0.0.0 Safari/537.36"
110.44.123.47 - - [17/May/2023:07:03:00 +0545] "GET /uploads/Oa_users/BinupKC61b17f4b32970_profile.jpg HTTP/1.1" 200 26957 "https://oa.ekbana.info/dashboard" "Mozilla/5.0 (Windows NT 10.0; Win64; x64) AppleWebKit/537.36 (KHTML, like Gecko) Chrome/113.0.0.0 Safari/537.36"
110.44.123.47 - - [17/May/2023:07:03:00 +0545] "GET /uploads/Oa_users/RohanKhadgi629750c2abfef_profile.JPEG HTTP/1.1" 200 43868 "https://oa.ekbana.info/dashboard" "Mozilla/5.0 (Windows NT 10.0; Win64; x64) AppleWebKit/537.36 (KHTML, like Gecko) Chrome/113.0.0.0 Safari/537.36"
110.44.123.47 - - [17/May/2023:07:03:00 +0545] "GET /uploads/Oa_users/SunilSharma5da45e8020109_profile.jpg HTTP/1.1" 200 42750 "https://oa.ekbana.info/dashboard" "Mozilla/5.0 (Windows NT 10.0; Win64; x64) AppleWebKit/537.36 (KHTML, like Gecko) Chrome/113.0.0.0 Safari/537.36"
110.44.123.47 - - [17/May/2023:07:03:00 +0545] "GET /uploads/Oa_users/SaraTuladhar5ffbdccac12b8_profile.JPG HTTP/1.1" 200 31823 "https://oa.ekbana.info/dashboard" "Mozilla/5.0 (Windows NT 10.0; Win64; x64) AppleWebKit/537.36 (KHTML, like Gecko) Chrome/113.0.0.0 Safari/537.36"
110.44.123.47 - - [17/May/2023:07:03:00 +0545] "GET /frontend/birthday/pink-light.svg HTTP/1.1" 200 6503 "https://oa.ekbana.info/css/birthday.css" "Mozilla/5.0 (Windows NT 10.0; Win64; x64) AppleWebKit/537.36 (KHTML, like Gecko) Chrome/113.0.0.0 Safari/537.36"
110.44.123.47 - - [17/May/2023:07:03:00 +0545] "GET /frontend/birthday/pinkbanner.svg HTTP/1.1" 200 6517 "https://oa.ekbana.info/css/birthday.css" "Mozilla/5.0 (Windows NT 10.0; Win64; x64) AppleWebKit/537.36 (KHTML, like Gecko) Chrome/113.0.0.0 Safari/537.36"
110.44.123.47 - - [17/May/2023:07:03:00 +0545] "GET /frontend/birthday/banner.png HTTP/1.1" 200 48850 "https://oa.ekbana.info/css/birthday.css" "Mozilla/5.0 (Windows NT 10.0; Win64; x64) AppleWebKit/537.36 (KHTML, like Gecko) Chrome/113.0.0.0 Safari/537.36"
110.44.123.47 - - [17/May/2023:07:03:00 +0545] "GET /frontend/birthday/userbanner.svg HTTP/1.1" 200 6548 "https://oa.ekbana.info/css/birthday.css" "Mozilla/5.0 (Windows NT 10.0; Win64; x64) AppleWebKit/537.36 (KHTML, like Gecko) Chrome/113.0.0.0 Safari/537.36"
110.44.123.47 - - [17/May/2023:07:03:00 +0545] "GET /frontend/img/favicon2.png HTTP/1.1" 200 1942 "https://oa.ekbana.info/dashboard" "Mozilla/5.0 (Windows NT 10.0; Win64; x64) AppleWebKit/537.36 (KHTML, like Gecko) Chrome/113.0.0.0 Safari/537.36"
113.199.230.33 - - [17/May/2023:07:03:00 +0545] "GET /api/v1/user-rp?from=2022-10-01&to=2022-10-31 HTTP/1.1" 200 31923 "-" "Dart/2.16 (dart:io)"
110.44.123.47 - - [17/May/2023:07:03:01 +0545] "POST /checkIncheck HTTP/1.1" 302 1434 "https://oa.ekbana.info/dashboard" "Mozilla/5.0 (Windows NT 10.0; Win64; x64) AppleWebKit/537.36 (KHTML, like Gecko) Chrome/113.0.0.0 Safari/537.36"
110.44.123.47 - - [17/May/2023:07:03:02 +0545] "GET /checkin HTTP/1.1" 302 1436 "https://oa.ekbana.info/dashboard" "Mozilla/5.0 (Windows NT 10.0; Win64; x64) AppleWebKit/537.36 (KHTML, like Gecko) Chrome/113.0.0.0 Safari/537.36"
110.44.123.47 - - [17/May/2023:07:03:02 +0545] "GET /dashboard HTTP/1.1" 200 10317 "https://oa.ekbana.info/dashboard" "Mozilla/5.0 (Windows NT 10.0; Win64; x64) AppleWebKit/537.36 (KHTML, like Gecko) Chrome/113.0.0.0 Safari/537.36"
188.166.249.235 - - [17/May/2023:07:03:02 +0545] "GET /api/v1/profiles?apikey=LYlCVppaglroXNP5Hs1VvHBerXQGsTKCco6ioQSRruR4jFSEw2 HTTP/1.1" 200 313344 "-" "GuzzleHttp/6.5.5 curl/7.47.0 PHP/7.2.34-18+ubuntu16.04.1+deb.sury.org+1"
110.44.123.47 - - [17/May/2023:07:03:03 +0545] "GET /datetimepicker/jquery.datetimepicker.min.css HTTP/1.1" 404 2283 "https://oa.ekbana.info/dashboard" "Mozilla/5.0 (Windows NT 10.0; Win64; x64) AppleWebKit/537.36 (KHTML, like Gecko) Chrome/113.0.0.0 Safari/537.36"
110.44.123.47 - - [17/May/2023:07:03:03 +0545] "GET /datetimepicker/jquery.datetimepicker.full.js HTTP/1.1" 404 2283 "https://oa.ekbana.info/dashboard" "Mozilla/5.0 (Windows NT 10.0; Win64; x64) AppleWebKit/537.36 (KHTML, like Gecko) Chrome/113.0.0.0 Safari/537.36"
188.166.249.235 - - [17/May/2023:07:03:04 +0545] "GET /api/v1/leave?from_date=2023-05-16&to_date=2023-05-16 HTTP/1.0" 200 5950 "-" "-"
113.199.230.33 - - [17/May/2023:07:03:05 +0545] "GET /api/v1/user-rp?from=2022-09-01&to=2022-09-30 HTTP/1.1" 200 43247 "-" "Dart/2.16 (dart:io)"
113.199.230.33 - - [17/May/2023:07:03:12 +0545] "GET /api/v1/user-rp?from=2022-08-01&to=2022-08-31 HTTP/1.1" 200 48101 "-" "Dart/2.16 (dart:io)"
128.199.116.13 - - [17/May/2023:07:03:15 +0545] "GET /api/v1/profiles?apikey=LYlCVppaglroXNP5Hs1VvHBerXQGsTKCco6ioQSRruR4jFSEw2 HTTP/1.0" 200 313571 "-" "-"
113.199.230.33 - - [17/May/2023:07:03:18 +0545] "GET /api/v1/user-rp?from=2022-07-01&to=2022-07-31 HTTP/1.1" 200 47175 "-" "Dart/2.16 (dart:io)"
110.44.123.47 - - [17/May/2023:07:03:21 +0545] "GET /api/v1/profiles?apikey=LYlCVppaglroXNP5Hs1VvHBerXQGsTKCco6ioQSRruR4jFSEw2 HTTP/1.1" 200 313524 "-" "python-requests/2.21.0"
103.41.172.18 - - [17/May/2023:07:03:05 +0545] "GET /api/v1/user-profile? HTTP/1.1" 200 9335 "-" "Dart/2.16 (dart:io)"
103.41.172.18 - - [17/May/2023:07:03:04 +0545] "GET /api/v1/user-profile? HTTP/1.1" 200 9335 "-" "Dart/2.16 (dart:io)"
110.44.123.47 - - [17/May/2023:07:03:27 +0545] "GET /logout HTTP/1.1" 302 1741 "https://oa.ekbana.info/dashboard" "Mozilla/5.0 (Windows NT 10.0; Win64; x64) AppleWebKit/537.36 (KHTML, like Gecko) Chrome/113.0.0.0 Safari/537.36"
110.44.123.47 - - [17/May/2023:07:03:27 +0545] "GET / HTTP/1.1" 200 2300 "https://oa.ekbana.info/dashboard" "Mozilla/5.0 (Windows NT 10.0; Win64; x64) AppleWebKit/537.36 (KHTML, like Gecko) Chrome/113.0.0.0 Safari/537.36"
110.44.123.47 - - [17/May/2023:07:03:27 +0545] "GET /fast.fonts.net/cssapi/175a63a1-3f26-476a-ab32-4e21cbdb8be2.css HTTP/1.1" 404 2283 "https://oa.ekbana.info/" "Mozilla/5.0 (Windows NT 10.0; Win64; x64) AppleWebKit/537.36 (KHTML, like Gecko) Chrome/113.0.0.0 Safari/537.36"
113.199.230.33 - - [17/May/2023:07:03:28 +0545] "GET /api/v1/user-rp?from=2022-06-01&to=2022-06-30 HTTP/1.1" 200 73775 "-" "Dart/2.16 (dart:io)"
27.34.25.53 - - [17/May/2023:07:03:32 +0545] "GET /api/v1/feed-post?page=1 HTTP/1.1" 200 8559 "-" "Dart/2.16 (dart:io)"
103.41.172.18 - - [17/May/2023:07:03:33 +0545] "GET /api/v1/leaves? HTTP/1.1" 200 5614 "-" "Dart/2.16 (dart:io)"
103.41.172.18 - - [17/May/2023:07:03:33 +0545] "GET /api/v1/all-leaves? HTTP/1.1" 200 5673 "-" "Dart/2.16 (dart:io)"
103.41.172.18 - - [17/May/2023:07:03:35 +0545] "GET /api/v1/leaves? HTTP/1.1" 200 5614 "-" "Dart/2.16 (dart:io)"
103.41.172.18 - - [17/May/2023:07:03:35 +0545] "GET /api/v1/all-leaves? HTTP/1.1" 200 5673 "-" "Dart/2.16 (dart:io)"
27.34.25.53 - - [17/May/2023:07:03:35 +0545] "GET /api/v1/leave-calender? HTTP/1.1" 200 5321 "-" "Dart/2.16 (dart:io)"
113.199.230.33 - - [17/May/2023:07:03:34 +0545] "GET /api/v1/user-rp?from=2022-05-01&to=2022-05-31 HTTP/1.1" 200 62213 "-" "Dart/2.16 (dart:io)"
27.34.25.53 - - [17/May/2023:07:03:37 +0545] "GET /api/v1/user-leave-list?date=2023-05-17 HTTP/1.1" 200 6929 "-" "Dart/2.16 (dart:io)"
27.34.25.53 - - [17/May/2023:07:03:34 +0545] "GET /api/v1/user-rp?from=2023-05-01&to=2023-05-17 HTTP/1.1" 200 19758 "-" "Dart/2.16 (dart:io)"
27.34.25.53 - - [17/May/2023:07:03:38 +0545] "GET /uploads/Oa_users/ShubhashoriDuwal609b38fe8c12b_profile.jpg HTTP/1.1" 200 42139 "-" "Dart/2.16 (dart:io)"
27.34.25.53 - - [17/May/2023:07:03:38 +0545] "GET /uploads/Oa_users/MinaPrajapati626b9bddaea38_profile.jpg HTTP/1.1" 200 40789 "-" "Dart/2.16 (dart:io)"
27.34.25.53 - - [17/May/2023:07:03:38 +0545] "GET /uploads/Oa_users/JeevanPaudel621333f161d38_profile.jpg HTTP/1.1" 200 39626 "-" "Dart/2.16 (dart:io)"
27.34.25.53 - - [17/May/2023:07:03:38 +0545] "GET /uploads/Oa_users/PragatiShrestha626697317b47b_profile.jpg HTTP/1.1" 200 29454 "-" "Dart/2.16 (dart:io)"
27.34.25.53 - - [17/May/2023:07:03:38 +0545] "GET /uploads/Oa_users/SandeepDangol6322b7c3e435f_profile.jpeg HTTP/1.1" 200 39922 "-" "Dart/2.16 (dart:io)"
27.34.25.53 - - [17/May/2023:07:03:38 +0545] "GET /uploads/Oa_users/AjeetShakya59b8aeef2c4d9_profile.JPG HTTP/1.1" 200 90728 "-" "Dart/2.16 (dart:io)"
27.34.25.53 - - [17/May/2023:07:03:38 +0545] "GET /uploads/Oa_users/AnupChandrahangRai626b9ea359a21_profile.jpg HTTP/1.1" 200 40814 "-" "Dart/2.16 (dart:io)"
27.34.25.53 - - [17/May/2023:07:03:38 +0545] "GET /uploads/Oa_users/BijendraManandhar61c143ead1f94_profile.jpeg HTTP/1.1" 200 30214 "-" "Dart/2.16 (dart:io)"
27.34.25.53 - - [17/May/2023:07:03:38 +0545] "GET /uploads/Oa_users/SujanGhorasaine60d01fc486ffe_profile.jpg HTTP/1.1" 200 40288 "-" "Dart/2.16 (dart:io)"
27.34.25.53 - - [17/May/2023:07:03:39 +0545] "GET /api/v1/leave-calender? HTTP/1.1" 200 5321 "-" "Dart/2.16 (dart:io)"
27.34.25.53 - - [17/May/2023:07:03:40 +0545] "GET /uploads/funFact/at-symbol-e1575232248910.jpg HTTP/1.1" 200 38449 "-" "Dart/2.16 (dart:io)"
110.44.123.47 - - [17/May/2023:07:03:40 +0545] "POST /login HTTP/1.1" 302 1586 "https://oa.ekbana.info/" "Mozilla/5.0 (Windows NT 10.0; Win64; x64) AppleWebKit/537.36 (KHTML, like Gecko) Chrome/113.0.0.0 Safari/537.36"
27.34.25.53 - - [17/May/2023:07:03:41 +0545] "GET /api/v1/projects?page=1&status=In+Progress HTTP/1.1" 200 5145 "-" "Dart/2.16 (dart:io)"
110.44.123.47 - - [17/May/2023:07:03:41 +0545] "GET /dashboard HTTP/1.1" 200 10141 "https://oa.ekbana.info/" "Mozilla/5.0 (Windows NT 10.0; Win64; x64) AppleWebKit/537.36 (KHTML, like Gecko) Chrome/113.0.0.0 Safari/537.36"
103.41.172.18 - - [17/May/2023:07:03:42 +0545] "GET /frontend/img/adminlogo.png HTTP/1.1" 200 10783 "-" "Dart/2.16 (dart:io)"
103.41.172.18 - - [17/May/2023:07:03:42 +0545] "GET /uploads/Oa_users/SunilGamal5ce58bc2681ce_profile.jpg HTTP/1.1" 200 39418 "-" "Dart/2.16 (dart:io)"
103.41.172.18 - - [17/May/2023:07:03:42 +0545] "GET /uploads/Oa_users/Dipeshlama629d7e479ac01_profile.jpg HTTP/1.1" 200 30675 "-" "Dart/2.16 (dart:io)"
110.44.123.47 - - [17/May/2023:07:03:42 +0545] "GET /datetimepicker/jquery.datetimepicker.min.css HTTP/1.1" 404 2283 "https://oa.ekbana.info/dashboard" "Mozilla/5.0 (Windows NT 10.0; Win64; x64) AppleWebKit/537.36 (KHTML, like Gecko) Chrome/113.0.0.0 Safari/537.36"
27.34.25.53 - - [17/May/2023:07:03:41 +0545] "GET /uploads/feed/2023-05-12-04-00-59-image_picker_compress_fcc309f3-ba9f-40f4-a554-79a4bc28a196.jpg HTTP/1.1" 200 196457 "-" "Dart/2.16 (dart:io)"
27.34.25.53 - - [17/May/2023:07:03:39 +0545] "GET /uploads/snack/Shapale&achar_snack.jpg HTTP/1.1" 200 462926 "-" "Dart/2.16 (dart:io)"
110.44.123.47 - - [17/May/2023:07:03:42 +0545] "GET /uploads/Oa_users/ArchanaSubedi62d50ac39e306_profile.jpg HTTP/1.1" 200 29912 "https://oa.ekbana.info/dashboard" "Mozilla/5.0 (Windows NT 10.0; Win64; x64) AppleWebKit/537.36 (KHTML, like Gecko) Chrome/113.0.0.0 Safari/537.36"
110.44.123.47 - - [17/May/2023:07:03:42 +0545] "GET /datetimepicker/jquery.datetimepicker.full.js HTTP/1.1" 404 2435 "https://oa.ekbana.info/dashboard" "Mozilla/5.0 (Windows NT 10.0; Win64; x64) AppleWebKit/537.36 (KHTML, like Gecko) Chrome/113.0.0.0 Safari/537.36"
27.34.25.53 - - [17/May/2023:07:03:40 +0545] "GET /uploads/snack/Friedrice_snack.jpg HTTP/1.1" 200 431489 "-" "Dart/2.16 (dart:io)"
27.34.25.53 - - [17/May/2023:07:03:41 +0545] "GET /uploads/snack/KeemaNaan_snack.jpeg HTTP/1.1" 200 462382 "-" "Dart/2.16 (dart:io)"
27.34.25.53 - - [17/May/2023:07:03:40 +0545] "GET /uploads/snack/CholaBhatura_snack.jpg HTTP/1.1" 200 932358 "-" "Dart/2.16 (dart:io)"
103.41.172.18 - - [17/May/2023:07:03:33 +0545] "GET /api/v1/user-profile? HTTP/1.1" 200 9335 "-" "Dart/2.16 (dart:io)"
103.41.172.18 - - [17/May/2023:07:03:46 +0545] "GET /api/v1/my-attendance?month=2080-2 HTTP/1.1" 200 6550 "-" "Dart/2.16 (dart:io)"
27.34.25.53 - - [17/May/2023:07:03:47 +0545] "GET /api/v1/user-leave-list?date=2023-05-20 HTTP/1.1" 200 5266 "-" "Dart/2.16 (dart:io)"
103.41.172.18 - - [17/May/2023:07:03:49 +0545] "GET /api/v1/leaves? HTTP/1.1" 200 5614 "-" "Dart/2.16 (dart:io)"
103.41.172.18 - - [17/May/2023:07:03:50 +0545] "GET /api/v1/all-leaves? HTTP/1.1" 200 5673 "-" "Dart/2.16 (dart:io)"
27.34.25.53 - - [17/May/2023:07:03:51 +0545] "GET /api/v1/user-leave-list?date=2023-05-21 HTTP/1.1" 200 5266 "-" "Dart/2.16 (dart:io)"
113.199.230.33 - - [17/May/2023:07:03:52 +0545] "GET /api/v1/user-rp?from=2022-04-01&to=2022-04-30 HTTP/1.1" 200 13619 "-" "Dart/2.16 (dart:io)"
27.34.25.53 - - [17/May/2023:07:03:54 +0545] "GET /api/v1/user-leave-list?date=2023-05-22 HTTP/1.1" 200 5266 "-" "Dart/2.16 (dart:io)"
27.34.25.53 - - [17/May/2023:07:03:56 +0545] "GET /api/v1/user-leave-list?date=2023-05-23 HTTP/1.1" 200 5266 "-" "Dart/2.16 (dart:io)"
103.41.172.18 - - [17/May/2023:07:03:44 +0545] "GET /api/v1/user-profile? HTTP/1.1" 200 9335 "-" "Dart/2.16 (dart:io)"
27.34.25.53 - - [17/May/2023:07:03:57 +0545] "GET /api/v1/user-leave-list?date=2023-05-24 HTTP/1.1" 200 5266 "-" "Dart/2.16 (dart:io)"
27.34.25.53 - - [17/May/2023:07:03:59 +0545] "GET /api/v1/user-leave-list?date=2023-05-17 HTTP/1.1" 200 6929 "-" "Dart/2.16 (dart:io)"
103.41.172.18 - - [17/May/2023:07:04:00 +0545] "GET /api/v1/my-attendance?month=2080-2 HTTP/1.1" 200 6550 "-" "Dart/2.16 (dart:io)"
113.199.230.33 - - [17/May/2023:07:04:00 +0545] "GET /api/v1/user-rp?from=2022-03-01&to=2022-03-31 HTTP/1.1" 200 5695 "-" "Dart/2.16 (dart:io)"
188.166.249.235 - - [17/May/2023:07:04:02 +0545] "GET /api/v1/profiles?apikey=LYlCVppaglroXNP5Hs1VvHBerXQGsTKCco6ioQSRruR4jFSEw2 HTTP/1.1" 200 313344 "-" "GuzzleHttp/6.5.5 curl/7.47.0 PHP/7.2.34-18+ubuntu16.04.1+deb.sury.org+1"
188.166.249.235 - - [17/May/2023:07:04:04 +0545] "GET /api/v1/leave?from_date=2023-05-16&to_date=2023-05-16 HTTP/1.0" 200 5950 "-" "-"
27.34.25.53 - - [17/May/2023:07:04:05 +0545] "GET /api/v1/user-leave-list?date=2023-05-18 HTTP/1.1" 200 6702 "-" "Dart/2.16 (dart:io)"
27.34.25.53 - - [17/May/2023:07:04:07 +0545] "GET /uploads/Oa_users/RohitLama61c2bac0a20c4_profile.jpg HTTP/1.1" 200 42431 "-" "Dart/2.16 (dart:io)"
27.34.25.53 - - [17/May/2023:07:04:07 +0545] "GET /uploads/Oa_users/RajanKarki62a738ca2ed83_profile.jpg HTTP/1.1" 200 52527 "-" "Dart/2.16 (dart:io)"
27.34.25.53 - - [17/May/2023:07:04:07 +0545] "GET /uploads/Oa_users/RishabShrestha5dca84dfe1361_profile.jpg HTTP/1.1" 200 44838 "-" "Dart/2.16 (dart:io)"
113.199.230.33 - - [17/May/2023:07:04:07 +0545] "GET /api/v1/user-rp?from=2022-02-01&to=2022-02-28 HTTP/1.1" 200 5695 "-" "Dart/2.16 (dart:io)"
103.163.182.120 - - [17/May/2023:07:04:10 +0545] "GET /api/v1/feed-post?page=1 HTTP/1.1" 200 8558 "-" "Dart/2.16 (dart:io)"
27.34.25.53 - - [17/May/2023:07:04:11 +0545] "GET /api/v1/user-leave-list?date=2023-05-19 HTTP/1.1" 200 7120 "-" "Dart/2.16 (dart:io)"
110.44.123.47 - - [17/May/2023:07:04:11 +0545] "POST /checkIncheck HTTP/1.1" 302 1578 "https://oa.ekbana.info/dashboard" "Mozilla/5.0 (Windows NT 10.0; Win64; x64) AppleWebKit/537.36 (KHTML, like Gecko) Chrome/113.0.0.0 Safari/537.36"
27.34.25.53 - - [17/May/2023:07:04:12 +0545] "GET /uploads/Oa_users/MeruSangroula616d00e08d5d4_profile.JPG HTTP/1.1" 200 23512 "-" "Dart/2.16 (dart:io)"
27.34.25.53 - - [17/May/2023:07:04:12 +0545] "GET /uploads/Oa_users/SameerTwayana59b90ca4dd7c3_profile.jpg HTTP/1.1" 200 34744 "-" "Dart/2.16 (dart:io)"
103.163.182.120 - - [17/May/2023:07:04:12 +0545] "GET /api/v1/leaves? HTTP/1.1" 200 6249 "-" "Dart/2.16 (dart:io)"
103.163.182.120 - - [17/May/2023:07:04:12 +0545] "GET /api/v1/all-leaves? HTTP/1.1" 200 5673 "-" "Dart/2.16 (dart:io)"
110.44.123.47 - - [17/May/2023:07:04:12 +0545] "GET /checkin HTTP/1.1" 302 1438 "https://oa.ekbana.info/dashboard" "Mozilla/5.0 (Windows NT 10.0; Win64; x64) AppleWebKit/537.36 (KHTML, like Gecko) Chrome/113.0.0.0 Safari/537.36"
110.44.123.47 - - [17/May/2023:07:04:12 +0545] "GET /dashboard HTTP/1.1" 200 10311 "https://oa.ekbana.info/dashboard" "Mozilla/5.0 (Windows NT 10.0; Win64; x64) AppleWebKit/537.36 (KHTML, like Gecko) Chrome/113.0.0.0 Safari/537.36"
110.44.123.47 - - [17/May/2023:07:04:13 +0545] "GET /datetimepicker/jquery.datetimepicker.min.css HTTP/1.1" 404 2283 "https://oa.ekbana.info/dashboard" "Mozilla/5.0 (Windows NT 10.0; Win64; x64) AppleWebKit/537.36 (KHTML, like Gecko) Chrome/113.0.0.0 Safari/537.36"
103.41.172.18 - - [17/May/2023:07:04:12 +0545] "GET /api/v1/mobile-checkin? HTTP/1.1" 200 5212 "-" "Dart/2.16 (dart:io)"
110.44.123.47 - - [17/May/2023:07:04:13 +0545] "GET /datetimepicker/jquery.datetimepicker.full.js HTTP/1.1" 404 2435 "https://oa.ekbana.info/dashboard" "Mozilla/5.0 (Windows NT 10.0; Win64; x64) AppleWebKit/537.36 (KHTML, like Gecko) Chrome/113.0.0.0 Safari/537.36"
27.34.25.53 - - [17/May/2023:07:04:13 +0545] "GET /uploads/Oa_users/SaminaTuladhar602f7a6cbe6f3_profile.jpg HTTP/1.1" 200 43006 "-" "Dart/2.16 (dart:io)"
103.163.182.120 - - [17/May/2023:07:04:13 +0545] "GET /api/v1/my-attendance?month HTTP/1.1" 200 6580 "-" "Dart/2.16 (dart:io)"
103.41.172.18 - - [17/May/2023:07:04:13 +0545] "GET /api/v1/my-attendance?month=2080-2 HTTP/1.1" 200 6704 "-" "Dart/2.16 (dart:io)"
113.199.230.33 - - [17/May/2023:07:04:12 +0545] "GET /api/v1/user-rp?from=2021-12-01&to=2021-12-31 HTTP/1.1" 200 5683 "-" "Dart/2.16 (dart:io)"
103.163.182.120 - - [17/May/2023:07:04:11 +0545] "GET /api/v1/user-rp?from=2023-05-01&to=2023-05-17 HTTP/1.1" 200 33549 "-" "Dart/2.16 (dart:io)"
103.163.182.120 - - [17/May/2023:07:04:15 +0545] "GET /api/v1/leave-calender? HTTP/1.1" 200 5321 "-" "Dart/2.16 (dart:io)"
128.199.116.13 - - [17/May/2023:07:04:15 +0545] "GET /api/v1/profiles?apikey=LYlCVppaglroXNP5Hs1VvHBerXQGsTKCco6ioQSRruR4jFSEw2 HTTP/1.0" 200 313571 "-" "-"
27.34.25.53 - - [17/May/2023:07:04:16 +0545] "GET /api/v1/user-leave-list?date=2023-05-24 HTTP/1.1" 200 5266 "-" "Dart/2.16 (dart:io)"
103.163.182.120 - - [17/May/2023:07:04:16 +0545] "GET /api/v1/projects?page=1&status=In+Progress HTTP/1.1" 200 23232 "-" "Dart/2.16 (dart:io)"
110.44.120.28 - - [17/May/2023:07:04:17 +0545] "GET /api/v1/feed-post?page=1 HTTP/1.1" 200 8558 "-" "Dart/2.16 (dart:io)"
27.34.25.53 - - [17/May/2023:07:04:21 +0545] "GET /uploads/Oa_users/Dipeshlama629d7e479ac01_profile.jpg HTTP/1.1" 200 30675 "-" "Dart/2.16 (dart:io)"
27.34.25.53 - - [17/May/2023:07:04:21 +0545] "GET /frontend/img/adminlogo.png HTTP/1.1" 200 10783 "-" "Dart/2.16 (dart:io)"
27.34.25.53 - - [17/May/2023:07:04:21 +0545] "GET /uploads/Oa_users/SunilGamal5ce58bc2681ce_profile.jpg HTTP/1.1" 200 39418 "-" "Dart/2.16 (dart:io)"
103.163.182.120 - - [17/May/2023:07:04:21 +0545] "GET /api/v1/leave-calender? HTTP/1.1" 200 5321 "-" "Dart/2.16 (dart:io)"
103.163.182.120 - - [17/May/2023:07:04:22 +0545] "GET /api/v1/user-leave-list?date=2023-05-17 HTTP/1.1" 200 6929 "-" "Dart/2.16 (dart:io)"
110.44.120.28 - - [17/May/2023:07:04:18 +0545] "GET /api/v1/user-rp?from=2023-05-01&to=2023-05-17 HTTP/1.1" 200 23768 "-" "Dart/2.16 (dart:io)"
103.163.182.120 - - [17/May/2023:07:04:22 +0545] "GET /uploads/Oa_users/SujanGhorasaine60d01fc486ffe_profile.jpg HTTP/1.1" 200 40288 "-" "Dart/2.16 (dart:io)"
103.163.182.120 - - [17/May/2023:07:04:22 +0545] "GET /uploads/Oa_users/AjeetShakya59b8aeef2c4d9_profile.JPG HTTP/1.1" 200 90728 "-" "Dart/2.16 (dart:io)"
103.163.182.120 - - [17/May/2023:07:04:22 +0545] "GET /uploads/Oa_users/JeevanPaudel621333f161d38_profile.jpg HTTP/1.1" 200 39626 "-" "Dart/2.16 (dart:io)"
103.163.182.120 - - [17/May/2023:07:04:22 +0545] "GET /uploads/Oa_users/AnupChandrahangRai626b9ea359a21_profile.jpg HTTP/1.1" 200 40814 "-" "Dart/2.16 (dart:io)"
103.163.182.120 - - [17/May/2023:07:04:22 +0545] "GET /uploads/Oa_users/BijendraManandhar61c143ead1f94_profile.jpeg HTTP/1.1" 200 30214 "-" "Dart/2.16 (dart:io)"
103.163.182.120 - - [17/May/2023:07:04:22 +0545] "GET /uploads/Oa_users/MinaPrajapati626b9bddaea38_profile.jpg HTTP/1.1" 200 40789 "-" "Dart/2.16 (dart:io)"
103.163.182.120 - - [17/May/2023:07:04:22 +0545] "GET /uploads/Oa_users/SandeepDangol6322b7c3e435f_profile.jpeg HTTP/1.1" 200 39922 "-" "Dart/2.16 (dart:io)"
103.163.182.120 - - [17/May/2023:07:04:22 +0545] "GET /uploads/Oa_users/PragatiShrestha626697317b47b_profile.jpg HTTP/1.1" 200 29454 "-" "Dart/2.16 (dart:io)"
103.163.182.120 - - [17/May/2023:07:04:23 +0545] "GET /uploads/Oa_users/ShubhashoriDuwal609b38fe8c12b_profile.jpg HTTP/1.1" 200 42139 "-" "Dart/2.16 (dart:io)"
110.44.120.28 - - [17/May/2023:07:04:24 +0545] "GET /uploads/feed/2023-05-12-04-00-59-image_picker_compress_fcc309f3-ba9f-40f4-a554-79a4bc28a196.jpg HTTP/1.1" 200 196457 "-" "Dart/2.16 (dart:io)"
113.199.230.33 - - [17/May/2023:07:04:22 +0545] "GET /api/v1/user-rp?from=2023-05-17&to=2023-05-17 HTTP/1.1" 200 5683 "-" "Dart/2.16 (dart:io)"
110.44.120.28 - - [17/May/2023:07:04:24 +0545] "GET /uploads/snack/Shapale&achar_snack.jpg HTTP/1.1" 200 462926 "-" "Dart/2.16 (dart:io)"
110.44.120.28 - - [17/May/2023:07:04:24 +0545] "GET /uploads/snack/KeemaNaan_snack.jpeg HTTP/1.1" 200 462382 "-" "Dart/2.16 (dart:io)"
110.44.120.28 - - [17/May/2023:07:04:25 +0545] "GET /uploads/Oa_users/SunilGamal5ce58bc2681ce_profile.jpg HTTP/1.1" 200 39418 "-" "Dart/2.16 (dart:io)"
110.44.120.28 - - [17/May/2023:07:04:25 +0545] "GET /uploads/Oa_users/Dipeshlama629d7e479ac01_profile.jpg HTTP/1.1" 200 30675 "-" "Dart/2.16 (dart:io)"
110.44.120.28 - - [17/May/2023:07:04:25 +0545] "GET /api/v1/leave-calender? HTTP/1.1" 200 5321 "-" "Dart/2.16 (dart:io)"
110.44.120.28 - - [17/May/2023:07:04:25 +0545] "GET /uploads/funFact/at-symbol-e1575232248910.jpg HTTP/1.1" 200 38449 "-" "Dart/2.16 (dart:io)"
110.44.120.28 - - [17/May/2023:07:04:25 +0545] "GET /frontend/img/adminlogo.png HTTP/1.1" 200 10783 "-" "Dart/2.16 (dart:io)"
110.44.120.28 - - [17/May/2023:07:04:25 +0545] "GET /uploads/snack/CholaBhatura_snack.jpg HTTP/1.1" 200 932358 "-" "Dart/2.16 (dart:io)"
110.44.120.28 - - [17/May/2023:07:04:25 +0545] "GET /uploads/snack/Friedrice_snack.jpg HTTP/1.1" 200 431489 "-" "Dart/2.16 (dart:io)"
110.44.120.28 - - [17/May/2023:07:04:26 +0545] "GET /api/v1/projects?page=1&status=In+Progress HTTP/1.1" 200 5145 "-" "Dart/2.16 (dart:io)"
110.44.123.47 - - [17/May/2023:07:04:26 +0545] "GET /dashboard HTTP/1.1" 200 10400 "https://oa.ekbana.info/dashboard" "Mozilla/5.0 (Windows NT 10.0; Win64; x64) AppleWebKit/537.36 (KHTML, like Gecko) Chrome/113.0.0.0 Safari/537.36"
110.44.123.47 - - [17/May/2023:07:04:26 +0545] "GET /datetimepicker/jquery.datetimepicker.min.css HTTP/1.1" 404 2283 "https://oa.ekbana.info/dashboard" "Mozilla/5.0 (Windows NT 10.0; Win64; x64) AppleWebKit/537.36 (KHTML, like Gecko) Chrome/113.0.0.0 Safari/537.36"
110.44.120.28 - - [17/May/2023:07:04:26 +0545] "GET /api/v1/my-attendance?month HTTP/1.1" 200 6566 "-" "Dart/2.16 (dart:io)"
110.44.123.47 - - [17/May/2023:07:04:26 +0545] "GET /datetimepicker/jquery.datetimepicker.full.js HTTP/1.1" 404 2435 "https://oa.ekbana.info/dashboard" "Mozilla/5.0 (Windows NT 10.0; Win64; x64) AppleWebKit/537.36 (KHTML, like Gecko) Chrome/113.0.0.0 Safari/537.36"
