113.199.227.217 - - [17/May/2023:07:11:23 +0545] "GET /uploads/Oa_users/AnupChandrahangRai626b9ea359a21_profile.jpg HTTP/1.1" 200 40814 "-" "Dart/2.16 (dart:io)"
113.199.227.217 - - [17/May/2023:07:11:19 +0545] "GET /api/v1/user-rp?from=2023-05-01&to=2023-05-17 HTTP/1.1" 200 53190 "-" "Dart/2.16 (dart:io)"
113.199.227.217 - - [17/May/2023:07:11:25 +0545] "GET /api/v1/leave-calender? HTTP/1.1" 200 5321 "-" "Dart/2.16 (dart:io)"
113.199.227.217 - - [17/May/2023:07:11:25 +0545] "GET /api/v1/projects?page=1&status=In+Progress HTTP/1.1" 200 5145 "-" "Dart/2.16 (dart:io)"
113.199.227.217 - - [17/May/2023:07:11:29 +0545] "GET /api/v1/user-leave-list?date=2023-05-18 HTTP/1.1" 200 6702 "-" "Dart/2.16 (dart:io)"
113.199.227.217 - - [17/May/2023:07:11:29 +0545] "GET /uploads/Oa_users/RajanKarki62a738ca2ed83_profile.jpg HTTP/1.1" 200 52527 "-" "Dart/2.16 (dart:io)"
113.199.227.217 - - [17/May/2023:07:11:29 +0545] "GET /uploads/Oa_users/RohitLama61c2bac0a20c4_profile.jpg HTTP/1.1" 200 42431 "-" "Dart/2.16 (dart:io)"
113.199.227.217 - - [17/May/2023:07:11:29 +0545] "GET /uploads/Oa_users/RishabShrestha5dca84dfe1361_profile.jpg HTTP/1.1" 200 44838 "-" "Dart/2.16 (dart:io)"
113.199.227.217 - - [17/May/2023:07:11:30 +0545] "GET /api/v1/user-leave-list?date=2023-05-24 HTTP/1.1" 200 5266 "-" "Dart/2.16 (dart:io)"
188.166.232.203 - - [17/May/2023:07:11:52 +0545] "GET / HTTP/1.1" 200 6783 "-" "Go-http-client/1.1"
188.166.249.235 - - [17/May/2023:07:12:02 +0545] "GET /api/v1/profiles?apikey=LYlCVppaglroXNP5Hs1VvHBerXQGsTKCco6ioQSRruR4jFSEw2 HTTP/1.1" 200 313344 "-" "GuzzleHttp/6.5.5 curl/7.47.0 PHP/7.2.34-18+ubuntu16.04.1+deb.sury.org+1"
188.166.249.235 - - [17/May/2023:07:12:04 +0545] "GET /api/v1/leave?from_date=2023-05-16&to_date=2023-05-16 HTTP/1.0" 200 5950 "-" "-"
188.166.249.235 - - [17/May/2023:07:12:05 +0545] "POST /api/v1/user-timelog HTTP/1.1" 200 5068 "-" "-"
27.34.25.53 - - [17/May/2023:07:12:14 +0545] "GET /api/v1/feed-post?page=1 HTTP/1.1" 200 8559 "-" "Dart/2.16 (dart:io)"
27.34.25.53 - - [17/May/2023:07:12:15 +0545] "GET /api/v1/my-attendance?month HTTP/1.1" 200 6445 "-" "Dart/2.16 (dart:io)"
27.34.25.53 - - [17/May/2023:07:12:16 +0545] "GET /api/v1/feed-post?page=1 HTTP/1.1" 200 8559 "-" "Dart/2.16 (dart:io)"
128.199.116.13 - - [17/May/2023:07:12:16 +0545] "GET /api/v1/profiles?apikey=LYlCVppaglroXNP5Hs1VvHBerXQGsTKCco6ioQSRruR4jFSEw2 HTTP/1.0" 200 313571 "-" "-"
27.34.25.53 - - [17/May/2023:07:12:18 +0545] "GET /api/v1/user-rp?from=2023-05-01&to=2023-05-17 HTTP/1.1" 200 19758 "-" "Dart/2.16 (dart:io)"
27.34.25.53 - - [17/May/2023:07:12:16 +0545] "GET /api/v1/user-rp?from=2023-05-01&to=2023-05-17 HTTP/1.1" 200 19758 "-" "Dart/2.16 (dart:io)"
27.34.25.53 - - [17/May/2023:07:12:21 +0545] "GET /api/v1/leave-calender? HTTP/1.1" 200 5321 "-" "Dart/2.16 (dart:io)"
27.34.25.53 - - [17/May/2023:07:12:21 +0545] "GET /api/v1/leave-calender? HTTP/1.1" 200 5321 "-" "Dart/2.16 (dart:io)"
27.34.25.53 - - [17/May/2023:07:12:22 +0545] "GET /api/v1/projects?page=1&status=In+Progress HTTP/1.1" 200 5145 "-" "Dart/2.16 (dart:io)"
27.34.25.53 - - [17/May/2023:07:12:22 +0545] "GET /api/v1/projects?page=1&status=In+Progress HTTP/1.1" 200 5145 "-" "Dart/2.16 (dart:io)"
110.44.123.47 - - [17/May/2023:07:12:23 +0545] "GET /api/v1/feed-post?page=1 HTTP/1.1" 200 8558 "-" "Dart/2.16 (dart:io)"
110.44.123.47 - - [17/May/2023:07:12:27 +0545] "GET /api/v1/profiles?apikey=LYlCVppaglroXNP5Hs1VvHBerXQGsTKCco6ioQSRruR4jFSEw2 HTTP/1.1" 200 313524 "-" "python-requests/2.21.0"
110.44.123.47 - - [17/May/2023:07:12:24 +0545] "GET /api/v1/user-rp?from=2023-05-01&to=2023-05-17 HTTP/1.1" 200 24752 "-" "Dart/2.16 (dart:io)"
110.44.123.47 - - [17/May/2023:07:12:51 +0545] "GET /api/v1/my-attendance?month HTTP/1.1" 200 6580 "-" "Dart/2.16 (dart:io)"
110.44.123.47 - - [17/May/2023:07:12:57 +0545] "GET /api/v1/leaves? HTTP/1.1" 200 6108 "-" "Dart/2.16 (dart:io)"
110.44.123.47 - - [17/May/2023:07:12:57 +0545] "GET /api/v1/my-attendance?month=2080-2 HTTP/1.1" 200 6551 "-" "Dart/2.16 (dart:io)"
110.44.123.47 - - [17/May/2023:07:12:58 +0545] "GET /api/v1/all-leaves? HTTP/1.1" 200 5673 "-" "Dart/2.16 (dart:io)"
110.44.123.47 - - [17/May/2023:07:12:59 +0545] "GET /api/v1/mobile-checkin? HTTP/1.1" 200 5209 "-" "Dart/2.16 (dart:io)"
110.44.123.47 - - [17/May/2023:07:13:00 +0545] "GET /api/v1/my-attendance?month=2080-2 HTTP/1.1" 200 6732 "-" "Dart/2.16 (dart:io)"
188.166.249.235 - - [17/May/2023:07:13:01 +0545] "GET /api/v1/profiles?apikey=LYlCVppaglroXNP5Hs1VvHBerXQGsTKCco6ioQSRruR4jFSEw2 HTTP/1.1" 200 313344 "-" "GuzzleHttp/6.5.5 curl/7.47.0 PHP/7.2.34-18+ubuntu16.04.1+deb.sury.org+1"
188.166.249.235 - - [17/May/2023:07:13:04 +0545] "GET /api/v1/leave?from_date=2023-05-16&to_date=2023-05-16 HTTP/1.0" 200 5950 "-" "-"
128.199.116.13 - - [17/May/2023:07:13:16 +0545] "GET /api/v1/profiles?apikey=LYlCVppaglroXNP5Hs1VvHBerXQGsTKCco6ioQSRruR4jFSEw2 HTTP/1.0" 200 313571 "-" "-"
110.44.123.47 - - [17/May/2023:07:13:58 +0545] "GET /api/v1/profiles?apikey=LYlCVppaglroXNP5Hs1VvHBerXQGsTKCco6ioQSRruR4jFSEw2 HTTP/1.1" 200 313524 "-" "python-requests/2.21.0"
188.166.249.235 - - [17/May/2023:07:14:01 +0545] "GET /api/v1/leave?from_date=2023-05-16&to_date=2023-05-16 HTTP/1.0" 200 5950 "-" "-"
188.166.249.235 - - [17/May/2023:07:14:02 +0545] "GET /api/v1/profiles?apikey=LYlCVppaglroXNP5Hs1VvHBerXQGsTKCco6ioQSRruR4jFSEw2 HTTP/1.1" 200 313344 "-" "GuzzleHttp/6.5.5 curl/7.47.0 PHP/7.2.34-18+ubuntu16.04.1+deb.sury.org+1"
128.199.116.13 - - [17/May/2023:07:14:16 +0545] "GET /api/v1/profiles?apikey=LYlCVppaglroXNP5Hs1VvHBerXQGsTKCco6ioQSRruR4jFSEw2 HTTP/1.0" 200 313571 "-" "-"
110.44.123.47 - - [17/May/2023:07:14:18 +0545] "GET /api/v1/feed-post?page=1 HTTP/1.1" 200 8559 "-" "Dart/2.16 (dart:io)"
110.44.123.47 - - [17/May/2023:07:14:23 +0545] "GET /api/v1/my-attendance?month HTTP/1.1" 200 6565 "-" "Dart/2.16 (dart:io)"
110.44.123.47 - - [17/May/2023:07:14:19 +0545] "GET /api/v1/user-rp?from=2023-05-01&to=2023-05-17 HTTP/1.1" 200 30309 "-" "Dart/2.16 (dart:io)"
110.44.123.47 - - [17/May/2023:07:14:26 +0545] "GET /api/v1/leave-calender? HTTP/1.1" 200 5321 "-" "Dart/2.16 (dart:io)"
110.44.123.47 - - [17/May/2023:07:14:26 +0545] "GET /api/v1/projects?page=1&status=In+Progress HTTP/1.1" 200 5145 "-" "Dart/2.16 (dart:io)"
110.44.123.47 - - [17/May/2023:07:14:26 +0545] "GET /api/v1/mobile-checkin? HTTP/1.1" 200 5210 "-" "Dart/2.16 (dart:io)"
110.44.123.47 - - [17/May/2023:07:14:28 +0545] "GET /api/v1/my-attendance?month=2080-2 HTTP/1.1" 200 6719 "-" "Dart/2.16 (dart:io)"
188.166.249.235 - - [17/May/2023:07:15:02 +0545] "GET /api/v1/profiles?apikey=LYlCVppaglroXNP5Hs1VvHBerXQGsTKCco6ioQSRruR4jFSEw2 HTTP/1.1" 200 313344 "-" "GuzzleHttp/6.5.5 curl/7.47.0 PHP/7.2.34-18+ubuntu16.04.1+deb.sury.org+1"
188.166.249.235 - - [17/May/2023:07:15:05 +0545] "GET /api/v1/leave?from_date=2023-05-16&to_date=2023-05-16 HTTP/1.0" 200 5950 "-" "-"
103.41.172.18 - - [17/May/2023:07:15:09 +0545] "GET /api/v1/my-attendance?month HTTP/1.1" 200 6580 "-" "Dart/2.16 (dart:io)"
103.41.172.18 - - [17/May/2023:07:15:11 +0545] "GET /api/v1/mobile-checkin? HTTP/1.1" 200 5214 "-" "Dart/2.16 (dart:io)"
103.41.172.18 - - [17/May/2023:07:15:12 +0545] "GET /api/v1/my-attendance?month=2080-2 HTTP/1.1" 200 6734 "-" "Dart/2.16 (dart:io)"
128.199.116.13 - - [17/May/2023:07:15:16 +0545] "GET /api/v1/profiles?apikey=LYlCVppaglroXNP5Hs1VvHBerXQGsTKCco6ioQSRruR4jFSEw2 HTTP/1.0" 200 313571 "-" "-"
110.44.123.47 - - [17/May/2023:07:15:18 +0545] "GET /api/v1/my-attendance?month=2080-2 HTTP/1.1" 200 6719 "-" "Dart/2.16 (dart:io)"
110.44.123.47 - - [17/May/2023:07:15:30 +0545] "GET /api/v1/profiles?apikey=LYlCVppaglroXNP5Hs1VvHBerXQGsTKCco6ioQSRruR4jFSEw2 HTTP/1.1" 200 313524 "-" "python-requests/2.21.0"
27.34.56.85 - - [17/May/2023:07:15:52 +0545] "GET /api/v1/feed-post?page=1 HTTP/1.1" 200 8324 "-" "Dart/2.16 (dart:io)"
110.44.123.47 - - [17/May/2023:07:15:52 +0545] "GET /api/v1/feed-post?page=1 HTTP/1.1" 200 8323 "-" "Dart/2.16 (dart:io)"
27.34.56.85 - - [17/May/2023:07:15:53 +0545] "GET /api/v1/my-attendance?month HTTP/1.1" 200 6565 "-" "Dart/2.16 (dart:io)"
27.34.56.85 - - [17/May/2023:07:15:53 +0545] "GET /api/v1/user-rp?from=2023-05-01&to=2023-05-17 HTTP/1.1" 200 14921 "-" "Dart/2.16 (dart:io)"
27.34.56.85 - - [17/May/2023:07:15:58 +0545] "GET /api/v1/leave-calender? HTTP/1.1" 200 5321 "-" "Dart/2.16 (dart:io)"
110.44.123.47 - - [17/May/2023:07:15:53 +0545] "GET /api/v1/user-rp?from=2023-05-01&to=2023-05-17 HTTP/1.1" 200 16174 "-" "Dart/2.16 (dart:io)"
110.44.123.47 - - [17/May/2023:07:15:59 +0545] "GET /api/v1/leave-calender? HTTP/1.1" 200 5321 "-" "Dart/2.16 (dart:io)"
110.44.123.47 - - [17/May/2023:07:15:58 +0545] "GET /api/v1/my-attendance?month HTTP/1.1" 200 6427 "-" "Dart/2.16 (dart:io)"
110.44.123.47 - - [17/May/2023:07:15:59 +0545] "GET /api/v1/projects?page=1&status=In+Progress HTTP/1.1" 200 5145 "-" "Dart/2.16 (dart:io)"
27.34.56.85 - - [17/May/2023:07:15:59 +0545] "GET /api/v1/projects?page=1&status=In+Progress HTTP/1.1" 200 17418 "-" "Dart/2.16 (dart:io)"
188.166.249.235 - - [17/May/2023:07:16:02 +0545] "GET /api/v1/profiles?apikey=LYlCVppaglroXNP5Hs1VvHBerXQGsTKCco6ioQSRruR4jFSEw2 HTTP/1.1" 200 313344 "-" "GuzzleHttp/6.5.5 curl/7.47.0 PHP/7.2.34-18+ubuntu16.04.1+deb.sury.org+1"
110.44.123.47 - - [17/May/2023:07:16:01 +0545] "GET /api/v1/mobile-checkin? HTTP/1.1" 200 5210 "-" "Dart/2.16 (dart:io)"
27.34.56.85 - - [17/May/2023:07:16:03 +0545] "GET /uploads/Oa_users/Dipeshlama629d7e479ac01_profile.jpg HTTP/1.1" 200 30675 "-" "Dart/2.16 (dart:io)"
27.34.56.85 - - [17/May/2023:07:16:03 +0545] "GET /uploads/Oa_users/AshishBastakoti62c395182fa28_profile.jpg HTTP/1.1" 200 35296 "-" "Dart/2.16 (dart:io)"
27.34.56.85 - - [17/May/2023:07:16:03 +0545] "GET /uploads/Oa_users/BikashKarki6442110bd5ab9_profile.JPG HTTP/1.1" 200 29969 "-" "Dart/2.16 (dart:io)"
27.34.56.85 - - [17/May/2023:07:16:03 +0545] "GET /uploads/funFact/at-symbol-e1575232248910.jpg HTTP/1.1" 200 38449 "-" "Dart/2.16 (dart:io)"
27.34.56.85 - - [17/May/2023:07:16:03 +0545] "GET /uploads/Oa_users/RonitAdhikari63be1c6b3c417_profile.JPG HTTP/1.1" 200 36211 "-" "Dart/2.16 (dart:io)"
27.34.56.85 - - [17/May/2023:07:16:03 +0545] "GET /uploads/Oa_users/KeshanMalakar5de4f19b1eea7_profile.jpg HTTP/1.1" 200 30276 "-" "Dart/2.16 (dart:io)"
27.34.56.85 - - [17/May/2023:07:16:03 +0545] "GET /uploads/snack/Shapale&achar_snack.jpg HTTP/1.1" 200 462926 "-" "Dart/2.16 (dart:io)"
27.34.56.85 - - [17/May/2023:07:16:03 +0545] "GET /uploads/snack/Friedrice_snack.jpg HTTP/1.1" 200 431489 "-" "Dart/2.16 (dart:io)"
27.34.56.85 - - [17/May/2023:07:16:05 +0545] "GET /frontend/img/adminlogo.png HTTP/1.1" 200 10783 "-" "Dart/2.16 (dart:io)"
27.34.56.85 - - [17/May/2023:07:16:04 +0545] "GET /uploads/snack/KeemaNaan_snack.jpeg HTTP/1.1" 200 462382 "-" "Dart/2.16 (dart:io)"
27.34.56.85 - - [17/May/2023:07:16:04 +0545] "GET /uploads/snack/CholaBhatura_snack.jpg HTTP/1.1" 200 932358 "-" "Dart/2.16 (dart:io)"
27.34.56.85 - - [17/May/2023:07:16:05 +0545] "GET /api/v1/feed-post?page=1 HTTP/1.1" 200 8324 "-" "Dart/2.16 (dart:io)"
27.34.56.85 - - [17/May/2023:07:16:06 +0545] "GET /uploads/Oa_users/MaheshKarki5f2ab517b3443_profile.jpg HTTP/1.1" 200 30696 "-" "Dart/2.16 (dart:io)"
27.34.56.85 - - [17/May/2023:07:16:06 +0545] "GET /uploads/Oa_users/SunilGamal5ce58bc2681ce_profile.jpg HTTP/1.1" 200 39418 "-" "Dart/2.16 (dart:io)"
27.34.56.85 - - [17/May/2023:07:16:06 +0545] "GET /api/v1/leaves? HTTP/1.1" 200 5802 "-" "Dart/2.16 (dart:io)"
188.166.249.235 - - [17/May/2023:07:16:06 +0545] "GET /api/v1/leave?from_date=2023-05-16&to_date=2023-05-16 HTTP/1.0" 200 5950 "-" "-"
110.44.123.47 - - [17/May/2023:07:16:06 +0545] "GET /api/v1/feed-post?page=1 HTTP/1.1" 200 8324 "-" "Dart/2.16 (dart:io)"
110.44.123.47 - - [17/May/2023:07:16:08 +0545] "GET /api/v1/my-attendance?month HTTP/1.1" 200 6565 "-" "Dart/2.16 (dart:io)"
27.34.56.85 - - [17/May/2023:07:16:09 +0545] "GET /api/v1/all-leaves? HTTP/1.1" 200 5673 "-" "Dart/2.16 (dart:io)"
27.34.56.85 - - [17/May/2023:07:16:06 +0545] "GET /uploads/feed/2023-05-12-04-00-59-image_picker_compress_fcc309f3-ba9f-40f4-a554-79a4bc28a196.jpg HTTP/1.1" 200 196457 "-" "Dart/2.16 (dart:io)"
27.34.56.85 - - [17/May/2023:07:16:08 +0545] "GET /api/v1/user-rp?from=2023-05-01&to=2023-05-17 HTTP/1.1" 200 14921 "-" "Dart/2.16 (dart:io)"
27.34.56.85 - - [17/May/2023:07:16:13 +0545] "GET /api/v1/leave-calender? HTTP/1.1" 200 5321 "-" "Dart/2.16 (dart:io)"
110.44.123.47 - - [17/May/2023:07:16:08 +0545] "GET /api/v1/user-rp?from=2023-05-01&to=2023-05-17 HTTP/1.1" 200 34873 "-" "Dart/2.16 (dart:io)"
27.34.56.85 - - [17/May/2023:07:16:01 +0545] "GET /api/v1/user-profile? HTTP/1.1" 200 20681 "-" "Dart/2.16 (dart:io)"
110.44.123.47 - - [17/May/2023:07:16:14 +0545] "GET /api/v1/leave-calender? HTTP/1.1" 200 5321 "-" "Dart/2.16 (dart:io)"
110.44.123.47 - - [17/May/2023:07:16:13 +0545] "GET /api/v1/mobile-checkin? HTTP/1.1" 200 5212 "-" "Dart/2.16 (dart:io)"
110.44.123.47 - - [17/May/2023:07:16:14 +0545] "GET /api/v1/projects?page=1&status=In+Progress HTTP/1.1" 200 5145 "-" "Dart/2.16 (dart:io)"
27.34.56.85 - - [17/May/2023:07:16:14 +0545] "GET /api/v1/projects?page=1&status=In+Progress HTTP/1.1" 200 17418 "-" "Dart/2.16 (dart:io)"
110.44.123.47 - - [17/May/2023:07:16:14 +0545] "GET /api/v1/my-attendance?month=2080-2 HTTP/1.1" 200 6719 "-" "Dart/2.16 (dart:io)"
110.44.123.47 - - [17/May/2023:07:16:14 +0545] "GET /api/v1/my-attendance?month=2080-2 HTTP/1.1" 200 6719 "-" "Dart/2.16 (dart:io)"
103.41.172.18 - - [17/May/2023:07:16:15 +0545] "GET /api/v1/feed-post?page=1 HTTP/1.1" 200 8324 "-" "Dart/2.16 (dart:io)"
103.41.172.18 - - [17/May/2023:07:16:16 +0545] "GET /api/v1/my-attendance?month HTTP/1.1" 200 6580 "-" "Dart/2.16 (dart:io)"
128.199.116.13 - - [17/May/2023:07:16:16 +0545] "GET /api/v1/profiles?apikey=LYlCVppaglroXNP5Hs1VvHBerXQGsTKCco6ioQSRruR4jFSEw2 HTTP/1.0" 200 313571 "-" "-"
103.41.172.18 - - [17/May/2023:07:16:16 +0545] "GET /api/v1/user-rp?from=2023-05-01&to=2023-05-17 HTTP/1.1" 200 8987 "-" "Dart/2.16 (dart:io)"
103.41.172.18 - - [17/May/2023:07:16:19 +0545] "GET /api/v1/leave-calender? HTTP/1.1" 200 5321 "-" "Dart/2.16 (dart:io)"
103.41.172.18 - - [17/May/2023:07:16:19 +0545] "GET /api/v1/projects?page=1&status=In+Progress HTTP/1.1" 200 5145 "-" "Dart/2.16 (dart:io)"
103.41.172.18 - - [17/May/2023:07:16:18 +0545] "GET /api/v1/mobile-checkin? HTTP/1.1" 200 5212 "-" "Dart/2.16 (dart:io)"
103.41.172.18 - - [17/May/2023:07:16:20 +0545] "GET /api/v1/my-attendance?month=2080-2 HTTP/1.1" 200 6732 "-" "Dart/2.16 (dart:io)"
110.44.123.47 - - [17/May/2023:07:17:01 +0545] "GET /api/v1/profiles?apikey=LYlCVppaglroXNP5Hs1VvHBerXQGsTKCco6ioQSRruR4jFSEw2 HTTP/1.1" 200 313524 "-" "python-requests/2.21.0"
188.166.249.235 - - [17/May/2023:07:17:02 +0545] "GET /api/v1/profiles?apikey=LYlCVppaglroXNP5Hs1VvHBerXQGsTKCco6ioQSRruR4jFSEw2 HTTP/1.1" 200 313344 "-" "GuzzleHttp/6.5.5 curl/7.47.0 PHP/7.2.34-18+ubuntu16.04.1+deb.sury.org+1"
188.166.249.235 - - [17/May/2023:07:17:04 +0545] "GET /api/v1/leave?from_date=2023-05-16&to_date=2023-05-16 HTTP/1.0" 200 5950 "-" "-"
128.199.116.13 - - [17/May/2023:07:17:16 +0545] "GET /api/v1/profiles?apikey=LYlCVppaglroXNP5Hs1VvHBerXQGsTKCco6ioQSRruR4jFSEw2 HTTP/1.0" 200 313571 "-" "-"
188.166.249.235 - - [17/May/2023:07:18:02 +0545] "GET /api/v1/leave?from_date=2023-05-16&to_date=2023-05-16 HTTP/1.0" 200 5950 "-" "-"
188.166.249.235 - - [17/May/2023:07:18:02 +0545] "GET /api/v1/profiles?apikey=LYlCVppaglroXNP5Hs1VvHBerXQGsTKCco6ioQSRruR4jFSEw2 HTTP/1.1" 200 313344 "-" "GuzzleHttp/6.5.5 curl/7.47.0 PHP/7.2.34-18+ubuntu16.04.1+deb.sury.org+1"
188.166.232.203 - - [17/May/2023:07:18:13 +0545] "GET / HTTP/1.1" 200 6778 "-" "Go-http-client/1.1"
128.199.116.13 - - [17/May/2023:07:18:16 +0545] "GET /api/v1/profiles?apikey=LYlCVppaglroXNP5Hs1VvHBerXQGsTKCco6ioQSRruR4jFSEw2 HTTP/1.0" 200 313571 "-" "-"
110.44.123.47 - - [17/May/2023:07:18:32 +0545] "GET /api/v1/profiles?apikey=LYlCVppaglroXNP5Hs1VvHBerXQGsTKCco6ioQSRruR4jFSEw2 HTTP/1.1" 200 313524 "-" "python-requests/2.21.0"
188.166.249.235 - - [17/May/2023:07:19:02 +0545] "GET /api/v1/leave?from_date=2023-05-16&to_date=2023-05-16 HTTP/1.0" 200 5950 "-" "-"
188.166.249.235 - - [17/May/2023:07:19:02 +0545] "GET /api/v1/profiles?apikey=LYlCVppaglroXNP5Hs1VvHBerXQGsTKCco6ioQSRruR4jFSEw2 HTTP/1.1" 200 313344 "-" "GuzzleHttp/6.5.5 curl/7.47.0 PHP/7.2.34-18+ubuntu16.04.1+deb.sury.org+1"
128.199.116.13 - - [17/May/2023:07:19:15 +0545] "GET /api/v1/profiles?apikey=LYlCVppaglroXNP5Hs1VvHBerXQGsTKCco6ioQSRruR4jFSEw2 HTTP/1.0" 200 313571 "-" "-"
110.44.123.47 - - [17/May/2023:07:19:55 +0545] "GET /api/v1/feed-post?page=1 HTTP/1.1" 200 8324 "-" "Dart/2.15 (dart:io)"
110.44.123.47 - - [17/May/2023:07:19:56 +0545] "GET /frontend/img/adminlogo.png HTTP/1.1" 200 10783 "-" "Dart/2.15 (dart:io)"
110.44.123.47 - - [17/May/2023:07:19:56 +0545] "GET /uploads/funFact/at-symbol-e1575232248910.jpg HTTP/1.1" 200 38449 "-" "Dart/2.15 (dart:io)"
110.44.123.47 - - [17/May/2023:07:19:56 +0545] "GET /uploads/snack/Friedrice_snack.jpg HTTP/1.1" 200 431489 "-" "Dart/2.15 (dart:io)"
110.44.123.47 - - [17/May/2023:07:19:56 +0545] "GET /uploads/snack/Shapale&achar_snack.jpg HTTP/1.1" 200 462926 "-" "Dart/2.15 (dart:io)"
110.44.123.47 - - [17/May/2023:07:19:56 +0545] "GET /uploads/feed/2023-05-12-04-00-59-image_picker_compress_fcc309f3-ba9f-40f4-a554-79a4bc28a196.jpg HTTP/1.1" 200 196457 "-" "Dart/2.15 (dart:io)"
110.44.123.47 - - [17/May/2023:07:19:56 +0545] "GET /uploads/snack/KeemaNaan_snack.jpeg HTTP/1.1" 200 462382 "-" "Dart/2.15 (dart:io)"
110.44.123.47 - - [17/May/2023:07:19:57 +0545] "GET /uploads/Oa_users/SunilGamal5ce58bc2681ce_profile.jpg HTTP/1.1" 200 39418 "-" "Dart/2.15 (dart:io)"
110.44.123.47 - - [17/May/2023:07:19:57 +0545] "GET /uploads/Oa_users/Dipeshlama629d7e479ac01_profile.jpg HTTP/1.1" 200 30675 "-" "Dart/2.15 (dart:io)"
110.44.123.47 - - [17/May/2023:07:19:56 +0545] "GET /uploads/snack/CholaBhatura_snack.jpg HTTP/1.1" 200 932358 "-" "Dart/2.15 (dart:io)"
110.44.123.47 - - [17/May/2023:07:19:58 +0545] "GET /api/v1/my-attendance?month HTTP/1.1" 200 6580 "-" "Dart/2.15 (dart:io)"
188.166.249.235 - - [17/May/2023:07:20:02 +0545] "GET /api/v1/profiles?apikey=LYlCVppaglroXNP5Hs1VvHBerXQGsTKCco6ioQSRruR4jFSEw2 HTTP/1.1" 200 313344 "-" "GuzzleHttp/6.5.5 curl/7.47.0 PHP/7.2.34-18+ubuntu16.04.1+deb.sury.org+1"
110.44.123.47 - - [17/May/2023:07:20:01 +0545] "GET /api/v1/mobile-checkin? HTTP/1.1" 200 5214 "-" "Dart/2.15 (dart:io)"
188.166.249.235 - - [17/May/2023:07:20:03 +0545] "GET /api/v1/profiles?apikey=LYlCVppaglroXNP5Hs1VvHBerXQGsTKCco6ioQSRruR4jFSEw2 HTTP/1.0" 200 313566 "-" "-"
110.44.123.47 - - [17/May/2023:07:20:03 +0545] "GET /api/v1/profiles?apikey=LYlCVppaglroXNP5Hs1VvHBerXQGsTKCco6ioQSRruR4jFSEw2 HTTP/1.1" 200 313524 "-" "python-requests/2.21.0"
110.44.123.47 - - [17/May/2023:07:20:04 +0545] "GET /api/v1/my-attendance?month=2080-2 HTTP/1.1" 200 6734 "-" "Dart/2.15 (dart:io)"
110.44.123.47 - - [17/May/2023:07:19:56 +0545] "GET /api/v1/user-rp?from=2023-05-01&to=2023-05-17 HTTP/1.1" 200 44594 "-" "Dart/2.15 (dart:io)"
110.44.123.47 - - [17/May/2023:07:20:08 +0545] "GET /api/v1/leave-calender? HTTP/1.1" 200 5321 "-" "Dart/2.15 (dart:io)"
110.44.123.47 - - [17/May/2023:07:20:08 +0545] "GET /api/v1/projects?page=1&status=In+Progress HTTP/1.1" 200 5145 "-" "Dart/2.15 (dart:io)"
188.166.249.235 - - [17/May/2023:07:20:09 +0545] "GET /api/v1/leave?from_date=2023-05-16&to_date=2023-05-16 HTTP/1.0" 200 5950 "-" "-"
128.199.116.13 - - [17/May/2023:07:20:16 +0545] "GET /api/v1/profiles?apikey=LYlCVppaglroXNP5Hs1VvHBerXQGsTKCco6ioQSRruR4jFSEw2 HTTP/1.0" 200 313571 "-" "-"
110.44.123.47 - - [17/May/2023:07:20:18 +0545] "GET /api/v1/feed-post?page=1 HTTP/1.1" 200 8324 "-" "Dart/2.16 (dart:io)"
110.44.123.47 - - [17/May/2023:07:20:19 +0545] "GET /api/v1/my-attendance?month HTTP/1.1" 200 6548 "-" "Dart/2.16 (dart:io)"
110.44.123.47 - - [17/May/2023:07:20:22 +0545] "GET /api/v1/mobile-checkin? HTTP/1.1" 200 5212 "-" "Dart/2.16 (dart:io)"
110.44.123.47 - - [17/May/2023:07:20:24 +0545] "GET /api/v1/my-attendance?month=2080-2 HTTP/1.1" 200 6704 "-" "Dart/2.16 (dart:io)"
110.44.123.47 - - [17/May/2023:07:20:20 +0545] "GET /api/v1/user-rp?from=2023-05-01&to=2023-05-17 HTTP/1.1" 200 45812 "-" "Dart/2.16 (dart:io)"
110.44.123.47 - - [17/May/2023:07:20:26 +0545] "GET /api/v1/leave-calender? HTTP/1.1" 200 5321 "-" "Dart/2.16 (dart:io)"
110.44.123.47 - - [17/May/2023:07:20:27 +0545] "GET /api/v1/projects?page=1&status=In+Progress HTTP/1.1" 200 5145 "-" "Dart/2.16 (dart:io)"
110.44.123.47 - - [17/May/2023:07:21:01 +0545] "GET /api/v1/feed-post?page=1 HTTP/1.1" 200 8325 "-" "Dart/2.16 (dart:io)"
110.44.123.47 - - [17/May/2023:07:21:02 +0545] "GET /api/v1/my-attendance?month HTTP/1.1" 200 6580 "-" "Dart/2.16 (dart:io)"
188.166.249.235 - - [17/May/2023:07:21:02 +0545] "GET /api/v1/profiles?apikey=LYlCVppaglroXNP5Hs1VvHBerXQGsTKCco6ioQSRruR4jFSEw2 HTTP/1.1" 200 313344 "-" "GuzzleHttp/6.5.5 curl/7.47.0 PHP/7.2.34-18+ubuntu16.04.1+deb.sury.org+1"
188.166.249.235 - - [17/May/2023:07:21:05 +0545] "GET /api/v1/leave?from_date=2023-05-16&to_date=2023-05-16 HTTP/1.0" 200 5950 "-" "-"
110.44.123.47 - - [17/May/2023:07:21:02 +0545] "GET /api/v1/user-rp?from=2023-05-01&to=2023-05-17 HTTP/1.1" 200 44582 "-" "Dart/2.16 (dart:io)"
110.44.123.47 - - [17/May/2023:07:21:09 +0545] "GET /api/v1/leave-calender? HTTP/1.1" 200 5321 "-" "Dart/2.16 (dart:io)"
110.44.123.47 - - [17/May/2023:07:21:09 +0545] "GET /api/v1/projects?page=1&status=In+Progress HTTP/1.1" 200 5145 "-" "Dart/2.16 (dart:io)"
110.44.123.47 - - [17/May/2023:07:21:08 +0545] "GET /api/v1/mobile-checkin? HTTP/1.1" 200 5217 "-" "Dart/2.16 (dart:io)"
110.44.123.47 - - [17/May/2023:07:21:10 +0545] "GET /api/v1/my-attendance?month=2080-2 HTTP/1.1" 200 6734 "-" "Dart/2.16 (dart:io)"
128.199.116.13 - - [17/May/2023:07:21:16 +0545] "GET /api/v1/profiles?apikey=LYlCVppaglroXNP5Hs1VvHBerXQGsTKCco6ioQSRruR4jFSEw2 HTTP/1.0" 200 313571 "-" "-"
110.44.123.47 - - [17/May/2023:07:21:33 +0545] "GET /api/v1/profiles?apikey=LYlCVppaglroXNP5Hs1VvHBerXQGsTKCco6ioQSRruR4jFSEw2 HTTP/1.1" 200 313524 "-" "python-requests/2.21.0"
188.166.249.235 - - [17/May/2023:07:22:02 +0545] "GET /api/v1/leave?from_date=2023-05-16&to_date=2023-05-16 HTTP/1.0" 200 5950 "-" "-"
188.166.249.235 - - [17/May/2023:07:22:02 +0545] "GET /api/v1/profiles?apikey=LYlCVppaglroXNP5Hs1VvHBerXQGsTKCco6ioQSRruR4jFSEw2 HTTP/1.1" 200 313344 "-" "GuzzleHttp/6.5.5 curl/7.47.0 PHP/7.2.34-18+ubuntu16.04.1+deb.sury.org+1"
128.199.116.13 - - [17/May/2023:07:22:16 +0545] "GET /api/v1/profiles?apikey=LYlCVppaglroXNP5Hs1VvHBerXQGsTKCco6ioQSRruR4jFSEw2 HTTP/1.0" 200 313571 "-" "-"
188.166.249.235 - - [17/May/2023:07:23:02 +0545] "GET /api/v1/leave?from_date=2023-05-16&to_date=2023-05-16 HTTP/1.0" 200 5950 "-" "-"
188.166.249.235 - - [17/May/2023:07:23:02 +0545] "GET /api/v1/profiles?apikey=LYlCVppaglroXNP5Hs1VvHBerXQGsTKCco6ioQSRruR4jFSEw2 HTTP/1.1" 200 313344 "-" "GuzzleHttp/6.5.5 curl/7.47.0 PHP/7.2.34-18+ubuntu16.04.1+deb.sury.org+1"
110.44.123.47 - - [17/May/2023:07:23:04 +0545] "GET /api/v1/profiles?apikey=LYlCVppaglroXNP5Hs1VvHBerXQGsTKCco6ioQSRruR4jFSEw2 HTTP/1.1" 200 313524 "-" "python-requests/2.21.0"
128.199.116.13 - - [17/May/2023:07:23:16 +0545] "GET /api/v1/profiles?apikey=LYlCVppaglroXNP5Hs1VvHBerXQGsTKCco6ioQSRruR4jFSEw2 HTTP/1.0" 200 313571 "-" "-"
103.41.172.18 - - [17/May/2023:07:23:39 +0545] "GET /api/v1/feed-post?page=1 HTTP/1.1" 200 8323 "-" "Dart/2.16 (dart:io)"
103.41.172.18 - - [17/May/2023:07:23:40 +0545] "GET /api/v1/feed-post?page=1 HTTP/1.1" 200 8323 "-" "Dart/2.16 (dart:io)"
103.41.172.18 - - [17/May/2023:07:23:42 +0545] "GET /api/v1/projects?page=1&status=In+Progress HTTP/1.1" 200 5145 "-" "Dart/2.16 (dart:io)"
103.41.172.18 - - [17/May/2023:07:23:42 +0545] "GET /api/v1/my-attendance?month HTTP/1.1" 200 6580 "-" "Dart/2.16 (dart:io)"
103.41.172.18 - - [17/May/2023:07:23:42 +0545] "GET /api/v1/user-rp?from=2023-05-01&to=2023-05-17 HTTP/1.1" 200 29689 "-" "Dart/2.16 (dart:io)"
103.41.172.18 - - [17/May/2023:07:23:42 +0545] "GET /api/v1/user-rp?from=2023-05-01&to=2023-05-17 HTTP/1.1" 200 29689 "-" "Dart/2.16 (dart:io)"
103.41.172.18 - - [17/May/2023:07:23:45 +0545] "GET /api/v1/leave-calender? HTTP/1.1" 200 5321 "-" "Dart/2.16 (dart:io)"
103.41.172.18 - - [17/May/2023:07:23:45 +0545] "GET /api/v1/projects?page=1&status=In+Progress HTTP/1.1" 200 5145 "-" "Dart/2.16 (dart:io)"
103.41.172.18 - - [17/May/2023:07:23:46 +0545] "GET /api/v1/mobile-checkin? HTTP/1.1" 200 5214 "-" "Dart/2.16 (dart:io)"
103.41.172.18 - - [17/May/2023:07:23:47 +0545] "GET /api/v1/my-attendance?month=2080-2 HTTP/1.1" 200 6734 "-" "Dart/2.16 (dart:io)"
103.41.172.18 - - [17/May/2023:07:23:48 +0545] "GET /frontend/img/adminlogo.png HTTP/1.1" 200 10783 "-" "Dart/2.16 (dart:io)"
103.41.172.18 - - [17/May/2023:07:23:49 +0545] "GET /uploads/Oa_users/Dipeshlama629d7e479ac01_profile.jpg HTTP/1.1" 200 30675 "-" "Dart/2.16 (dart:io)"
103.41.172.18 - - [17/May/2023:07:23:49 +0545] "GET /uploads/Oa_users/SunilGamal5ce58bc2681ce_profile.jpg HTTP/1.1" 200 39418 "-" "Dart/2.16 (dart:io)"
103.41.172.18 - - [17/May/2023:07:23:49 +0545] "GET /uploads/funFact/at-symbol-e1575232248910.jpg HTTP/1.1" 200 38449 "-" "Dart/2.16 (dart:io)"
103.41.172.18 - - [17/May/2023:07:23:49 +0545] "GET /uploads/feed/2023-05-12-04-00-59-image_picker_compress_fcc309f3-ba9f-40f4-a554-79a4bc28a196.jpg HTTP/1.1" 200 196457 "-" "Dart/2.16 (dart:io)"
103.41.172.18 - - [17/May/2023:07:23:48 +0545] "GET /uploads/snack/KeemaNaan_snack.jpeg HTTP/1.1" 200 462382 "-" "Dart/2.16 (dart:io)"
103.41.172.18 - - [17/May/2023:07:23:49 +0545] "GET /uploads/snack/Shapale&achar_snack.jpg HTTP/1.1" 200 462926 "-" "Dart/2.16 (dart:io)"
103.41.172.18 - - [17/May/2023:07:23:49 +0545] "GET /uploads/snack/Friedrice_snack.jpg HTTP/1.1" 200 431489 "-" "Dart/2.16 (dart:io)"
103.41.172.18 - - [17/May/2023:07:23:48 +0545] "GET /uploads/snack/CholaBhatura_snack.jpg HTTP/1.1" 200 932358 "-" "Dart/2.16 (dart:io)"
103.41.172.18 - - [17/May/2023:07:23:53 +0545] "GET /api/v1/my-attendance?month=2080-2 HTTP/1.1" 200 6445 "-" "Dart/2.16 (dart:io)"
103.41.172.18 - - [17/May/2023:07:23:56 +0545] "GET /api/v1/mobile-checkin? HTTP/1.1" 200 5214 "-" "Dart/2.16 (dart:io)"
103.41.172.18 - - [17/May/2023:07:23:57 +0545] "GET /api/v1/my-attendance?month=2080-2 HTTP/1.1" 200 6599 "-" "Dart/2.16 (dart:io)"
188.166.249.235 - - [17/May/2023:07:24:02 +0545] "GET /api/v1/leave?from_date=2023-05-16&to_date=2023-05-16 HTTP/1.0" 200 5950 "-" "-"
188.166.249.235 - - [17/May/2023:07:24:02 +0545] "GET /api/v1/profiles?apikey=LYlCVppaglroXNP5Hs1VvHBerXQGsTKCco6ioQSRruR4jFSEw2 HTTP/1.1" 200 313344 "-" "GuzzleHttp/6.5.5 curl/7.47.0 PHP/7.2.34-18+ubuntu16.04.1+deb.sury.org+1"
128.199.116.13 - - [17/May/2023:07:24:16 +0545] "GET /api/v1/profiles?apikey=LYlCVppaglroXNP5Hs1VvHBerXQGsTKCco6ioQSRruR4jFSEw2 HTTP/1.0" 200 313571 "-" "-"
188.166.232.203 - - [17/May/2023:07:24:34 +0545] "GET / HTTP/1.1" 200 6784 "-" "Go-http-client/1.1"
110.44.123.47 - - [17/May/2023:07:24:35 +0545] "GET /api/v1/profiles?apikey=LYlCVppaglroXNP5Hs1VvHBerXQGsTKCco6ioQSRruR4jFSEw2 HTTP/1.1" 200 313524 "-" "python-requests/2.21.0"
103.41.172.18 - - [17/May/2023:07:24:51 +0545] "GET /api/v1/feed-post?page=1 HTTP/1.1" 200 8324 "-" "Dart/2.16 (dart:io)"
103.41.172.18 - - [17/May/2023:07:24:51 +0545] "GET /api/v1/feed-post?page=1 HTTP/1.1" 200 8324 "-" "Dart/2.16 (dart:io)"
103.41.172.18 - - [17/May/2023:07:24:52 +0545] "GET /api/v1/user-rp?from=2023-05-01&to=2023-05-17 HTTP/1.1" 200 21641 "-" "Dart/2.16 (dart:io)"
103.41.172.18 - - [17/May/2023:07:24:52 +0545] "GET /api/v1/user-rp?from=2023-05-01&to=2023-05-17 HTTP/1.1" 200 21641 "-" "Dart/2.16 (dart:io)"
103.41.172.18 - - [17/May/2023:07:24:58 +0545] "GET /uploads/Oa_users/SunilGamal5ce58bc2681ce_profile.jpg HTTP/1.1" 200 39418 "-" "Dart/2.16 (dart:io)"
103.41.172.18 - - [17/May/2023:07:24:58 +0545] "GET /frontend/img/adminlogo.png HTTP/1.1" 200 10783 "-" "Dart/2.16 (dart:io)"
103.41.172.18 - - [17/May/2023:07:24:59 +0545] "GET /uploads/Oa_users/Dipeshlama629d7e479ac01_profile.jpg HTTP/1.1" 200 30675 "-" "Dart/2.16 (dart:io)"
103.41.172.18 - - [17/May/2023:07:24:59 +0545] "GET /api/v1/leave-calender? HTTP/1.1" 200 5321 "-" "Dart/2.16 (dart:io)"
103.41.172.18 - - [17/May/2023:07:24:59 +0545] "GET /uploads/funFact/at-symbol-e1575232248910.jpg HTTP/1.1" 200 38449 "-" "Dart/2.16 (dart:io)"
103.41.172.18 - - [17/May/2023:07:24:59 +0545] "GET /api/v1/leave-calender? HTTP/1.1" 200 5321 "-" "Dart/2.16 (dart:io)"
103.41.172.18 - - [17/May/2023:07:24:58 +0545] "GET /uploads/feed/2023-05-12-04-00-59-image_picker_compress_fcc309f3-ba9f-40f4-a554-79a4bc28a196.jpg HTTP/1.1" 200 196457 "-" "Dart/2.16 (dart:io)"
103.41.172.18 - - [17/May/2023:07:25:01 +0545] "GET /api/v1/projects?page=1&status=In+Progress HTTP/1.1" 200 5145 "-" "Dart/2.16 (dart:io)"
103.41.172.18 - - [17/May/2023:07:25:01 +0545] "GET /api/v1/my-attendance?month HTTP/1.1" 200 6734 "-" "Dart/2.16 (dart:io)"
103.41.172.18 - - [17/May/2023:07:25:02 +0545] "GET /api/v1/projects?page=1&status=In+Progress HTTP/1.1" 200 5145 "-" "Dart/2.16 (dart:io)"
103.41.172.18 - - [17/May/2023:07:24:58 +0545] "GET /uploads/snack/Shapale&achar_snack.jpg HTTP/1.1" 200 462926 "-" "Dart/2.16 (dart:io)"
202.51.92.217 - - [17/May/2023:07:25:02 +0545] "GET /api/v1/feed-post?page=1 HTTP/1.1" 200 8323 "-" "Dart/2.16 (dart:io)"
103.41.172.18 - - [17/May/2023:07:24:59 +0545] "GET /uploads/snack/KeemaNaan_snack.jpeg HTTP/1.1" 200 462382 "-" "Dart/2.16 (dart:io)"
188.166.249.235 - - [17/May/2023:07:25:04 +0545] "GET /api/v1/profiles?apikey=LYlCVppaglroXNP5Hs1VvHBerXQGsTKCco6ioQSRruR4jFSEw2 HTTP/1.1" 200 313344 "-" "GuzzleHttp/6.5.5 curl/7.47.0 PHP/7.2.34-18+ubuntu16.04.1+deb.sury.org+1"
202.51.92.217 - - [17/May/2023:07:25:06 +0545] "GET /api/v1/meeting? HTTP/1.1" 200 8866 "-" "Dart/2.16 (dart:io)"
202.51.92.217 - - [17/May/2023:07:25:07 +0545] "GET /uploads/Oa_users/UrmilaShahiThakuri6259501ef1dfc_profile.jpg HTTP/1.1" 200 44221 "-" "Dart/2.16 (dart:io)"
202.51.92.217 - - [17/May/2023:07:25:07 +0545] "GET /uploads/Oa_users/PritamShakya5c403812b825b_profile.jpg HTTP/1.1" 200 34274 "-" "Dart/2.16 (dart:io)"
202.51.92.217 - - [17/May/2023:07:25:07 +0545] "GET /uploads/Oa_users/SajakBasnet5f2ac838a631e_profile.jpg HTTP/1.1" 200 37005 "-" "Dart/2.16 (dart:io)"
202.51.92.217 - - [17/May/2023:07:25:07 +0545] "GET /uploads/Oa_users/ShitalAdhikari5e3b87b328984_profile.JPG HTTP/1.1" 200 32614 "-" "Dart/2.16 (dart:io)"
188.166.249.235 - - [17/May/2023:07:25:06 +0545] "GET /api/v1/leave?from_date=2023-05-16&to_date=2023-05-16 HTTP/1.0" 200 5950 "-" "-"
103.41.172.18 - - [17/May/2023:07:24:59 +0545] "GET /uploads/snack/CholaBhatura_snack.jpg HTTP/1.1" 200 932358 "-" "Dart/2.16 (dart:io)"
202.51.92.217 - - [17/May/2023:07:25:09 +0545] "GET /api/v1/leave-calender? HTTP/1.1" 200 5321 "-" "Dart/2.16 (dart:io)"
202.51.92.217 - - [17/May/2023:07:25:10 +0545] "GET /api/v1/user-leave-list?date=2023-05-17 HTTP/1.1" 200 6929 "-" "Dart/2.16 (dart:io)"
202.51.92.217 - - [17/May/2023:07:25:10 +0545] "GET /uploads/Oa_users/BijendraManandhar61c143ead1f94_profile.jpeg HTTP/1.1" 200 25497 "-" "Dart/2.16 (dart:io)"
202.51.92.217 - - [17/May/2023:07:25:10 +0545] "GET /uploads/Oa_users/AnupChandrahangRai626b9ea359a21_profile.jpg HTTP/1.1" 200 36097 "-" "Dart/2.16 (dart:io)"
202.51.92.217 - - [17/May/2023:07:25:10 +0545] "GET /uploads/Oa_users/JeevanPaudel621333f161d38_profile.jpg HTTP/1.1" 200 34909 "-" "Dart/2.16 (dart:io)"
202.51.92.217 - - [17/May/2023:07:25:10 +0545] "GET /uploads/Oa_users/AjeetShakya59b8aeef2c4d9_profile.JPG HTTP/1.1" 200 86011 "-" "Dart/2.16 (dart:io)"
202.51.92.217 - - [17/May/2023:07:25:10 +0545] "GET /uploads/Oa_users/PragatiShrestha626697317b47b_profile.jpg HTTP/1.1" 200 29454 "-" "Dart/2.16 (dart:io)"
202.51.92.217 - - [17/May/2023:07:25:10 +0545] "GET /uploads/Oa_users/SujanGhorasaine60d01fc486ffe_profile.jpg HTTP/1.1" 200 40288 "-" "Dart/2.16 (dart:io)"
202.51.92.217 - - [17/May/2023:07:25:10 +0545] "GET /uploads/Oa_users/ShubhashoriDuwal609b38fe8c12b_profile.jpg HTTP/1.1" 200 42139 "-" "Dart/2.16 (dart:io)"
202.51.92.217 - - [17/May/2023:07:25:10 +0545] "GET /uploads/Oa_users/SandeepDangol6322b7c3e435f_profile.jpeg HTTP/1.1" 200 39922 "-" "Dart/2.16 (dart:io)"
202.51.92.217 - - [17/May/2023:07:25:10 +0545] "GET /uploads/Oa_users/MinaPrajapati626b9bddaea38_profile.jpg HTTP/1.1" 200 40789 "-" "Dart/2.16 (dart:io)"
103.41.172.18 - - [17/May/2023:07:25:02 +0545] "GET /uploads/snack/Friedrice_snack.jpg HTTP/1.1" 200 431489 "-" "Dart/2.16 (dart:io)"
202.51.92.217 - - [17/May/2023:07:25:04 +0545] "GET /api/v1/user-rp?from=2023-05-01&to=2023-05-17 HTTP/1.1" 200 41842 "-" "Dart/2.16 (dart:io)"
202.51.92.217 - - [17/May/2023:07:25:13 +0545] "GET /api/v1/leave-calender? HTTP/1.1" 200 5321 "-" "Dart/2.16 (dart:io)"
202.51.92.217 - - [17/May/2023:07:25:14 +0545] "GET /api/v1/projects?page=1&status=In+Progress HTTP/1.1" 200 5145 "-" "Dart/2.16 (dart:io)"
128.199.116.13 - - [17/May/2023:07:25:16 +0545] "GET /api/v1/profiles?apikey=LYlCVppaglroXNP5Hs1VvHBerXQGsTKCco6ioQSRruR4jFSEw2 HTTP/1.0" 200 313571 "-" "-"
188.166.249.235 - - [17/May/2023:07:26:02 +0545] "GET /api/v1/leave?from_date=2023-05-16&to_date=2023-05-16 HTTP/1.0" 200 5950 "-" "-"
188.166.249.235 - - [17/May/2023:07:26:02 +0545] "GET /api/v1/profiles?apikey=LYlCVppaglroXNP5Hs1VvHBerXQGsTKCco6ioQSRruR4jFSEw2 HTTP/1.1" 200 313344 "-" "GuzzleHttp/6.5.5 curl/7.47.0 PHP/7.2.34-18+ubuntu16.04.1+deb.sury.org+1"
110.44.123.47 - - [17/May/2023:07:26:06 +0545] "GET /api/v1/profiles?apikey=LYlCVppaglroXNP5Hs1VvHBerXQGsTKCco6ioQSRruR4jFSEw2 HTTP/1.1" 200 313524 "-" "python-requests/2.21.0"
128.199.116.13 - - [17/May/2023:07:26:16 +0545] "GET /api/v1/profiles?apikey=LYlCVppaglroXNP5Hs1VvHBerXQGsTKCco6ioQSRruR4jFSEw2 HTTP/1.0" 200 313571 "-" "-"
103.190.40.118 - - [17/May/2023:07:26:35 +0545] "POST /api/v1/mobile-login HTTP/1.1" 200 5472 "-" "Dart/2.16 (dart:io)"
103.190.40.118 - - [17/May/2023:07:26:38 +0545] "GET /api/v1/user-profile? HTTP/1.1" 200 78101 "-" "Dart/2.16 (dart:io)"
110.44.123.47 - - [17/May/2023:07:26:46 +0545] "GET /dashboard HTTP/1.1" 302 6146 "-" "Mozilla/5.0 (Windows NT 10.0; Win64; x64) AppleWebKit/537.36 (KHTML, like Gecko) Chrome/113.0.0.0 Safari/537.36"
110.44.123.47 - - [17/May/2023:07:26:47 +0545] "GET /login HTTP/1.1" 200 2304 "-" "Mozilla/5.0 (Windows NT 10.0; Win64; x64) AppleWebKit/537.36 (KHTML, like Gecko) Chrome/113.0.0.0 Safari/537.36"
110.44.123.47 - - [17/May/2023:07:26:47 +0545] "GET /fast.fonts.net/cssapi/175a63a1-3f26-476a-ab32-4e21cbdb8be2.css HTTP/1.1" 404 2283 "https://oa.ekbana.info/login" "Mozilla/5.0 (Windows NT 10.0; Win64; x64) AppleWebKit/537.36 (KHTML, like Gecko) Chrome/113.0.0.0 Safari/537.36"
103.190.40.118 - - [17/May/2023:07:26:48 +0545] "GET /api/v1/check-user? HTTP/1.1" 200 5102 "-" "Dart/2.16 (dart:io)"
110.44.123.47 - - [17/May/2023:07:26:49 +0545] "POST /login HTTP/1.1" 302 6166 "https://oa.ekbana.info/login" "Mozilla/5.0 (Windows NT 10.0; Win64; x64) AppleWebKit/537.36 (KHTML, like Gecko) Chrome/113.0.0.0 Safari/537.36"
110.44.123.47 - - [17/May/2023:07:26:50 +0545] "GET /dashboard HTTP/1.1" 200 10252 "https://oa.ekbana.info/login" "Mozilla/5.0 (Windows NT 10.0; Win64; x64) AppleWebKit/537.36 (KHTML, like Gecko) Chrome/113.0.0.0 Safari/537.36"
110.44.123.47 - - [17/May/2023:07:26:51 +0545] "GET /fonts/fonts.css HTTP/1.1" 200 829 "https://oa.ekbana.info/dashboard" "Mozilla/5.0 (Windows NT 10.0; Win64; x64) AppleWebKit/537.36 (KHTML, like Gecko) Chrome/113.0.0.0 Safari/537.36"
110.44.123.47 - - [17/May/2023:07:26:51 +0545] "GET /css/birthday.css HTTP/1.1" 200 1371 "https://oa.ekbana.info/dashboard" "Mozilla/5.0 (Windows NT 10.0; Win64; x64) AppleWebKit/537.36 (KHTML, like Gecko) Chrome/113.0.0.0 Safari/537.36"
110.44.123.47 - - [17/May/2023:07:26:51 +0545] "GET /css/learningStyles.css HTTP/1.1" 200 5595 "https://oa.ekbana.info/dashboard" "Mozilla/5.0 (Windows NT 10.0; Win64; x64) AppleWebKit/537.36 (KHTML, like Gecko) Chrome/113.0.0.0 Safari/537.36"
110.44.123.47 - - [17/May/2023:07:26:51 +0545] "GET /datetimepicker/jquery.datetimepicker.min.css HTTP/1.1" 404 2283 "https://oa.ekbana.info/dashboard" "Mozilla/5.0 (Windows NT 10.0; Win64; x64) AppleWebKit/537.36 (KHTML, like Gecko) Chrome/113.0.0.0 Safari/537.36"
110.44.123.47 - - [17/May/2023:07:26:51 +0545] "GET /frontend/birthday/head-ballon.svg HTTP/1.1" 304 195 "https://oa.ekbana.info/dashboard" "Mozilla/5.0 (Windows NT 10.0; Win64; x64) AppleWebKit/537.36 (KHTML, like Gecko) Chrome/113.0.0.0 Safari/537.36"
110.44.123.47 - - [17/May/2023:07:26:51 +0545] "GET /datetimepicker/jquery.datetimepicker.full.js HTTP/1.1" 404 2435 "https://oa.ekbana.info/dashboard" "Mozilla/5.0 (Windows NT 10.0; Win64; x64) AppleWebKit/537.36 (KHTML, like Gecko) Chrome/113.0.0.0 Safari/537.36"
110.44.123.47 - - [17/May/2023:07:26:51 +0545] "GET /frontend/birthday/head-balloon-2.svg HTTP/1.1" 304 347 "https://oa.ekbana.info/dashboard" "Mozilla/5.0 (Windows NT 10.0; Win64; x64) AppleWebKit/537.36 (KHTML, like Gecko) Chrome/113.0.0.0 Safari/537.36"
110.44.123.47 - - [17/May/2023:07:26:51 +0545] "GET /frontend/birthday/pomper.svg HTTP/1.1" 304 347 "https://oa.ekbana.info/dashboard" "Mozilla/5.0 (Windows NT 10.0; Win64; x64) AppleWebKit/537.36 (KHTML, like Gecko) Chrome/113.0.0.0 Safari/537.36"
110.44.123.47 - - [17/May/2023:07:26:51 +0545] "GET /frontend/birthday/drop-balloon.svg HTTP/1.1" 304 346 "https://oa.ekbana.info/dashboard" "Mozilla/5.0 (Windows NT 10.0; Win64; x64) AppleWebKit/537.36 (KHTML, like Gecko) Chrome/113.0.0.0 Safari/537.36"
110.44.123.47 - - [17/May/2023:07:26:51 +0545] "GET /frontend/birthday/user-balloon.svg HTTP/1.1" 304 195 "https://oa.ekbana.info/dashboard" "Mozilla/5.0 (Windows NT 10.0; Win64; x64) AppleWebKit/537.36 (KHTML, like Gecko) Chrome/113.0.0.0 Safari/537.36"
110.44.123.47 - - [17/May/2023:07:26:51 +0545] "GET /frontend/birthday/ribbon.svg HTTP/1.1" 304 195 "https://oa.ekbana.info/dashboard" "Mozilla/5.0 (Windows NT 10.0; Win64; x64) AppleWebKit/537.36 (KHTML, like Gecko) Chrome/113.0.0.0 Safari/537.36"
110.44.123.47 - - [17/May/2023:07:26:51 +0545] "GET /frontend/birthday/pinkbanner.svg HTTP/1.1" 304 195 "https://oa.ekbana.info/css/birthday.css" "Mozilla/5.0 (Windows NT 10.0; Win64; x64) AppleWebKit/537.36 (KHTML, like Gecko) Chrome/113.0.0.0 Safari/537.36"
110.44.123.47 - - [17/May/2023:07:26:51 +0545] "GET /frontend/birthday/pink-light.svg HTTP/1.1" 304 195 "https://oa.ekbana.info/css/birthday.css" "Mozilla/5.0 (Windows NT 10.0; Win64; x64) AppleWebKit/537.36 (KHTML, like Gecko) Chrome/113.0.0.0 Safari/537.36"
110.44.123.47 - - [17/May/2023:07:26:51 +0545] "GET /frontend/birthday/banner.png HTTP/1.1" 304 195 "https://oa.ekbana.info/css/birthday.css" "Mozilla/5.0 (Windows NT 10.0; Win64; x64) AppleWebKit/537.36 (KHTML, like Gecko) Chrome/113.0.0.0 Safari/537.36"
110.44.123.47 - - [17/May/2023:07:26:51 +0545] "GET /frontend/birthday/userbanner.svg HTTP/1.1" 304 195 "https://oa.ekbana.info/css/birthday.css" "Mozilla/5.0 (Windows NT 10.0; Win64; x64) AppleWebKit/537.36 (KHTML, like Gecko) Chrome/113.0.0.0 Safari/537.36"
103.190.40.118 - - [17/May/2023:07:26:53 +0545] "GET /api/v1/feed-post?page=1 HTTP/1.1" 200 8321 "-" "Dart/2.16 (dart:io)"
103.190.40.118 - - [17/May/2023:07:26:55 +0545] "GET /api/v1/user-rp?from=2023-05-01&to=2023-05-17 HTTP/1.1" 200 5305 "-" "Dart/2.16 (dart:io)"
110.44.123.47 - - [17/May/2023:07:26:56 +0545] "GET /leaves HTTP/1.1" 200 7428 "https://oa.ekbana.info/dashboard" "Mozilla/5.0 (Windows NT 10.0; Win64; x64) AppleWebKit/537.36 (KHTML, like Gecko) Chrome/113.0.0.0 Safari/537.36"
103.190.40.118 - - [17/May/2023:07:26:57 +0545] "GET /frontend/img/adminlogo.png HTTP/1.1" 200 10783 "-" "Dart/2.16 (dart:io)"
103.190.40.118 - - [17/May/2023:07:26:57 +0545] "GET /uploads/Oa_users/SunilGamal5ce58bc2681ce_profile.jpg HTTP/1.1" 200 39418 "-" "Dart/2.16 (dart:io)"
103.190.40.118 - - [17/May/2023:07:26:57 +0545] "GET /uploads/funFact/at-symbol-e1575232248910.jpg HTTP/1.1" 200 38449 "-" "Dart/2.16 (dart:io)"
103.190.40.118 - - [17/May/2023:07:26:57 +0545] "GET /uploads/Oa_users/Dipeshlama629d7e479ac01_profile.jpg HTTP/1.1" 200 30675 "-" "Dart/2.16 (dart:io)"
110.44.123.47 - - [17/May/2023:07:26:57 +0545] "GET /datetimepicker/jquery.datetimepicker.min.css HTTP/1.1" 404 2283 "https://oa.ekbana.info/leaves" "Mozilla/5.0 (Windows NT 10.0; Win64; x64) AppleWebKit/537.36 (KHTML, like Gecko) Chrome/113.0.0.0 Safari/537.36"
103.190.40.118 - - [17/May/2023:07:26:57 +0545] "GET /api/v1/leave-calender? HTTP/1.1" 200 5321 "-" "Dart/2.16 (dart:io)"
110.44.123.47 - - [17/May/2023:07:26:57 +0545] "GET /datetimepicker/jquery.datetimepicker.full.js HTTP/1.1" 404 2435 "https://oa.ekbana.info/leaves" "Mozilla/5.0 (Windows NT 10.0; Win64; x64) AppleWebKit/537.36 (KHTML, like Gecko) Chrome/113.0.0.0 Safari/537.36"
103.190.40.118 - - [17/May/2023:07:26:57 +0545] "GET /uploads/feed/2023-05-12-04-00-59-image_picker_compress_fcc309f3-ba9f-40f4-a554-79a4bc28a196.jpg HTTP/1.1" 200 196457 "-" "Dart/2.16 (dart:io)"
103.190.40.118 - - [17/May/2023:07:27:00 +0545] "GET /api/v1/projects?page=1&status=In+Progress HTTP/1.1" 200 18211 "-" "Dart/2.16 (dart:io)"
103.190.40.118 - - [17/May/2023:07:26:57 +0545] "GET /uploads/snack/Friedrice_snack.jpg HTTP/1.1" 200 431489 "-" "Dart/2.16 (dart:io)"
103.190.40.118 - - [17/May/2023:07:27:01 +0545] "GET /uploads/Oa_users/SitaBhattarai59f9929912210_profile.jpg HTTP/1.1" 200 40337 "-" "Dart/2.16 (dart:io)"
103.190.40.118 - - [17/May/2023:07:27:01 +0545] "GET /uploads/Oa_users/SarunaShrestha5efaaf9c4b984_profile.jpg HTTP/1.1" 200 24696 "-" "Dart/2.16 (dart:io)"
103.190.40.118 - - [17/May/2023:07:27:01 +0545] "GET /uploads/Oa_users/PrajwalMaharjan5cd15e08c3797_profile.jpg HTTP/1.1" 200 49616 "-" "Dart/2.16 (dart:io)"
103.190.40.118 - - [17/May/2023:07:26:57 +0545] "GET /uploads/snack/Shapale&achar_snack.jpg HTTP/1.1" 200 462926 "-" "Dart/2.16 (dart:io)"
103.190.40.118 - - [17/May/2023:07:26:57 +0545] "GET /uploads/snack/KeemaNaan_snack.jpeg HTTP/1.1" 200 462382 "-" "Dart/2.16 (dart:io)"
188.166.249.235 - - [17/May/2023:07:27:01 +0545] "GET /api/v1/profiles?apikey=LYlCVppaglroXNP5Hs1VvHBerXQGsTKCco6ioQSRruR4jFSEw2 HTTP/1.1" 200 313344 "-" "GuzzleHttp/6.5.5 curl/7.47.0 PHP/7.2.34-18+ubuntu16.04.1+deb.sury.org+1"
188.166.249.235 - - [17/May/2023:07:27:03 +0545] "GET /api/v1/leave?from_date=2023-05-16&to_date=2023-05-16 HTTP/1.0" 200 5950 "-" "-"
103.190.40.118 - - [17/May/2023:07:26:57 +0545] "GET /uploads/snack/CholaBhatura_snack.jpg HTTP/1.1" 200 932358 "-" "Dart/2.16 (dart:io)"
110.44.123.47 - - [17/May/2023:07:27:08 +0545] "GET /leaveCalender HTTP/1.1" 200 19972 "https://oa.ekbana.info/leaves" "Mozilla/5.0 (Windows NT 10.0; Win64; x64) AppleWebKit/537.36 (KHTML, like Gecko) Chrome/113.0.0.0 Safari/537.36"
110.44.123.47 - - [17/May/2023:07:27:09 +0545] "GET /datetimepicker/jquery.datetimepicker.min.css HTTP/1.1" 404 2435 "https://oa.ekbana.info/leaveCalender" "Mozilla/5.0 (Windows NT 10.0; Win64; x64) AppleWebKit/537.36 (KHTML, like Gecko) Chrome/113.0.0.0 Safari/537.36"
110.44.123.47 - - [17/May/2023:07:27:10 +0545] "GET /datetimepicker/jquery.datetimepicker.full.js HTTP/1.1" 404 2283 "https://oa.ekbana.info/leaveCalender" "Mozilla/5.0 (Windows NT 10.0; Win64; x64) AppleWebKit/537.36 (KHTML, like Gecko) Chrome/113.0.0.0 Safari/537.36"
110.44.123.47 - - [17/May/2023:07:27:10 +0545] "GET /frontend/icon_fonts_assets/font-awesome/fonts/fontawesome-webfont3e6e.woff2?v=4.7.0 HTTP/1.1" 200 77734 "https://oa.ekbana.info/frontend/icon_fonts_assets/font-awesome/css/font-awesome.min.css" "Mozilla/5.0 (Windows NT 10.0; Win64; x64) AppleWebKit/537.36 (KHTML, like Gecko) Chrome/113.0.0.0 Safari/537.36"
110.44.123.47 - - [17/May/2023:07:27:10 +0545] "GET /backend/icons/fontawesome/fontawesome-webfont.woff?v=4.0.3 HTTP/1.1" 200 65881 "https://oa.ekbana.info/backend/icons/fontawesome/fontawesome.css" "Mozilla/5.0 (Windows NT 10.0; Win64; x64) AppleWebKit/537.36 (KHTML, like Gecko) Chrome/113.0.0.0 Safari/537.36"
128.199.116.13 - - [17/May/2023:07:27:16 +0545] "GET /api/v1/profiles?apikey=LYlCVppaglroXNP5Hs1VvHBerXQGsTKCco6ioQSRruR4jFSEw2 HTTP/1.0" 200 313571 "-" "-"
103.190.40.118 - - [17/May/2023:07:27:30 +0545] "GET /uploads/Oa_users/PrajwalMaharjan5cd15e08c3797_profile.jpg HTTP/1.1" 200 54333 "-" "Dart/2.16 (dart:io)"
103.190.40.118 - - [17/May/2023:07:27:31 +0545] "GET /uploads/Oa_users/SitaBhattarai59f9929912210_profile.jpg HTTP/1.1" 200 45054 "-" "Dart/2.16 (dart:io)"
103.190.40.118 - - [17/May/2023:07:27:31 +0545] "GET /uploads/Oa_users/SarunaShrestha5efaaf9c4b984_profile.jpg HTTP/1.1" 200 29413 "-" "Dart/2.16 (dart:io)"
110.44.123.47 - - [17/May/2023:07:27:36 +0545] "GET /api/v1/profiles?apikey=LYlCVppaglroXNP5Hs1VvHBerXQGsTKCco6ioQSRruR4jFSEw2 HTTP/1.1" 200 313524 "-" "python-requests/2.21.0"
103.190.40.118 - - [17/May/2023:07:27:50 +0545] "GET /api/v1/feed-post?page=2 HTTP/1.1" 200 9948 "-" "Dart/2.16 (dart:io)"
103.190.40.118 - - [17/May/2023:07:27:51 +0545] "GET /uploads/funFact/social-media-fact.jpg HTTP/1.1" 200 39665 "-" "Dart/2.16 (dart:io)"
103.190.40.118 - - [17/May/2023:07:27:51 +0545] "GET /uploads/Oa_users/SubashDahal62d50c960d5dd_profile.JPG HTTP/1.1" 200 36242 "-" "Dart/2.16 (dart:io)"
103.190.40.118 - - [17/May/2023:07:27:51 +0545] "GET /uploads/funFact/android-logo.jpg HTTP/1.1" 200 11793 "-" "Dart/2.16 (dart:io)"
103.190.40.118 - - [17/May/2023:07:27:51 +0545] "GET /uploads/funFact/domain-name.jpg HTTP/1.1" 200 77962 "-" "Dart/2.16 (dart:io)"
103.190.40.118 - - [17/May/2023:07:27:51 +0545] "GET /uploads/funFact/computer-virus-fact.jpg HTTP/1.1" 200 139515 "-" "Dart/2.16 (dart:io)"
103.190.40.118 - - [17/May/2023:07:27:51 +0545] "GET /uploads/snack/Rotitarkari_snack.jpg HTTP/1.1" 200 435138 "-" "Dart/2.16 (dart:io)"
103.190.40.118 - - [17/May/2023:07:27:51 +0545] "GET /uploads/snack/Choilachewra_snack.jpg HTTP/1.1" 200 607171 "-" "Dart/2.16 (dart:io)"
103.190.40.118 - - [17/May/2023:07:27:55 +0545] "GET /uploads/Oa_users/NiteshKumarSapkota64620b412a465_profile.jpg HTTP/1.1" 200 43656 "-" "Dart/2.16 (dart:io)"
103.190.40.118 - - [17/May/2023:07:27:55 +0545] "GET /uploads/Oa_users/SandeshThapa5ab9bf3263eb9_profile.JPG HTTP/1.1" 200 46649 "-" "Dart/2.16 (dart:io)"
103.190.40.118 - - [17/May/2023:07:27:55 +0545] "GET /uploads/Oa_users/RishabShrestha5dca84dfe1361_profile.jpg HTTP/1.1" 200 44838 "-" "Dart/2.16 (dart:io)"
103.190.40.118 - - [17/May/2023:07:27:55 +0545] "GET /uploads/Oa_users/BinayaSharma5ee9f45a82ab9_profile.jpg HTTP/1.1" 200 33574 "-" "Dart/2.16 (dart:io)"
103.41.172.18 - - [17/May/2023:07:27:57 +0545] "GET / HTTP/1.1" 200 7037 "-" "Mozilla/5.0 (Windows NT 10.0; Win64; x64) AppleWebKit/537.36 (KHTML, like Gecko) Chrome/113.0.0.0 Safari/537.36"
103.41.172.18 - - [17/May/2023:07:27:57 +0545] "GET /fast.fonts.net/cssapi/175a63a1-3f26-476a-ab32-4e21cbdb8be2.css HTTP/1.1" 404 2283 "https://oa.ekbana.info/" "Mozilla/5.0 (Windows NT 10.0; Win64; x64) AppleWebKit/537.36 (KHTML, like Gecko) Chrome/113.0.0.0 Safari/537.36"
103.190.40.118 - - [17/May/2023:07:27:55 +0545] "GET /api/v1/user-profile? HTTP/1.1" 200 78101 "-" "Dart/2.16 (dart:io)"
188.166.249.235 - - [17/May/2023:07:28:02 +0545] "GET /api/v1/leave?from_date=2023-05-16&to_date=2023-05-16 HTTP/1.0" 200 5950 "-" "-"
188.166.249.235 - - [17/May/2023:07:28:02 +0545] "GET /api/v1/profiles?apikey=LYlCVppaglroXNP5Hs1VvHBerXQGsTKCco6ioQSRruR4jFSEw2 HTTP/1.1" 200 313344 "-" "GuzzleHttp/6.5.5 curl/7.47.0 PHP/7.2.34-18+ubuntu16.04.1+deb.sury.org+1"
110.44.123.47 - - [17/May/2023:07:28:07 +0545] "GET /api/v1/feed-post?page=1 HTTP/1.1" 200 8323 "-" "Dart/2.16 (dart:io)"
110.44.123.47 - - [17/May/2023:07:28:12 +0545] "GET /api/v1/my-attendance?month HTTP/1.1" 200 6580 "-" "Dart/2.16 (dart:io)"
110.44.123.47 - - [17/May/2023:07:28:08 +0545] "GET /api/v1/user-rp?from=2023-05-01&to=2023-05-17 HTTP/1.1" 200 26032 "-" "Dart/2.16 (dart:io)"
110.44.123.47 - - [17/May/2023:07:28:14 +0545] "GET /api/v1/leave-calender? HTTP/1.1" 200 5321 "-" "Dart/2.16 (dart:io)"
110.44.123.47 - - [17/May/2023:07:28:14 +0545] "GET /api/v1/projects?page=1&status=In+Progress HTTP/1.1" 200 7406 "-" "Dart/2.16 (dart:io)"
128.199.116.13 - - [17/May/2023:07:28:16 +0545] "GET /api/v1/profiles?apikey=LYlCVppaglroXNP5Hs1VvHBerXQGsTKCco6ioQSRruR4jFSEw2 HTTP/1.0" 200 313571 "-" "-"
110.44.123.47 - - [17/May/2023:07:28:15 +0545] "GET /api/v1/mobile-checkin? HTTP/1.1" 200 5230 "-" "Dart/2.16 (dart:io)"
110.44.123.47 - - [17/May/2023:07:28:17 +0545] "GET /api/v1/my-attendance?month=2080-2 HTTP/1.1" 200 6734 "-" "Dart/2.16 (dart:io)"
103.41.172.18 - - [17/May/2023:07:28:23 +0545] "POST /login HTTP/1.1" 302 1586 "https://oa.ekbana.info/" "Mozilla/5.0 (Windows NT 10.0; Win64; x64) AppleWebKit/537.36 (KHTML, like Gecko) Chrome/113.0.0.0 Safari/537.36"
103.41.172.18 - - [17/May/2023:07:28:24 +0545] "GET /dashboard HTTP/1.1" 200 10256 "https://oa.ekbana.info/" "Mozilla/5.0 (Windows NT 10.0; Win64; x64) AppleWebKit/537.36 (KHTML, like Gecko) Chrome/113.0.0.0 Safari/537.36"
103.41.172.18 - - [17/May/2023:07:28:24 +0545] "GET /frontend/birthday/head-ballon.svg HTTP/1.1" 304 195 "https://oa.ekbana.info/dashboard" "Mozilla/5.0 (Windows NT 10.0; Win64; x64) AppleWebKit/537.36 (KHTML, like Gecko) Chrome/113.0.0.0 Safari/537.36"
103.41.172.18 - - [17/May/2023:07:28:24 +0545] "GET /frontend/birthday/head-balloon-2.svg HTTP/1.1" 304 195 "https://oa.ekbana.info/dashboard" "Mozilla/5.0 (Windows NT 10.0; Win64; x64) AppleWebKit/537.36 (KHTML, like Gecko) Chrome/113.0.0.0 Safari/537.36"
103.41.172.18 - - [17/May/2023:07:28:25 +0545] "GET /frontend/birthday/pomper.svg HTTP/1.1" 304 195 "https://oa.ekbana.info/dashboard" "Mozilla/5.0 (Windows NT 10.0; Win64; x64) AppleWebKit/537.36 (KHTML, like Gecko) Chrome/113.0.0.0 Safari/537.36"
103.41.172.18 - - [17/May/2023:07:28:25 +0545] "GET /frontend/birthday/drop-balloon.svg HTTP/1.1" 304 346 "https://oa.ekbana.info/dashboard" "Mozilla/5.0 (Windows NT 10.0; Win64; x64) AppleWebKit/537.36 (KHTML, like Gecko) Chrome/113.0.0.0 Safari/537.36"
