188.166.249.235 - - [17/May/2023:06:33:02 +0545] "GET /api/v1/leave?from_date=2023-05-16&to_date=2023-05-16 HTTP/1.0" 200 5950 "-" "-"
188.166.249.235 - - [17/May/2023:06:33:02 +0545] "GET /api/v1/profiles?apikey=LYlCVppaglroXNP5Hs1VvHBerXQGsTKCco6ioQSRruR4jFSEw2 HTTP/1.1" 200 313344 "-" "GuzzleHttp/6.5.5 curl/7.47.0 PHP/7.2.34-18+ubuntu16.04.1+deb.sury.org+1"
110.44.123.47 - - [17/May/2023:06:33:06 +0545] "GET /api/v1/profiles?apikey=LYlCVppaglroXNP5Hs1VvHBerXQGsTKCco6ioQSRruR4jFSEw2 HTTP/1.1" 200 313524 "-" "python-requests/2.21.0"
128.199.116.13 - - [17/May/2023:06:33:15 +0545] "GET /api/v1/profiles?apikey=LYlCVppaglroXNP5Hs1VvHBerXQGsTKCco6ioQSRruR4jFSEw2 HTTP/1.0" 200 313571 "-" "-"
188.166.232.203 - - [17/May/2023:06:33:37 +0545] "GET / HTTP/1.1" 200 6788 "-" "Go-http-client/1.1"
188.166.249.235 - - [17/May/2023:06:34:02 +0545] "GET /api/v1/leave?from_date=2023-05-16&to_date=2023-05-16 HTTP/1.0" 200 5950 "-" "-"
188.166.249.235 - - [17/May/2023:06:34:02 +0545] "GET /api/v1/profiles?apikey=LYlCVppaglroXNP5Hs1VvHBerXQGsTKCco6ioQSRruR4jFSEw2 HTTP/1.1" 200 313344 "-" "GuzzleHttp/6.5.5 curl/7.47.0 PHP/7.2.34-18+ubuntu16.04.1+deb.sury.org+1"
128.199.116.13 - - [17/May/2023:06:34:15 +0545] "GET /api/v1/profiles?apikey=LYlCVppaglroXNP5Hs1VvHBerXQGsTKCco6ioQSRruR4jFSEw2 HTTP/1.0" 200 313571 "-" "-"
110.44.123.47 - - [17/May/2023:06:34:21 +0545] "GET /api/v1/my-attendance?month HTTP/1.1" 200 6533 "-" "Dart/2.16 (dart:io)"
110.44.123.47 - - [17/May/2023:06:34:20 +0545] "GET /api/v1/feed-post?page=1 HTTP/1.1" 200 8558 "-" "Dart/2.16 (dart:io)"
110.44.123.47 - - [17/May/2023:06:34:24 +0545] "GET /api/v1/mobile-checkin? HTTP/1.1" 200 5206 "-" "Dart/2.16 (dart:io)"
110.44.123.47 - - [17/May/2023:06:34:27 +0545] "GET /api/v1/my-attendance?month=2080-2 HTTP/1.1" 200 6672 "-" "Dart/2.16 (dart:io)"
110.44.123.47 - - [17/May/2023:06:34:36 +0545] "GET /api/v1/profiles?apikey=LYlCVppaglroXNP5Hs1VvHBerXQGsTKCco6ioQSRruR4jFSEw2 HTTP/1.1" 200 313524 "-" "python-requests/2.21.0"
110.44.123.47 - - [17/May/2023:06:34:22 +0545] "GET /api/v1/user-rp?from=2023-05-01&to=2023-05-17 HTTP/1.1" 200 36913 "-" "Dart/2.16 (dart:io)"
188.166.249.235 - - [17/May/2023:06:35:02 +0545] "GET /api/v1/profiles?apikey=LYlCVppaglroXNP5Hs1VvHBerXQGsTKCco6ioQSRruR4jFSEw2 HTTP/1.1" 200 313344 "-" "GuzzleHttp/6.5.5 curl/7.47.0 PHP/7.2.34-18+ubuntu16.04.1+deb.sury.org+1"
188.166.249.235 - - [17/May/2023:06:35:04 +0545] "GET /api/v1/leave?from_date=2023-05-16&to_date=2023-05-16 HTTP/1.0" 200 5950 "-" "-"
128.199.116.13 - - [17/May/2023:06:35:15 +0545] "GET /api/v1/profiles?apikey=LYlCVppaglroXNP5Hs1VvHBerXQGsTKCco6ioQSRruR4jFSEw2 HTTP/1.0" 200 313571 "-" "-"
27.34.29.54 - - [17/May/2023:06:35:28 +0545] "GET /api/v1/feed-post?page=1 HTTP/1.1" 200 8558 "-" "Dart/2.16 (dart:io)"
27.34.29.54 - - [17/May/2023:06:35:29 +0545] "GET /api/v1/my-attendance?month HTTP/1.1" 200 6533 "-" "Dart/2.16 (dart:io)"
27.34.29.54 - - [17/May/2023:06:35:31 +0545] "GET /api/v1/user-rp?from=2023-05-01&to=2023-05-17 HTTP/1.1" 200 26494 "-" "Dart/2.16 (dart:io)"
27.34.29.54 - - [17/May/2023:06:35:34 +0545] "GET /api/v1/leave-calender? HTTP/1.1" 200 5321 "-" "Dart/2.16 (dart:io)"
27.34.29.54 - - [17/May/2023:06:35:36 +0545] "GET /api/v1/projects?page=1&status=In+Progress HTTP/1.1" 200 5145 "-" "Dart/2.16 (dart:io)"
188.166.249.235 - - [17/May/2023:06:36:02 +0545] "GET /api/v1/leave?from_date=2023-05-16&to_date=2023-05-16 HTTP/1.0" 200 5950 "-" "-"
188.166.249.235 - - [17/May/2023:06:36:03 +0545] "GET /api/v1/profiles?apikey=LYlCVppaglroXNP5Hs1VvHBerXQGsTKCco6ioQSRruR4jFSEw2 HTTP/1.1" 200 313344 "-" "GuzzleHttp/6.5.5 curl/7.47.0 PHP/7.2.34-18+ubuntu16.04.1+deb.sury.org+1"
110.44.123.47 - - [17/May/2023:06:36:07 +0545] "GET /api/v1/profiles?apikey=LYlCVppaglroXNP5Hs1VvHBerXQGsTKCco6ioQSRruR4jFSEw2 HTTP/1.1" 200 313524 "-" "python-requests/2.21.0"
128.199.116.13 - - [17/May/2023:06:36:16 +0545] "GET /api/v1/profiles?apikey=LYlCVppaglroXNP5Hs1VvHBerXQGsTKCco6ioQSRruR4jFSEw2 HTTP/1.0" 200 313571 "-" "-"
27.34.27.198 - - [17/May/2023:06:36:45 +0545] "GET /api/v1/feed-post?page=1 HTTP/1.1" 200 8559 "-" "Dart/2.16 (dart:io)"
27.34.27.198 - - [17/May/2023:06:36:46 +0545] "GET /api/v1/my-attendance?month HTTP/1.1" 200 6430 "-" "Dart/2.16 (dart:io)"
27.34.27.198 - - [17/May/2023:06:36:47 +0545] "GET /api/v1/leaves? HTTP/1.1" 200 5760 "-" "Dart/2.16 (dart:io)"
27.34.27.198 - - [17/May/2023:06:36:49 +0545] "GET /api/v1/all-leaves? HTTP/1.1" 200 5673 "-" "Dart/2.16 (dart:io)"
27.34.27.198 - - [17/May/2023:06:36:47 +0545] "GET /api/v1/user-rp?from=2023-05-01&to=2023-05-17 HTTP/1.1" 200 21939 "-" "Dart/2.16 (dart:io)"
27.34.27.198 - - [17/May/2023:06:36:55 +0545] "GET /api/v1/leave-calender? HTTP/1.1" 200 5321 "-" "Dart/2.16 (dart:io)"
27.34.27.198 - - [17/May/2023:06:36:57 +0545] "GET /api/v1/projects?page=1&status=In+Progress HTTP/1.1" 200 17418 "-" "Dart/2.16 (dart:io)"
188.166.249.235 - - [17/May/2023:06:37:02 +0545] "GET /api/v1/profiles?apikey=LYlCVppaglroXNP5Hs1VvHBerXQGsTKCco6ioQSRruR4jFSEw2 HTTP/1.1" 200 313344 "-" "GuzzleHttp/6.5.5 curl/7.47.0 PHP/7.2.34-18+ubuntu16.04.1+deb.sury.org+1"
188.166.249.235 - - [17/May/2023:06:37:04 +0545] "GET /api/v1/leave?from_date=2023-05-16&to_date=2023-05-16 HTTP/1.0" 200 5950 "-" "-"
128.199.116.13 - - [17/May/2023:06:37:16 +0545] "GET /api/v1/profiles?apikey=LYlCVppaglroXNP5Hs1VvHBerXQGsTKCco6ioQSRruR4jFSEw2 HTTP/1.0" 200 313571 "-" "-"
27.34.27.198 - - [17/May/2023:06:37:21 +0545] "POST /api/v1/leave-apply HTTP/1.1" 200 5273 "-" "Dart/2.16 (dart:io)"
27.34.27.198 - - [17/May/2023:06:37:27 +0545] "GET /api/v1/leaves? HTTP/1.1" 200 5945 "-" "Dart/2.16 (dart:io)"
110.44.123.47 - - [17/May/2023:06:37:38 +0545] "GET /api/v1/profiles?apikey=LYlCVppaglroXNP5Hs1VvHBerXQGsTKCco6ioQSRruR4jFSEw2 HTTP/1.1" 200 313524 "-" "python-requests/2.21.0"
188.166.249.235 - - [17/May/2023:06:38:01 +0545] "GET /api/v1/leave?from_date=2023-05-16&to_date=2023-05-16 HTTP/1.0" 200 5950 "-" "-"
188.166.249.235 - - [17/May/2023:06:38:01 +0545] "GET /api/v1/profiles?apikey=LYlCVppaglroXNP5Hs1VvHBerXQGsTKCco6ioQSRruR4jFSEw2 HTTP/1.1" 200 313344 "-" "GuzzleHttp/6.5.5 curl/7.47.0 PHP/7.2.34-18+ubuntu16.04.1+deb.sury.org+1"
128.199.116.13 - - [17/May/2023:06:38:15 +0545] "GET /api/v1/profiles?apikey=LYlCVppaglroXNP5Hs1VvHBerXQGsTKCco6ioQSRruR4jFSEw2 HTTP/1.0" 200 313571 "-" "-"
188.166.249.235 - - [17/May/2023:06:39:01 +0545] "GET /api/v1/leave?from_date=2023-05-16&to_date=2023-05-16 HTTP/1.0" 200 5950 "-" "-"
188.166.249.235 - - [17/May/2023:06:39:02 +0545] "GET /api/v1/profiles?apikey=LYlCVppaglroXNP5Hs1VvHBerXQGsTKCco6ioQSRruR4jFSEw2 HTTP/1.1" 200 313344 "-" "GuzzleHttp/6.5.5 curl/7.47.0 PHP/7.2.34-18+ubuntu16.04.1+deb.sury.org+1"
110.44.123.47 - - [17/May/2023:06:39:09 +0545] "GET /api/v1/profiles?apikey=LYlCVppaglroXNP5Hs1VvHBerXQGsTKCco6ioQSRruR4jFSEw2 HTTP/1.1" 200 313524 "-" "python-requests/2.21.0"
128.199.116.13 - - [17/May/2023:06:39:15 +0545] "GET /api/v1/profiles?apikey=LYlCVppaglroXNP5Hs1VvHBerXQGsTKCco6ioQSRruR4jFSEw2 HTTP/1.0" 200 313571 "-" "-"
188.166.232.203 - - [17/May/2023:06:39:58 +0545] "GET / HTTP/1.1" 200 6784 "-" "Go-http-client/1.1"
188.166.249.235 - - [17/May/2023:06:40:02 +0545] "GET /api/v1/profiles?apikey=LYlCVppaglroXNP5Hs1VvHBerXQGsTKCco6ioQSRruR4jFSEw2 HTTP/1.1" 200 313344 "-" "GuzzleHttp/6.5.5 curl/7.47.0 PHP/7.2.34-18+ubuntu16.04.1+deb.sury.org+1"
188.166.249.235 - - [17/May/2023:06:40:03 +0545] "GET /api/v1/profiles?apikey=LYlCVppaglroXNP5Hs1VvHBerXQGsTKCco6ioQSRruR4jFSEw2 HTTP/1.0" 200 313566 "-" "-"
188.166.249.235 - - [17/May/2023:06:40:05 +0545] "GET /api/v1/leave?from_date=2023-05-16&to_date=2023-05-16 HTTP/1.0" 200 5950 "-" "-"
128.199.116.13 - - [17/May/2023:06:40:15 +0545] "GET /api/v1/profiles?apikey=LYlCVppaglroXNP5Hs1VvHBerXQGsTKCco6ioQSRruR4jFSEw2 HTTP/1.0" 200 313571 "-" "-"
110.44.123.47 - - [17/May/2023:06:40:39 +0545] "GET /api/v1/profiles?apikey=LYlCVppaglroXNP5Hs1VvHBerXQGsTKCco6ioQSRruR4jFSEw2 HTTP/1.1" 200 313524 "-" "python-requests/2.21.0"
188.166.249.235 - - [17/May/2023:06:41:02 +0545] "GET /api/v1/leave?from_date=2023-05-16&to_date=2023-05-16 HTTP/1.0" 200 5950 "-" "-"
188.166.249.235 - - [17/May/2023:06:41:02 +0545] "GET /api/v1/profiles?apikey=LYlCVppaglroXNP5Hs1VvHBerXQGsTKCco6ioQSRruR4jFSEw2 HTTP/1.1" 200 313344 "-" "GuzzleHttp/6.5.5 curl/7.47.0 PHP/7.2.34-18+ubuntu16.04.1+deb.sury.org+1"
128.199.116.13 - - [17/May/2023:06:41:15 +0545] "GET /api/v1/profiles?apikey=LYlCVppaglroXNP5Hs1VvHBerXQGsTKCco6ioQSRruR4jFSEw2 HTTP/1.0" 200 313571 "-" "-"
188.166.249.235 - - [17/May/2023:06:42:02 +0545] "GET /api/v1/leave?from_date=2023-05-16&to_date=2023-05-16 HTTP/1.0" 200 5950 "-" "-"
188.166.249.235 - - [17/May/2023:06:42:02 +0545] "GET /api/v1/profiles?apikey=LYlCVppaglroXNP5Hs1VvHBerXQGsTKCco6ioQSRruR4jFSEw2 HTTP/1.1" 200 313344 "-" "GuzzleHttp/6.5.5 curl/7.47.0 PHP/7.2.34-18+ubuntu16.04.1+deb.sury.org+1"
110.44.123.47 - - [17/May/2023:06:42:10 +0545] "GET /api/v1/profiles?apikey=LYlCVppaglroXNP5Hs1VvHBerXQGsTKCco6ioQSRruR4jFSEw2 HTTP/1.1" 200 313524 "-" "python-requests/2.21.0"
128.199.116.13 - - [17/May/2023:06:42:16 +0545] "GET /api/v1/profiles?apikey=LYlCVppaglroXNP5Hs1VvHBerXQGsTKCco6ioQSRruR4jFSEw2 HTTP/1.0" 200 313571 "-" "-"
188.166.249.235 - - [17/May/2023:06:43:02 +0545] "GET /api/v1/leave?from_date=2023-05-16&to_date=2023-05-16 HTTP/1.0" 200 5950 "-" "-"
188.166.249.235 - - [17/May/2023:06:43:02 +0545] "GET /api/v1/profiles?apikey=LYlCVppaglroXNP5Hs1VvHBerXQGsTKCco6ioQSRruR4jFSEw2 HTTP/1.1" 200 313344 "-" "GuzzleHttp/6.5.5 curl/7.47.0 PHP/7.2.34-18+ubuntu16.04.1+deb.sury.org+1"
128.199.116.13 - - [17/May/2023:06:43:15 +0545] "GET /api/v1/profiles?apikey=LYlCVppaglroXNP5Hs1VvHBerXQGsTKCco6ioQSRruR4jFSEw2 HTTP/1.0" 200 313571 "-" "-"
110.44.123.47 - - [17/May/2023:06:43:41 +0545] "GET /api/v1/profiles?apikey=LYlCVppaglroXNP5Hs1VvHBerXQGsTKCco6ioQSRruR4jFSEw2 HTTP/1.1" 200 313524 "-" "python-requests/2.21.0"
188.166.249.235 - - [17/May/2023:06:44:02 +0545] "GET /api/v1/leave?from_date=2023-05-16&to_date=2023-05-16 HTTP/1.0" 200 5950 "-" "-"
188.166.249.235 - - [17/May/2023:06:44:02 +0545] "GET /api/v1/profiles?apikey=LYlCVppaglroXNP5Hs1VvHBerXQGsTKCco6ioQSRruR4jFSEw2 HTTP/1.1" 200 313344 "-" "GuzzleHttp/6.5.5 curl/7.47.0 PHP/7.2.34-18+ubuntu16.04.1+deb.sury.org+1"
128.199.116.13 - - [17/May/2023:06:44:16 +0545] "GET /api/v1/profiles?apikey=LYlCVppaglroXNP5Hs1VvHBerXQGsTKCco6ioQSRruR4jFSEw2 HTTP/1.0" 200 313571 "-" "-"
103.74.253.151 - - [17/May/2023:06:44:45 +0545] "HEAD / HTTP/1.1" 301 167 "https://www.bing.com" "Mozilla/5.0 (Windows NT 6.3; WOW64) AppleWebKit/537.36 (KHTML, like Gecko) Chrome/41.0.2225.0 Safari/537.36"
103.74.253.151 - - [17/May/2023:06:44:45 +0545] "HEAD / HTTP/1.1" 200 5452 "https://www.bing.com" "Mozilla/5.0 (Windows NT 6.3; WOW64) AppleWebKit/537.36 (KHTML, like Gecko) Chrome/41.0.2225.0 Safari/537.36"
103.74.253.151 - - [17/May/2023:06:44:45 +0545] "GET /wp-login.php HTTP/1.1" 301 443 "http://oa.ekbana.info" "Mozilla/5.0 (Windows NT 6.3; WOW64) AppleWebKit/537.36 (KHTML, like Gecko) Chrome/41.0.2225.0 Safari/537.36"
110.44.123.47 - - [17/May/2023:06:44:52 +0545] "GET /api/v1/my-attendance?month HTTP/1.1" 200 6533 "-" "Dart/2.16 (dart:io)"
110.44.123.47 - - [17/May/2023:06:44:51 +0545] "GET /api/v1/feed-post?page=1 HTTP/1.1" 200 8558 "-" "Dart/2.16 (dart:io)"
27.34.12.119 - - [17/May/2023:06:44:56 +0545] "GET /api/v1/feed-post?page=1 HTTP/1.1" 200 8559 "-" "Dart/2.16 (dart:io)"
188.166.249.235 - - [17/May/2023:06:45:02 +0545] "GET /api/v1/leave?from_date=2023-05-16&to_date=2023-05-16 HTTP/1.0" 200 5950 "-" "-"
188.166.249.235 - - [17/May/2023:06:45:02 +0545] "GET /api/v1/profiles?apikey=LYlCVppaglroXNP5Hs1VvHBerXQGsTKCco6ioQSRruR4jFSEw2 HTTP/1.1" 200 313344 "-" "GuzzleHttp/6.5.5 curl/7.47.0 PHP/7.2.34-18+ubuntu16.04.1+deb.sury.org+1"
110.44.123.47 - - [17/May/2023:06:45:12 +0545] "GET /api/v1/profiles?apikey=LYlCVppaglroXNP5Hs1VvHBerXQGsTKCco6ioQSRruR4jFSEw2 HTTP/1.1" 200 313524 "-" "python-requests/2.21.0"
27.34.12.119 - - [17/May/2023:06:44:58 +0545] "GET /api/v1/user-rp?from=2023-05-01&to=2023-05-17 HTTP/1.1" 200 53404 "-" "Dart/2.16 (dart:io)"
128.199.116.13 - - [17/May/2023:06:45:16 +0545] "GET /api/v1/profiles?apikey=LYlCVppaglroXNP5Hs1VvHBerXQGsTKCco6ioQSRruR4jFSEw2 HTTP/1.0" 200 313571 "-" "-"
110.44.123.47 - - [17/May/2023:06:45:17 +0545] "GET /api/v1/my-attendance?month HTTP/1.1" 200 6533 "-" "Dart/2.16 (dart:io)"
110.44.123.47 - - [17/May/2023:06:45:16 +0545] "GET /api/v1/feed-post?page=1 HTTP/1.1" 200 8558 "-" "Dart/2.16 (dart:io)"
27.34.12.119 - - [17/May/2023:06:45:18 +0545] "GET /uploads/funFact/at-symbol-e1575232248910.jpg HTTP/1.1" 200 38449 "-" "Dart/2.16 (dart:io)"
27.34.12.119 - - [17/May/2023:06:45:18 +0545] "GET /frontend/img/adminlogo.png HTTP/1.1" 200 10783 "-" "Dart/2.16 (dart:io)"
27.34.12.119 - - [17/May/2023:06:45:18 +0545] "GET /uploads/Oa_users/SunilGamal5ce58bc2681ce_profile.jpg HTTP/1.1" 200 39418 "-" "Dart/2.16 (dart:io)"
27.34.12.119 - - [17/May/2023:06:45:18 +0545] "GET /api/v1/leave-calender? HTTP/1.1" 200 5321 "-" "Dart/2.16 (dart:io)"
27.34.12.119 - - [17/May/2023:06:45:19 +0545] "GET /uploads/Oa_users/Dipeshlama629d7e479ac01_profile.jpg HTTP/1.1" 200 30675 "-" "Dart/2.16 (dart:io)"
27.34.12.119 - - [17/May/2023:06:45:18 +0545] "GET /uploads/feed/2023-05-12-04-00-59-image_picker_compress_fcc309f3-ba9f-40f4-a554-79a4bc28a196.jpg HTTP/1.1" 200 196457 "-" "Dart/2.16 (dart:io)"
110.44.123.47 - - [17/May/2023:06:45:20 +0545] "GET /api/v1/mobile-checkin? HTTP/1.1" 200 5208 "-" "Dart/2.16 (dart:io)"
110.44.123.47 - - [17/May/2023:06:45:18 +0545] "GET /api/v1/user-rp?from=2023-05-01&to=2023-05-17 HTTP/1.1" 200 17330 "-" "Dart/2.16 (dart:io)"
110.44.123.47 - - [17/May/2023:06:45:22 +0545] "GET /api/v1/leave-calender? HTTP/1.1" 200 5321 "-" "Dart/2.16 (dart:io)"
110.44.123.47 - - [17/May/2023:06:45:22 +0545] "GET /api/v1/my-attendance?month=2080-2 HTTP/1.1" 200 6672 "-" "Dart/2.16 (dart:io)"
110.44.123.47 - - [17/May/2023:06:45:22 +0545] "GET /api/v1/projects?page=1&status=In+Progress HTTP/1.1" 200 5145 "-" "Dart/2.16 (dart:io)"
188.166.249.235 - - [17/May/2023:06:46:02 +0545] "GET /api/v1/profiles?apikey=LYlCVppaglroXNP5Hs1VvHBerXQGsTKCco6ioQSRruR4jFSEw2 HTTP/1.1" 200 313344 "-" "GuzzleHttp/6.5.5 curl/7.47.0 PHP/7.2.34-18+ubuntu16.04.1+deb.sury.org+1"
188.166.249.235 - - [17/May/2023:06:46:04 +0545] "GET /api/v1/leave?from_date=2023-05-16&to_date=2023-05-16 HTTP/1.0" 200 5950 "-" "-"
128.199.116.13 - - [17/May/2023:06:46:16 +0545] "GET /api/v1/profiles?apikey=LYlCVppaglroXNP5Hs1VvHBerXQGsTKCco6ioQSRruR4jFSEw2 HTTP/1.0" 200 313571 "-" "-"
188.166.232.203 - - [17/May/2023:06:46:23 +0545] "GET / HTTP/1.1" 200 6786 "-" "Go-http-client/1.1"
202.51.92.217 - - [17/May/2023:06:46:30 +0545] "GET /api/v1/feed-post?page=1 HTTP/1.1" 200 8558 "-" "Dart/2.16 (dart:io)"
202.51.92.217 - - [17/May/2023:06:46:32 +0545] "GET /api/v1/leave-calender? HTTP/1.1" 200 5321 "-" "Dart/2.16 (dart:io)"
202.51.92.217 - - [17/May/2023:06:46:33 +0545] "GET /api/v1/user-leave-list?date=2023-05-17 HTTP/1.1" 200 6518 "-" "Dart/2.16 (dart:io)"
202.51.92.217 - - [17/May/2023:06:46:34 +0545] "GET /uploads/Oa_users/SandeepDangol6322b7c3e435f_profile.jpeg HTTP/1.1" 200 39922 "-" "Dart/2.16 (dart:io)"
202.51.92.217 - - [17/May/2023:06:46:34 +0545] "GET /uploads/Oa_users/JeevanPaudel621333f161d38_profile.jpg HTTP/1.1" 200 39626 "-" "Dart/2.16 (dart:io)"
202.51.92.217 - - [17/May/2023:06:46:34 +0545] "GET /uploads/Oa_users/AnupChandrahangRai626b9ea359a21_profile.jpg HTTP/1.1" 200 40814 "-" "Dart/2.16 (dart:io)"
202.51.92.217 - - [17/May/2023:06:46:34 +0545] "GET /uploads/Oa_users/AjeetShakya59b8aeef2c4d9_profile.JPG HTTP/1.1" 200 90728 "-" "Dart/2.16 (dart:io)"
202.51.92.217 - - [17/May/2023:06:46:34 +0545] "GET /uploads/Oa_users/SujanGhorasaine60d01fc486ffe_profile.jpg HTTP/1.1" 200 40288 "-" "Dart/2.16 (dart:io)"
202.51.92.217 - - [17/May/2023:06:46:34 +0545] "GET /uploads/Oa_users/BijendraManandhar61c143ead1f94_profile.jpeg HTTP/1.1" 200 30214 "-" "Dart/2.16 (dart:io)"
202.51.92.217 - - [17/May/2023:06:46:34 +0545] "GET /uploads/Oa_users/ShubhashoriDuwal609b38fe8c12b_profile.jpg HTTP/1.1" 200 42139 "-" "Dart/2.16 (dart:io)"
202.51.92.217 - - [17/May/2023:06:46:32 +0545] "GET /api/v1/user-rp?from=2023-05-01&to=2023-05-17 HTTP/1.1" 200 41842 "-" "Dart/2.16 (dart:io)"
202.51.92.217 - - [17/May/2023:06:46:37 +0545] "GET /api/v1/leave-calender? HTTP/1.1" 200 5321 "-" "Dart/2.16 (dart:io)"
202.51.92.217 - - [17/May/2023:06:46:37 +0545] "GET /api/v1/projects?page=1&status=In+Progress HTTP/1.1" 200 5145 "-" "Dart/2.16 (dart:io)"
202.51.92.217 - - [17/May/2023:06:46:38 +0545] "GET /api/v1/meeting? HTTP/1.1" 200 8866 "-" "Dart/2.16 (dart:io)"
202.51.92.217 - - [17/May/2023:06:46:39 +0545] "GET /uploads/Oa_users/UrmilaShahiThakuri6259501ef1dfc_profile.jpg HTTP/1.1" 200 39504 "-" "Dart/2.16 (dart:io)"
202.51.92.217 - - [17/May/2023:06:46:39 +0545] "GET /uploads/Oa_users/PritamShakya5c403812b825b_profile.jpg HTTP/1.1" 200 29557 "-" "Dart/2.16 (dart:io)"
202.51.92.217 - - [17/May/2023:06:46:39 +0545] "GET /uploads/Oa_users/SajakBasnet5f2ac838a631e_profile.jpg HTTP/1.1" 200 32288 "-" "Dart/2.16 (dart:io)"
202.51.92.217 - - [17/May/2023:06:46:39 +0545] "GET /uploads/Oa_users/ShitalAdhikari5e3b87b328984_profile.JPG HTTP/1.1" 200 27897 "-" "Dart/2.16 (dart:io)"
110.44.123.47 - - [17/May/2023:06:46:42 +0545] "GET /api/v1/profiles?apikey=LYlCVppaglroXNP5Hs1VvHBerXQGsTKCco6ioQSRruR4jFSEw2 HTTP/1.1" 200 313524 "-" "python-requests/2.21.0"
188.166.249.235 - - [17/May/2023:06:47:02 +0545] "GET /api/v1/profiles?apikey=LYlCVppaglroXNP5Hs1VvHBerXQGsTKCco6ioQSRruR4jFSEw2 HTTP/1.1" 200 313344 "-" "GuzzleHttp/6.5.5 curl/7.47.0 PHP/7.2.34-18+ubuntu16.04.1+deb.sury.org+1"
110.44.120.42 - - [17/May/2023:06:47:03 +0545] "GET /api/v1/feed-post?page=1 HTTP/1.1" 200 8559 "-" "Dart/2.16 (dart:io)"
188.166.249.235 - - [17/May/2023:06:47:04 +0545] "GET /api/v1/leave?from_date=2023-05-16&to_date=2023-05-16 HTTP/1.0" 200 5950 "-" "-"
110.44.120.42 - - [17/May/2023:06:47:04 +0545] "GET /api/v1/user-rp?from=2023-05-01&to=2023-05-17 HTTP/1.1" 200 17331 "-" "Dart/2.16 (dart:io)"
110.44.120.42 - - [17/May/2023:06:47:09 +0545] "GET /uploads/Oa_users/Dipeshlama629d7e479ac01_profile.jpg HTTP/1.1" 200 30675 "-" "Dart/2.16 (dart:io)"
110.44.120.42 - - [17/May/2023:06:47:09 +0545] "GET /uploads/funFact/at-symbol-e1575232248910.jpg HTTP/1.1" 200 38449 "-" "Dart/2.16 (dart:io)"
110.44.120.42 - - [17/May/2023:06:47:09 +0545] "GET /uploads/Oa_users/SunilGamal5ce58bc2681ce_profile.jpg HTTP/1.1" 200 39418 "-" "Dart/2.16 (dart:io)"
110.44.120.42 - - [17/May/2023:06:47:09 +0545] "GET /frontend/img/adminlogo.png HTTP/1.1" 200 10783 "-" "Dart/2.16 (dart:io)"
110.44.120.42 - - [17/May/2023:06:47:09 +0545] "GET /api/v1/leave-calender? HTTP/1.1" 200 5321 "-" "Dart/2.16 (dart:io)"
110.44.120.42 - - [17/May/2023:06:47:09 +0545] "GET /uploads/snack/KeemaNaan_snack.jpeg HTTP/1.1" 200 462382 "-" "Dart/2.16 (dart:io)"
110.44.120.42 - - [17/May/2023:06:47:09 +0545] "GET /uploads/snack/Shapale&achar_snack.jpg HTTP/1.1" 200 462926 "-" "Dart/2.16 (dart:io)"
110.44.120.42 - - [17/May/2023:06:47:09 +0545] "GET /uploads/feed/2023-05-12-04-00-59-image_picker_compress_fcc309f3-ba9f-40f4-a554-79a4bc28a196.jpg HTTP/1.1" 200 196457 "-" "Dart/2.16 (dart:io)"
110.44.120.42 - - [17/May/2023:06:47:09 +0545] "GET /uploads/snack/Friedrice_snack.jpg HTTP/1.1" 200 431489 "-" "Dart/2.16 (dart:io)"
110.44.120.42 - - [17/May/2023:06:47:09 +0545] "GET /uploads/snack/CholaBhatura_snack.jpg HTTP/1.1" 200 932358 "-" "Dart/2.16 (dart:io)"
110.44.120.42 - - [17/May/2023:06:47:10 +0545] "GET /api/v1/projects?page=1&status=In+Progress HTTP/1.1" 200 5145 "-" "Dart/2.16 (dart:io)"
128.199.116.13 - - [17/May/2023:06:47:16 +0545] "GET /api/v1/profiles?apikey=LYlCVppaglroXNP5Hs1VvHBerXQGsTKCco6ioQSRruR4jFSEw2 HTTP/1.0" 200 313571 "-" "-"
110.44.120.42 - - [17/May/2023:06:47:24 +0545] "GET /api/v1/leaves? HTTP/1.1" 200 6107 "-" "Dart/2.16 (dart:io)"
110.44.120.42 - - [17/May/2023:06:47:24 +0545] "GET /api/v1/all-leaves? HTTP/1.1" 200 5673 "-" "Dart/2.16 (dart:io)"
110.44.123.47 - - [17/May/2023:06:47:31 +0545] "POST /api/v1/multicheckin?apikey=LYlCVppaglroXNP5Hs1VvHBerXQGsTKCco6ioQSRruR4jFSEw2 HTTP/1.1" 200 5226 "-" "python-requests/2.21.0"
110.44.123.47 - - [17/May/2023:06:47:33 +0545] "POST /api/v1/multicheckin?apikey=LYlCVppaglroXNP5Hs1VvHBerXQGsTKCco6ioQSRruR4jFSEw2 HTTP/1.1" 200 5226 "-" "python-requests/2.21.0"
110.44.123.47 - - [17/May/2023:06:47:39 +0545] "POST /api/v1/multicheckin?apikey=LYlCVppaglroXNP5Hs1VvHBerXQGsTKCco6ioQSRruR4jFSEw2 HTTP/1.1" 200 5226 "-" "python-requests/2.21.0"
110.44.123.47 - - [17/May/2023:06:47:46 +0545] "POST /api/v1/multicheckin?apikey=LYlCVppaglroXNP5Hs1VvHBerXQGsTKCco6ioQSRruR4jFSEw2 HTTP/1.1" 200 5226 "-" "python-requests/2.21.0"
110.44.123.47 - - [17/May/2023:06:47:48 +0545] "POST /api/v1/multicheckin?apikey=LYlCVppaglroXNP5Hs1VvHBerXQGsTKCco6ioQSRruR4jFSEw2 HTTP/1.1" 200 5226 "-" "python-requests/2.21.0"
110.44.123.47 - - [17/May/2023:06:47:49 +0545] "POST /api/v1/multicheckin?apikey=LYlCVppaglroXNP5Hs1VvHBerXQGsTKCco6ioQSRruR4jFSEw2 HTTP/1.1" 200 5226 "-" "python-requests/2.21.0"
188.166.249.235 - - [17/May/2023:06:48:02 +0545] "GET /api/v1/leave?from_date=2023-05-16&to_date=2023-05-16 HTTP/1.0" 200 5950 "-" "-"
188.166.249.235 - - [17/May/2023:06:48:02 +0545] "GET /api/v1/profiles?apikey=LYlCVppaglroXNP5Hs1VvHBerXQGsTKCco6ioQSRruR4jFSEw2 HTTP/1.1" 200 313344 "-" "GuzzleHttp/6.5.5 curl/7.47.0 PHP/7.2.34-18+ubuntu16.04.1+deb.sury.org+1"
110.44.123.47 - - [17/May/2023:06:48:13 +0545] "GET /api/v1/profiles?apikey=LYlCVppaglroXNP5Hs1VvHBerXQGsTKCco6ioQSRruR4jFSEw2 HTTP/1.1" 200 313524 "-" "python-requests/2.21.0"
128.199.116.13 - - [17/May/2023:06:48:16 +0545] "GET /api/v1/profiles?apikey=LYlCVppaglroXNP5Hs1VvHBerXQGsTKCco6ioQSRruR4jFSEw2 HTTP/1.0" 200 313571 "-" "-"
110.44.123.47 - - [17/May/2023:06:48:18 +0545] "GET /api/v1/feed-post?page=1 HTTP/1.1" 200 8558 "-" "Dart/2.16 (dart:io)"
110.44.123.47 - - [17/May/2023:06:48:22 +0545] "GET /api/v1/my-attendance?month HTTP/1.1" 200 6533 "-" "Dart/2.16 (dart:io)"
27.34.22.17 - - [17/May/2023:06:48:22 +0545] "GET /api/v1/feed-post?page=1 HTTP/1.1" 200 8558 "-" "Dart/2.16 (dart:io)"
27.34.22.17 - - [17/May/2023:06:48:23 +0545] "GET /api/v1/my-attendance?month HTTP/1.1" 200 6412 "-" "Dart/2.16 (dart:io)"
110.44.123.47 - - [17/May/2023:06:48:20 +0545] "GET /api/v1/user-rp?from=2023-05-01&to=2023-05-17 HTTP/1.1" 200 41307 "-" "Dart/2.16 (dart:io)"
110.44.123.47 - - [17/May/2023:06:48:24 +0545] "GET /api/v1/leave-calender? HTTP/1.1" 200 5321 "-" "Dart/2.16 (dart:io)"
110.44.123.47 - - [17/May/2023:06:48:25 +0545] "GET /api/v1/projects?page=1&status=In+Progress HTTP/1.1" 200 17418 "-" "Dart/2.16 (dart:io)"
27.34.22.17 - - [17/May/2023:06:48:24 +0545] "GET /api/v1/user-rp?from=2023-05-01&to=2023-05-17 HTTP/1.1" 200 19345 "-" "Dart/2.16 (dart:io)"
110.44.123.47 - - [17/May/2023:06:48:25 +0545] "GET /api/v1/mobile-checkin? HTTP/1.1" 200 5214 "-" "Dart/2.16 (dart:io)"
110.44.123.47 - - [17/May/2023:06:48:27 +0545] "GET /api/v1/my-attendance?month=2080-2 HTTP/1.1" 200 6672 "-" "Dart/2.16 (dart:io)"
27.34.22.17 - - [17/May/2023:06:48:28 +0545] "GET /api/v1/leave-calender? HTTP/1.1" 200 5321 "-" "Dart/2.16 (dart:io)"
110.44.120.42 - - [17/May/2023:06:48:26 +0545] "POST /api/v1/leave-apply HTTP/1.1" 200 5289 "-" "Dart/2.16 (dart:io)"
110.44.120.42 - - [17/May/2023:06:48:29 +0545] "GET /api/v1/leaves? HTTP/1.1" 200 6308 "-" "Dart/2.16 (dart:io)"
188.166.249.235 - - [17/May/2023:06:49:02 +0545] "GET /api/v1/profiles?apikey=LYlCVppaglroXNP5Hs1VvHBerXQGsTKCco6ioQSRruR4jFSEw2 HTTP/1.1" 200 313344 "-" "GuzzleHttp/6.5.5 curl/7.47.0 PHP/7.2.34-18+ubuntu16.04.1+deb.sury.org+1"
188.166.249.235 - - [17/May/2023:06:49:04 +0545] "GET /api/v1/leave?from_date=2023-05-16&to_date=2023-05-16 HTTP/1.0" 200 5950 "-" "-"
128.199.116.13 - - [17/May/2023:06:49:16 +0545] "GET /api/v1/profiles?apikey=LYlCVppaglroXNP5Hs1VvHBerXQGsTKCco6ioQSRruR4jFSEw2 HTTP/1.0" 200 313571 "-" "-"
110.44.123.47 - - [17/May/2023:06:49:44 +0545] "GET /api/v1/profiles?apikey=LYlCVppaglroXNP5Hs1VvHBerXQGsTKCco6ioQSRruR4jFSEw2 HTTP/1.1" 200 313524 "-" "python-requests/2.21.0"
188.166.249.235 - - [17/May/2023:06:50:03 +0545] "GET /api/v1/profiles?apikey=LYlCVppaglroXNP5Hs1VvHBerXQGsTKCco6ioQSRruR4jFSEw2 HTTP/1.0" 200 313566 "-" "-"
188.166.249.235 - - [17/May/2023:06:50:03 +0545] "GET /api/v1/profiles?apikey=LYlCVppaglroXNP5Hs1VvHBerXQGsTKCco6ioQSRruR4jFSEw2 HTTP/1.1" 200 313344 "-" "GuzzleHttp/6.5.5 curl/7.47.0 PHP/7.2.34-18+ubuntu16.04.1+deb.sury.org+1"
188.166.249.235 - - [17/May/2023:06:50:08 +0545] "GET /api/v1/leave?from_date=2023-05-16&to_date=2023-05-16 HTTP/1.0" 200 5950 "-" "-"
128.199.116.13 - - [17/May/2023:06:50:16 +0545] "GET /api/v1/profiles?apikey=LYlCVppaglroXNP5Hs1VvHBerXQGsTKCco6ioQSRruR4jFSEw2 HTTP/1.0" 200 313571 "-" "-"
27.34.12.119 - - [17/May/2023:06:45:18 +0545] "GET /uploads/snack/KeemaNaan_snack.jpeg HTTP/1.1" 200 357517 "-" "Dart/2.16 (dart:io)"
27.34.12.119 - - [17/May/2023:06:45:18 +0545] "GET /uploads/snack/CholaBhatura_snack.jpg HTTP/1.1" 200 682317 "-" "Dart/2.16 (dart:io)"
27.34.12.119 - - [17/May/2023:06:45:20 +0545] "GET /uploads/snack/Shapale&achar_snack.jpg HTTP/1.1" 200 97117 "-" "Dart/2.16 (dart:io)"
27.34.12.119 - - [17/May/2023:06:45:18 +0545] "GET /uploads/snack/Friedrice_snack.jpg HTTP/1.1" 200 356117 "-" "Dart/2.16 (dart:io)"
27.34.12.203 - - [17/May/2023:06:50:34 +0545] "POST /api/v1/leave-apply HTTP/1.1" 200 5318 "-" "Dart/2.16 (dart:io)"
27.34.12.203 - - [17/May/2023:06:50:41 +0545] "GET /api/v1/leaves? HTTP/1.1" 200 6185 "-" "Dart/2.16 (dart:io)"
188.166.249.235 - - [17/May/2023:06:51:02 +0545] "GET /api/v1/leave?from_date=2023-05-16&to_date=2023-05-16 HTTP/1.0" 200 5950 "-" "-"
188.166.249.235 - - [17/May/2023:06:51:02 +0545] "GET /api/v1/profiles?apikey=LYlCVppaglroXNP5Hs1VvHBerXQGsTKCco6ioQSRruR4jFSEw2 HTTP/1.1" 200 313344 "-" "GuzzleHttp/6.5.5 curl/7.47.0 PHP/7.2.34-18+ubuntu16.04.1+deb.sury.org+1"
110.44.123.47 - - [17/May/2023:06:51:15 +0545] "GET /api/v1/profiles?apikey=LYlCVppaglroXNP5Hs1VvHBerXQGsTKCco6ioQSRruR4jFSEw2 HTTP/1.1" 200 313524 "-" "python-requests/2.21.0"
128.199.116.13 - - [17/May/2023:06:51:16 +0545] "GET /api/v1/profiles?apikey=LYlCVppaglroXNP5Hs1VvHBerXQGsTKCco6ioQSRruR4jFSEw2 HTTP/1.0" 200 313571 "-" "-"
27.34.16.137 - - [17/May/2023:06:51:28 +0545] "GET /api/v1/feed-post?page=1 HTTP/1.1" 200 8559 "-" "Dart/2.16 (dart:io)"
27.34.16.137 - - [17/May/2023:06:51:31 +0545] "GET /api/v1/user-rp?from=2023-05-01&to=2023-05-17 HTTP/1.1" 200 26771 "-" "Dart/2.16 (dart:io)"
27.34.16.137 - - [17/May/2023:06:51:34 +0545] "GET /uploads/funFact/at-symbol-e1575232248910.jpg HTTP/1.1" 200 38449 "-" "Dart/2.16 (dart:io)"
27.34.16.137 - - [17/May/2023:06:51:34 +0545] "GET /frontend/img/adminlogo.png HTTP/1.1" 200 10783 "-" "Dart/2.16 (dart:io)"
27.34.16.137 - - [17/May/2023:06:51:34 +0545] "GET /uploads/Oa_users/Dipeshlama629d7e479ac01_profile.jpg HTTP/1.1" 200 30675 "-" "Dart/2.16 (dart:io)"
27.34.16.137 - - [17/May/2023:06:51:34 +0545] "GET /uploads/Oa_users/SunilGamal5ce58bc2681ce_profile.jpg HTTP/1.1" 200 39418 "-" "Dart/2.16 (dart:io)"
27.34.16.137 - - [17/May/2023:06:51:34 +0545] "GET /api/v1/leave-calender? HTTP/1.1" 200 5321 "-" "Dart/2.16 (dart:io)"
27.34.16.137 - - [17/May/2023:06:51:34 +0545] "GET /uploads/snack/Friedrice_snack.jpg HTTP/1.1" 200 431489 "-" "Dart/2.16 (dart:io)"
27.34.16.137 - - [17/May/2023:06:51:34 +0545] "GET /uploads/feed/2023-05-12-04-00-59-image_picker_compress_fcc309f3-ba9f-40f4-a554-79a4bc28a196.jpg HTTP/1.1" 200 196457 "-" "Dart/2.16 (dart:io)"
27.34.16.137 - - [17/May/2023:06:51:34 +0545] "GET /uploads/snack/KeemaNaan_snack.jpeg HTTP/1.1" 200 462382 "-" "Dart/2.16 (dart:io)"
27.34.16.137 - - [17/May/2023:06:51:34 +0545] "GET /uploads/snack/Shapale&achar_snack.jpg HTTP/1.1" 200 462926 "-" "Dart/2.16 (dart:io)"
27.34.16.137 - - [17/May/2023:06:51:36 +0545] "GET /api/v1/projects?page=1&status=In+Progress HTTP/1.1" 200 5145 "-" "Dart/2.16 (dart:io)"
27.34.16.137 - - [17/May/2023:06:51:34 +0545] "GET /uploads/snack/CholaBhatura_snack.jpg HTTP/1.1" 200 932358 "-" "Dart/2.16 (dart:io)"
27.34.16.137 - - [17/May/2023:06:51:49 +0545] "GET /api/v1/my-attendance?month HTTP/1.1" 200 6580 "-" "Dart/2.16 (dart:io)"
27.34.16.137 - - [17/May/2023:06:51:56 +0545] "GET /api/v1/leave-calender? HTTP/1.1" 200 5321 "-" "Dart/2.16 (dart:io)"
27.34.16.137 - - [17/May/2023:06:51:58 +0545] "GET /api/v1/user-leave-list?date=2023-05-17 HTTP/1.1" 200 6929 "-" "Dart/2.16 (dart:io)"
27.34.16.137 - - [17/May/2023:06:51:59 +0545] "GET /uploads/Oa_users/BijendraManandhar61c143ead1f94_profile.jpeg HTTP/1.1" 200 30214 "-" "Dart/2.16 (dart:io)"
27.34.16.137 - - [17/May/2023:06:51:59 +0545] "GET /uploads/Oa_users/AnupChandrahangRai626b9ea359a21_profile.jpg HTTP/1.1" 200 40814 "-" "Dart/2.16 (dart:io)"
27.34.16.137 - - [17/May/2023:06:52:00 +0545] "GET /uploads/Oa_users/PragatiShrestha626697317b47b_profile.jpg HTTP/1.1" 200 29454 "-" "Dart/2.16 (dart:io)"
27.34.16.137 - - [17/May/2023:06:52:00 +0545] "GET /uploads/Oa_users/SujanGhorasaine60d01fc486ffe_profile.jpg HTTP/1.1" 200 40288 "-" "Dart/2.16 (dart:io)"
27.34.16.137 - - [17/May/2023:06:52:00 +0545] "GET /uploads/Oa_users/MinaPrajapati626b9bddaea38_profile.jpg HTTP/1.1" 200 40789 "-" "Dart/2.16 (dart:io)"
27.34.16.137 - - [17/May/2023:06:52:00 +0545] "GET /uploads/Oa_users/AjeetShakya59b8aeef2c4d9_profile.JPG HTTP/1.1" 200 90728 "-" "Dart/2.16 (dart:io)"
27.34.16.137 - - [17/May/2023:06:52:00 +0545] "GET /uploads/Oa_users/ShubhashoriDuwal609b38fe8c12b_profile.jpg HTTP/1.1" 200 42139 "-" "Dart/2.16 (dart:io)"
27.34.16.137 - - [17/May/2023:06:52:00 +0545] "GET /uploads/Oa_users/JeevanPaudel621333f161d38_profile.jpg HTTP/1.1" 200 39626 "-" "Dart/2.16 (dart:io)"
27.34.16.137 - - [17/May/2023:06:52:00 +0545] "GET /uploads/Oa_users/SandeepDangol6322b7c3e435f_profile.jpeg HTTP/1.1" 200 39922 "-" "Dart/2.16 (dart:io)"
27.34.16.137 - - [17/May/2023:06:51:51 +0545] "GET /api/v1/user-profile? HTTP/1.1" 200 12765 "-" "Dart/2.16 (dart:io)"
188.166.249.235 - - [17/May/2023:06:52:02 +0545] "GET /api/v1/profiles?apikey=LYlCVppaglroXNP5Hs1VvHBerXQGsTKCco6ioQSRruR4jFSEw2 HTTP/1.1" 200 313344 "-" "GuzzleHttp/6.5.5 curl/7.47.0 PHP/7.2.34-18+ubuntu16.04.1+deb.sury.org+1"
188.166.249.235 - - [17/May/2023:06:52:04 +0545] "GET /api/v1/leave?from_date=2023-05-16&to_date=2023-05-16 HTTP/1.0" 200 5950 "-" "-"
128.199.116.13 - - [17/May/2023:06:52:16 +0545] "GET /api/v1/profiles?apikey=LYlCVppaglroXNP5Hs1VvHBerXQGsTKCco6ioQSRruR4jFSEw2 HTTP/1.0" 200 313571 "-" "-"
188.166.232.203 - - [17/May/2023:06:52:43 +0545] "GET / HTTP/1.1" 200 6787 "-" "Go-http-client/1.1"
110.44.123.47 - - [17/May/2023:06:52:45 +0545] "GET /api/v1/profiles?apikey=LYlCVppaglroXNP5Hs1VvHBerXQGsTKCco6ioQSRruR4jFSEw2 HTTP/1.1" 200 313524 "-" "python-requests/2.21.0"
188.166.249.235 - - [17/May/2023:06:53:02 +0545] "GET /api/v1/leave?from_date=2023-05-16&to_date=2023-05-16 HTTP/1.0" 200 5950 "-" "-"
188.166.249.235 - - [17/May/2023:06:53:02 +0545] "GET /api/v1/profiles?apikey=LYlCVppaglroXNP5Hs1VvHBerXQGsTKCco6ioQSRruR4jFSEw2 HTTP/1.1" 200 313344 "-" "GuzzleHttp/6.5.5 curl/7.47.0 PHP/7.2.34-18+ubuntu16.04.1+deb.sury.org+1"
128.199.116.13 - - [17/May/2023:06:53:15 +0545] "GET /api/v1/profiles?apikey=LYlCVppaglroXNP5Hs1VvHBerXQGsTKCco6ioQSRruR4jFSEw2 HTTP/1.0" 200 313571 "-" "-"
27.34.29.54 - - [17/May/2023:06:53:32 +0545] "GET /api/v1/mobile-checkin? HTTP/1.1" 200 5212 "-" "Dart/2.16 (dart:io)"
27.34.29.54 - - [17/May/2023:06:53:35 +0545] "GET /api/v1/my-attendance?month=2080-2 HTTP/1.1" 200 6672 "-" "Dart/2.16 (dart:io)"
27.34.29.54 - - [17/May/2023:06:53:43 +0545] "GET /api/v1/my-attendance?month=2080-1 HTTP/1.1" 200 8560 "-" "Dart/2.16 (dart:io)"
110.44.123.47 - - [17/May/2023:06:53:52 +0545] "GET /api/v1/feed-post?page=1 HTTP/1.1" 200 8559 "-" "Dart/2.16 (dart:io)"
110.44.123.47 - - [17/May/2023:06:53:53 +0545] "GET /api/v1/user-rp?from=2023-05-01&to=2023-05-17 HTTP/1.1" 200 36570 "-" "Dart/2.16 (dart:io)"
110.44.123.47 - - [17/May/2023:06:53:57 +0545] "GET /frontend/img/adminlogo.png HTTP/1.1" 200 10783 "-" "Dart/2.16 (dart:io)"
110.44.123.47 - - [17/May/2023:06:53:57 +0545] "GET /uploads/Oa_users/Dipeshlama629d7e479ac01_profile.jpg HTTP/1.1" 200 30675 "-" "Dart/2.16 (dart:io)"
110.44.123.47 - - [17/May/2023:06:53:57 +0545] "GET /uploads/funFact/at-symbol-e1575232248910.jpg HTTP/1.1" 200 38449 "-" "Dart/2.16 (dart:io)"
110.44.123.47 - - [17/May/2023:06:53:57 +0545] "GET /uploads/Oa_users/SunilGamal5ce58bc2681ce_profile.jpg HTTP/1.1" 200 39418 "-" "Dart/2.16 (dart:io)"
110.44.123.47 - - [17/May/2023:06:53:57 +0545] "GET /api/v1/leave-calender? HTTP/1.1" 200 5321 "-" "Dart/2.16 (dart:io)"
110.44.123.47 - - [17/May/2023:06:53:57 +0545] "GET /uploads/snack/Friedrice_snack.jpg HTTP/1.1" 200 431489 "-" "Dart/2.16 (dart:io)"
110.44.123.47 - - [17/May/2023:06:53:57 +0545] "GET /uploads/feed/2023-05-12-04-00-59-image_picker_compress_fcc309f3-ba9f-40f4-a554-79a4bc28a196.jpg HTTP/1.1" 200 196457 "-" "Dart/2.16 (dart:io)"
110.44.123.47 - - [17/May/2023:06:53:57 +0545] "GET /uploads/snack/KeemaNaan_snack.jpeg HTTP/1.1" 200 462382 "-" "Dart/2.16 (dart:io)"
110.44.123.47 - - [17/May/2023:06:53:57 +0545] "GET /uploads/snack/Shapale&achar_snack.jpg HTTP/1.1" 200 462926 "-" "Dart/2.16 (dart:io)"
110.44.123.47 - - [17/May/2023:06:53:58 +0545] "GET /api/v1/projects?page=1&status=In+Progress HTTP/1.1" 200 8881 "-" "Dart/2.16 (dart:io)"
110.44.123.47 - - [17/May/2023:06:53:57 +0545] "GET /uploads/snack/CholaBhatura_snack.jpg HTTP/1.1" 200 932358 "-" "Dart/2.16 (dart:io)"
110.44.123.47 - - [17/May/2023:06:53:58 +0545] "GET /uploads/Oa_users/PujanMaharjan6191dd2ab172d_profile.jpg HTTP/1.1" 200 34223 "-" "Dart/2.16 (dart:io)"
110.44.123.47 - - [17/May/2023:06:53:58 +0545] "GET /uploads/Oa_users/KritikaPandey6020bf5dd246f_profile.jpg HTTP/1.1" 200 49860 "-" "Dart/2.16 (dart:io)"
110.44.123.47 - - [17/May/2023:06:53:58 +0545] "GET /uploads/Oa_users/BhumikaRegmi62177d23a42ef_profile.jpg HTTP/1.1" 200 48841 "-" "Dart/2.16 (dart:io)"
110.44.123.47 - - [17/May/2023:06:53:58 +0545] "GET /uploads/Oa_users/PrajwalMaharjan5cd15e08c3797_profile.jpg HTTP/1.1" 200 49616 "-" "Dart/2.16 (dart:io)"
188.166.249.235 - - [17/May/2023:06:54:02 +0545] "GET /api/v1/leave?from_date=2023-05-16&to_date=2023-05-16 HTTP/1.0" 200 5950 "-" "-"
188.166.249.235 - - [17/May/2023:06:54:02 +0545] "GET /api/v1/profiles?apikey=LYlCVppaglroXNP5Hs1VvHBerXQGsTKCco6ioQSRruR4jFSEw2 HTTP/1.1" 200 313344 "-" "GuzzleHttp/6.5.5 curl/7.47.0 PHP/7.2.34-18+ubuntu16.04.1+deb.sury.org+1"
110.44.123.47 - - [17/May/2023:06:54:02 +0545] "GET /api/v1/my-attendance?month HTTP/1.1" 200 6550 "-" "Dart/2.16 (dart:io)"
110.44.123.47 - - [17/May/2023:06:54:09 +0545] "GET /api/v1/mobile-checkin? HTTP/1.1" 200 5202 "-" "Dart/2.16 (dart:io)"
110.44.123.47 - - [17/May/2023:06:54:10 +0545] "GET /api/v1/my-attendance?month=2080-2 HTTP/1.1" 200 6689 "-" "Dart/2.16 (dart:io)"
128.199.116.13 - - [17/May/2023:06:54:15 +0545] "GET /api/v1/profiles?apikey=LYlCVppaglroXNP5Hs1VvHBerXQGsTKCco6ioQSRruR4jFSEw2 HTTP/1.0" 200 313571 "-" "-"
110.44.123.47 - - [17/May/2023:06:54:16 +0545] "GET /api/v1/profiles?apikey=LYlCVppaglroXNP5Hs1VvHBerXQGsTKCco6ioQSRruR4jFSEw2 HTTP/1.1" 200 313524 "-" "python-requests/2.21.0"
110.44.123.47 - - [17/May/2023:06:54:26 +0545] "GET / HTTP/1.1" 200 6846 "-" "Mozilla/5.0 (iPhone; CPU iPhone OS 16_0 like Mac OS X) AppleWebKit/605.1.15 (KHTML, like Gecko) Version/16.0 Mobile/15E148 Safari/604.1"
110.44.123.47 - - [17/May/2023:06:54:26 +0545] "GET /fast.fonts.net/cssapi/175a63a1-3f26-476a-ab32-4e21cbdb8be2.css HTTP/1.1" 404 2283 "https://oa.ekbana.info/" "Mozilla/5.0 (iPhone; CPU iPhone OS 16_0 like Mac OS X) AppleWebKit/605.1.15 (KHTML, like Gecko) Version/16.0 Mobile/15E148 Safari/604.1"
110.44.123.47 - - [17/May/2023:06:54:26 +0545] "GET /frontend/bower_components/select2/dist/css/select2.min.css HTTP/1.1" 200 6933 "https://oa.ekbana.info/" "Mozilla/5.0 (iPhone; CPU iPhone OS 16_0 like Mac OS X) AppleWebKit/605.1.15 (KHTML, like Gecko) Version/16.0 Mobile/15E148 Safari/604.1"
110.44.123.47 - - [17/May/2023:06:54:26 +0545] "GET /frontend/bower_components/fullcalendar/dist/fullcalendar.min.css HTTP/1.1" 200 8490 "https://oa.ekbana.info/" "Mozilla/5.0 (iPhone; CPU iPhone OS 16_0 like Mac OS X) AppleWebKit/605.1.15 (KHTML, like Gecko) Version/16.0 Mobile/15E148 Safari/604.1"
110.44.123.47 - - [17/May/2023:06:54:26 +0545] "GET /frontend/bower_components/datatables.net-bs/css/dataTables.bootstrap.min.css HTTP/1.1" 200 5880 "https://oa.ekbana.info/" "Mozilla/5.0 (iPhone; CPU iPhone OS 16_0 like Mac OS X) AppleWebKit/605.1.15 (KHTML, like Gecko) Version/16.0 Mobile/15E148 Safari/604.1"
110.44.123.47 - - [17/May/2023:06:54:26 +0545] "GET /frontend/bower_components/dropzone/dist/dropzone.css HTTP/1.1" 200 6708 "https://oa.ekbana.info/" "Mozilla/5.0 (iPhone; CPU iPhone OS 16_0 like Mac OS X) AppleWebKit/605.1.15 (KHTML, like Gecko) Version/16.0 Mobile/15E148 Safari/604.1"
110.44.123.47 - - [17/May/2023:06:54:26 +0545] "GET /frontend/bower_components/perfect-scrollbar/css/perfect-scrollbar.min.css HTTP/1.1" 200 5547 "https://oa.ekbana.info/" "Mozilla/5.0 (iPhone; CPU iPhone OS 16_0 like Mac OS X) AppleWebKit/605.1.15 (KHTML, like Gecko) Version/16.0 Mobile/15E148 Safari/604.1"
110.44.123.47 - - [17/May/2023:06:54:26 +0545] "GET /frontend/css/mainc599.css?version=3.3 HTTP/1.1" 200 73487 "https://oa.ekbana.info/" "Mozilla/5.0 (iPhone; CPU iPhone OS 16_0 like Mac OS X) AppleWebKit/605.1.15 (KHTML, like Gecko) Version/16.0 Mobile/15E148 Safari/604.1"
110.44.123.47 - - [17/May/2023:06:54:27 +0545] "GET /frontend/bower_components/bootstrap-daterangepicker/daterangepicker.css HTTP/1.1" 200 6548 "https://oa.ekbana.info/" "Mozilla/5.0 (iPhone; CPU iPhone OS 16_0 like Mac OS X) AppleWebKit/605.1.15 (KHTML, like Gecko) Version/16.0 Mobile/15E148 Safari/604.1"
110.44.123.47 - - [17/May/2023:06:54:27 +0545] "GET /frontend/img/logo.png HTTP/1.1" 200 2313 "https://oa.ekbana.info/" "Mozilla/5.0 (iPhone; CPU iPhone OS 16_0 like Mac OS X) AppleWebKit/605.1.15 (KHTML, like Gecko) Version/16.0 Mobile/15E148 Safari/604.1"
110.44.123.47 - - [17/May/2023:06:54:29 +0545] "GET /frontend/img/bg-pattern2.png HTTP/1.1" 200 4164 "https://oa.ekbana.info/" "Mozilla/5.0 (iPhone; CPU iPhone OS 16_0 like Mac OS X) AppleWebKit/605.1.15 (KHTML, like Gecko) Version/16.0 Mobile/15E148 Safari/604.1"
110.44.123.47 - - [17/May/2023:06:54:29 +0545] "GET /frontend/img/favicon.png HTTP/1.1" 200 1856 "https://oa.ekbana.info/" "Mozilla/5.0 (iPhone; CPU iPhone OS 16_0 like Mac OS X) AppleWebKit/605.1.15 (KHTML, like Gecko) Version/16.0 Mobile/15E148 Safari/604.1"
110.44.123.47 - - [17/May/2023:06:54:38 +0545] "POST /login HTTP/1.1" 302 1586 "https://oa.ekbana.info/" "Mozilla/5.0 (iPhone; CPU iPhone OS 16_0 like Mac OS X) AppleWebKit/605.1.15 (KHTML, like Gecko) Version/16.0 Mobile/15E148 Safari/604.1"
110.44.123.47 - - [17/May/2023:06:54:39 +0545] "GET /dashboard HTTP/1.1" 200 10216 "https://oa.ekbana.info/" "Mozilla/5.0 (iPhone; CPU iPhone OS 16_0 like Mac OS X) AppleWebKit/605.1.15 (KHTML, like Gecko) Version/16.0 Mobile/15E148 Safari/604.1"
110.44.123.47 - - [17/May/2023:06:54:39 +0545] "GET /css/birthday.css HTTP/1.1" 200 1371 "https://oa.ekbana.info/dashboard" "Mozilla/5.0 (iPhone; CPU iPhone OS 16_0 like Mac OS X) AppleWebKit/605.1.15 (KHTML, like Gecko) Version/16.0 Mobile/15E148 Safari/604.1"
110.44.123.47 - - [17/May/2023:06:54:39 +0545] "GET /backend/icons/fontawesome/fontawesome.css HTTP/1.1" 200 5001 "https://oa.ekbana.info/dashboard" "Mozilla/5.0 (iPhone; CPU iPhone OS 16_0 like Mac OS X) AppleWebKit/605.1.15 (KHTML, like Gecko) Version/16.0 Mobile/15E148 Safari/604.1"
110.44.123.47 - - [17/May/2023:06:54:40 +0545] "GET /backend/widgets/dropdown/dropdown.css HTTP/1.1" 200 1634 "https://oa.ekbana.info/dashboard" "Mozilla/5.0 (iPhone; CPU iPhone OS 16_0 like Mac OS X) AppleWebKit/605.1.15 (KHTML, like Gecko) Version/16.0 Mobile/15E148 Safari/604.1"
110.44.123.47 - - [17/May/2023:06:54:40 +0545] "GET /frontend/icon_fonts_assets/font-awesome/css/font-awesome.min.css HTTP/1.1" 200 7499 "https://oa.ekbana.info/dashboard" "Mozilla/5.0 (iPhone; CPU iPhone OS 16_0 like Mac OS X) AppleWebKit/605.1.15 (KHTML, like Gecko) Version/16.0 Mobile/15E148 Safari/604.1"
110.44.123.47 - - [17/May/2023:06:54:40 +0545] "GET /frontend/icon_fonts_assets/picons-thin/style.css HTTP/1.1" 200 15553 "https://oa.ekbana.info/dashboard" "Mozilla/5.0 (iPhone; CPU iPhone OS 16_0 like Mac OS X) AppleWebKit/605.1.15 (KHTML, like Gecko) Version/16.0 Mobile/15E148 Safari/604.1"
110.44.123.47 - - [17/May/2023:06:54:40 +0545] "GET /backend/helpers/utils.css HTTP/1.1" 200 8290 "https://oa.ekbana.info/dashboard" "Mozilla/5.0 (iPhone; CPU iPhone OS 16_0 like Mac OS X) AppleWebKit/605.1.15 (KHTML, like Gecko) Version/16.0 Mobile/15E148 Safari/604.1"
110.44.123.47 - - [17/May/2023:06:54:40 +0545] "GET /frontend/icon_fonts_assets/themefy/themify-icons.css HTTP/1.1" 200 7958 "https://oa.ekbana.info/dashboard" "Mozilla/5.0 (iPhone; CPU iPhone OS 16_0 like Mac OS X) AppleWebKit/605.1.15 (KHTML, like Gecko) Version/16.0 Mobile/15E148 Safari/604.1"
110.44.123.47 - - [17/May/2023:06:54:40 +0545] "GET /frontend/icon_fonts_assets/typicons/typicons.css HTTP/1.1" 200 8949 "https://oa.ekbana.info/dashboard" "Mozilla/5.0 (iPhone; CPU iPhone OS 16_0 like Mac OS X) AppleWebKit/605.1.15 (KHTML, like Gecko) Version/16.0 Mobile/15E148 Safari/604.1"
110.44.123.47 - - [17/May/2023:06:54:40 +0545] "GET /frontend/icon_fonts_assets/simple-line-icons/css/simple-line-icons.css HTTP/1.1" 200 7698 "https://oa.ekbana.info/dashboard" "Mozilla/5.0 (iPhone; CPU iPhone OS 16_0 like Mac OS X) AppleWebKit/605.1.15 (KHTML, like Gecko) Version/16.0 Mobile/15E148 Safari/604.1"
110.44.123.47 - - [17/May/2023:06:54:40 +0545] "GET /fonts/fonts.css HTTP/1.1" 200 677 "https://oa.ekbana.info/dashboard" "Mozilla/5.0 (iPhone; CPU iPhone OS 16_0 like Mac OS X) AppleWebKit/605.1.15 (KHTML, like Gecko) Version/16.0 Mobile/15E148 Safari/604.1"
110.44.123.47 - - [17/May/2023:06:54:40 +0545] "GET /css/learningStyles.css HTTP/1.1" 200 5595 "https://oa.ekbana.info/dashboard" "Mozilla/5.0 (iPhone; CPU iPhone OS 16_0 like Mac OS X) AppleWebKit/605.1.15 (KHTML, like Gecko) Version/16.0 Mobile/15E148 Safari/604.1"
110.44.123.47 - - [17/May/2023:06:54:40 +0545] "GET /frontend/bower_components/jquery/dist/jquery.min.js HTTP/1.1" 200 30679 "https://oa.ekbana.info/dashboard" "Mozilla/5.0 (iPhone; CPU iPhone OS 16_0 like Mac OS X) AppleWebKit/605.1.15 (KHTML, like Gecko) Version/16.0 Mobile/15E148 Safari/604.1"
110.44.123.47 - - [17/May/2023:06:54:40 +0545] "GET /frontend/bower_components/moment/moment.js HTTP/1.1" 200 31882 "https://oa.ekbana.info/dashboard" "Mozilla/5.0 (iPhone; CPU iPhone OS 16_0 like Mac OS X) AppleWebKit/605.1.15 (KHTML, like Gecko) Version/16.0 Mobile/15E148 Safari/604.1"
110.44.123.47 - - [17/May/2023:06:54:40 +0545] "GET /backend/js-core/jquery-core.js HTTP/1.1" 200 92376 "https://oa.ekbana.info/dashboard" "Mozilla/5.0 (iPhone; CPU iPhone OS 16_0 like Mac OS X) AppleWebKit/605.1.15 (KHTML, like Gecko) Version/16.0 Mobile/15E148 Safari/604.1"
110.44.123.47 - - [17/May/2023:06:54:40 +0545] "GET /frontend/bower_components/chart.js/dist/Chart.min.js HTTP/1.1" 200 44225 "https://oa.ekbana.info/dashboard" "Mozilla/5.0 (iPhone; CPU iPhone OS 16_0 like Mac OS X) AppleWebKit/605.1.15 (KHTML, like Gecko) Version/16.0 Mobile/15E148 Safari/604.1"
110.44.123.47 - - [17/May/2023:06:54:40 +0545] "GET /frontend/bower_components/select2/dist/js/select2.full.min.js HTTP/1.1" 200 21717 "https://oa.ekbana.info/dashboard" "Mozilla/5.0 (iPhone; CPU iPhone OS 16_0 like Mac OS X) AppleWebKit/605.1.15 (KHTML, like Gecko) Version/16.0 Mobile/15E148 Safari/604.1"
110.44.123.47 - - [17/May/2023:06:54:40 +0545] "GET /frontend/bower_components/bootstrap-validator/dist/validator.min.js HTTP/1.1" 200 3033 "https://oa.ekbana.info/dashboard" "Mozilla/5.0 (iPhone; CPU iPhone OS 16_0 like Mac OS X) AppleWebKit/605.1.15 (KHTML, like Gecko) Version/16.0 Mobile/15E148 Safari/604.1"
110.44.123.47 - - [17/May/2023:06:54:40 +0545] "GET /frontend/bower_components/bootstrap-daterangepicker/daterangepicker.js HTTP/1.1" 200 12488 "https://oa.ekbana.info/dashboard" "Mozilla/5.0 (iPhone; CPU iPhone OS 16_0 like Mac OS X) AppleWebKit/605.1.15 (KHTML, like Gecko) Version/16.0 Mobile/15E148 Safari/604.1"
110.44.123.47 - - [17/May/2023:06:54:40 +0545] "GET /frontend/bower_components/dropzone/dist/dropzone.js HTTP/1.1" 200 14690 "https://oa.ekbana.info/dashboard" "Mozilla/5.0 (iPhone; CPU iPhone OS 16_0 like Mac OS X) AppleWebKit/605.1.15 (KHTML, like Gecko) Version/16.0 Mobile/15E148 Safari/604.1"
110.44.123.47 - - [17/May/2023:06:54:40 +0545] "GET /frontend/bower_components/editable-table/mindmup-editabletable.js HTTP/1.1" 200 1655 "https://oa.ekbana.info/dashboard" "Mozilla/5.0 (iPhone; CPU iPhone OS 16_0 like Mac OS X) AppleWebKit/605.1.15 (KHTML, like Gecko) Version/16.0 Mobile/15E148 Safari/604.1"
110.44.123.47 - - [17/May/2023:06:54:40 +0545] "GET /frontend/bower_components/ckeditor/ckeditor.js HTTP/1.1" 200 169584 "https://oa.ekbana.info/dashboard" "Mozilla/5.0 (iPhone; CPU iPhone OS 16_0 like Mac OS X) AppleWebKit/605.1.15 (KHTML, like Gecko) Version/16.0 Mobile/15E148 Safari/604.1"
110.44.123.47 - - [17/May/2023:06:54:40 +0545] "GET /frontend/bower_components/datatables.net/js/jquery.dataTables.min.js HTTP/1.1" 200 28794 "https://oa.ekbana.info/dashboard" "Mozilla/5.0 (iPhone; CPU iPhone OS 16_0 like Mac OS X) AppleWebKit/605.1.15 (KHTML, like Gecko) Version/16.0 Mobile/15E148 Safari/604.1"
110.44.123.47 - - [17/May/2023:06:54:40 +0545] "GET /frontend/bower_components/datatables.net-bs/js/dataTables.bootstrap.min.js HTTP/1.1" 200 1485 "https://oa.ekbana.info/dashboard" "Mozilla/5.0 (iPhone; CPU iPhone OS 16_0 like Mac OS X) AppleWebKit/605.1.15 (KHTML, like Gecko) Version/16.0 Mobile/15E148 Safari/604.1"
110.44.123.47 - - [17/May/2023:06:54:40 +0545] "GET /frontend/bower_components/fullcalendar/dist/fullcalendar.min.js HTTP/1.1" 200 40966 "https://oa.ekbana.info/dashboard" "Mozilla/5.0 (iPhone; CPU iPhone OS 16_0 like Mac OS X) AppleWebKit/605.1.15 (KHTML, like Gecko) Version/16.0 Mobile/15E148 Safari/604.1"
110.44.123.47 - - [17/May/2023:06:54:40 +0545] "GET /frontend/bower_components/perfect-scrollbar/js/perfect-scrollbar.jquery.min.js HTTP/1.1" 200 7004 "https://oa.ekbana.info/dashboard" "Mozilla/5.0 (iPhone; CPU iPhone OS 16_0 like Mac OS X) AppleWebKit/605.1.15 (KHTML, like Gecko) Version/16.0 Mobile/15E148 Safari/604.1"
110.44.123.47 - - [17/May/2023:06:54:40 +0545] "GET /frontend/bower_components/tether/dist/js/tether.min.js HTTP/1.1" 200 7971 "https://oa.ekbana.info/dashboard" "Mozilla/5.0 (iPhone; CPU iPhone OS 16_0 like Mac OS X) AppleWebKit/605.1.15 (KHTML, like Gecko) Version/16.0 Mobile/15E148 Safari/604.1"
110.44.123.47 - - [17/May/2023:06:54:40 +0545] "GET /frontend/bower_components/bootstrap/js/dist/util.js HTTP/1.1" 200 1850 "https://oa.ekbana.info/dashboard" "Mozilla/5.0 (iPhone; CPU iPhone OS 16_0 like Mac OS X) AppleWebKit/605.1.15 (KHTML, like Gecko) Version/16.0 Mobile/15E148 Safari/604.1"
110.44.123.47 - - [17/May/2023:06:54:40 +0545] "GET /frontend/bower_components/bootstrap/js/dist/alert.js HTTP/1.1" 200 1952 "https://oa.ekbana.info/dashboard" "Mozilla/5.0 (iPhone; CPU iPhone OS 16_0 like Mac OS X) AppleWebKit/605.1.15 (KHTML, like Gecko) Version/16.0 Mobile/15E148 Safari/604.1"
110.44.123.47 - - [17/May/2023:06:54:40 +0545] "GET /frontend/bower_components/bootstrap/js/dist/carousel.js HTTP/1.1" 200 4035 "https://oa.ekbana.info/dashboard" "Mozilla/5.0 (iPhone; CPU iPhone OS 16_0 like Mac OS X) AppleWebKit/605.1.15 (KHTML, like Gecko) Version/16.0 Mobile/15E148 Safari/604.1"
110.44.123.47 - - [17/May/2023:06:54:40 +0545] "GET /frontend/bower_components/bootstrap/js/dist/collapse.js HTTP/1.1" 200 3170 "https://oa.ekbana.info/dashboard" "Mozilla/5.0 (iPhone; CPU iPhone OS 16_0 like Mac OS X) AppleWebKit/605.1.15 (KHTML, like Gecko) Version/16.0 Mobile/15E148 Safari/604.1"
110.44.123.47 - - [17/May/2023:06:54:40 +0545] "GET /frontend/bower_components/bootstrap/js/dist/dropdown.js HTTP/1.1" 200 2978 "https://oa.ekbana.info/dashboard" "Mozilla/5.0 (iPhone; CPU iPhone OS 16_0 like Mac OS X) AppleWebKit/605.1.15 (KHTML, like Gecko) Version/16.0 Mobile/15E148 Safari/604.1"
110.44.123.47 - - [17/May/2023:06:54:40 +0545] "GET /frontend/bower_components/bootstrap/js/dist/modal.js HTTP/1.1" 200 4383 "https://oa.ekbana.info/dashboard" "Mozilla/5.0 (iPhone; CPU iPhone OS 16_0 like Mac OS X) AppleWebKit/605.1.15 (KHTML, like Gecko) Version/16.0 Mobile/15E148 Safari/604.1"
110.44.123.47 - - [17/May/2023:06:54:40 +0545] "GET /frontend/bower_components/bootstrap/js/dist/tab.js HTTP/1.1" 200 2609 "https://oa.ekbana.info/dashboard" "Mozilla/5.0 (iPhone; CPU iPhone OS 16_0 like Mac OS X) AppleWebKit/605.1.15 (KHTML, like Gecko) Version/16.0 Mobile/15E148 Safari/604.1"
110.44.123.47 - - [17/May/2023:06:54:40 +0545] "GET /frontend/bower_components/bootstrap/js/dist/tooltip.js HTTP/1.1" 200 4697 "https://oa.ekbana.info/dashboard" "Mozilla/5.0 (iPhone; CPU iPhone OS 16_0 like Mac OS X) AppleWebKit/605.1.15 (KHTML, like Gecko) Version/16.0 Mobile/15E148 Safari/604.1"
110.44.123.47 - - [17/May/2023:06:54:40 +0545] "GET /frontend/bower_components/bootstrap/js/dist/popover.js HTTP/1.1" 200 2434 "https://oa.ekbana.info/dashboard" "Mozilla/5.0 (iPhone; CPU iPhone OS 16_0 like Mac OS X) AppleWebKit/605.1.15 (KHTML, like Gecko) Version/16.0 Mobile/15E148 Safari/604.1"
110.44.123.47 - - [17/May/2023:06:54:40 +0545] "GET /frontend/js/dataTables.bootstrap4.min.js HTTP/1.1" 200 1520 "https://oa.ekbana.info/dashboard" "Mozilla/5.0 (iPhone; CPU iPhone OS 16_0 like Mac OS X) AppleWebKit/605.1.15 (KHTML, like Gecko) Version/16.0 Mobile/15E148 Safari/604.1"
